=== Sanity check: best config [linear] ===
Job started at: Mon Apr 20 02:18:33 EDT 2026
Running on node: hpc-m36-4-8.local
Job ID: 11920049
Head type    : linear
Cancer       : BRCA | bio_dim: 4 | lambda_bio: 0.1
Bio anchor   : data/bio_anchors/bio_anchors_BRCA_combo_3plus_apoptosis_score.csv
Cluster num  : 5
Epochs       : 600
[dataloader] Loaded bio-anchors from data/bio_anchors/bio_anchors_BRCA_combo_3plus_apoptosis_score.csv: torch.Size([1031, 4])
Device       : cpu
Model params : 73,946,937
Epoch [0/600] Step [0/17] Loss: 7.1429 Bio: 1.0738
Epoch [0/600] Total Loss: 118.9270
Epoch [1/600] Step [0/17] Loss: 7.1288 Bio: 1.0247
Epoch [1/600] Total Loss: 118.9908
Epoch [2/600] Step [0/17] Loss: 7.1514 Bio: 1.1724
Epoch [2/600] Total Loss: 119.0244
Epoch [3/600] Step [0/17] Loss: 7.1377 Bio: 1.0417
Epoch [3/600] Total Loss: 119.0057
Epoch [4/600] Step [0/17] Loss: 7.1293 Bio: 0.9595
Epoch [4/600] Total Loss: 118.9810
Epoch [5/600] Step [0/17] Loss: 7.1380 Bio: 1.0515
Epoch [5/600] Total Loss: 118.0637
Epoch [6/600] Step [0/17] Loss: 6.9455 Bio: 0.8371
Epoch [6/600] Total Loss: 118.3044
Epoch [7/600] Step [0/17] Loss: 7.1340 Bio: 0.9333
Epoch [7/600] Total Loss: 118.0178
Epoch [8/600] Step [0/17] Loss: 7.0117 Bio: 1.0075
Epoch [8/600] Total Loss: 112.8640
Epoch [9/600] Step [0/17] Loss: 7.1128 Bio: 0.9017
Epoch [9/600] Total Loss: 112.5974
Epoch [10/600] Step [0/17] Loss: 6.9334 Bio: 0.9975
Epoch [10/600] Total Loss: 111.4099
Epoch [11/600] Step [0/17] Loss: 6.5796 Bio: 1.2933
Epoch [11/600] Total Loss: 111.5316
Epoch [12/600] Step [0/17] Loss: 6.5939 Bio: 0.9167
Epoch [12/600] Total Loss: 110.5733
Epoch [13/600] Step [0/17] Loss: 6.4751 Bio: 0.9534
Epoch [13/600] Total Loss: 109.5926
Epoch [14/600] Step [0/17] Loss: 6.7250 Bio: 1.0157
Epoch [14/600] Total Loss: 109.8031
Epoch [15/600] Step [0/17] Loss: 6.5271 Bio: 1.0762
Epoch [15/600] Total Loss: 110.5239
Epoch [16/600] Step [0/17] Loss: 6.5067 Bio: 1.0058
Epoch [16/600] Total Loss: 110.8705
Epoch [17/600] Step [0/17] Loss: 6.4494 Bio: 1.1297
Epoch [17/600] Total Loss: 107.7071
Epoch [18/600] Step [0/17] Loss: 6.3320 Bio: 1.0348
Epoch [18/600] Total Loss: 108.7996
Epoch [19/600] Step [0/17] Loss: 6.4025 Bio: 1.0398
Epoch [19/600] Total Loss: 108.6897
Epoch [20/600] Step [0/17] Loss: 6.4095 Bio: 0.8986
Epoch [20/600] Total Loss: 107.7121
Epoch [21/600] Step [0/17] Loss: 6.4316 Bio: 1.1185
Epoch [21/600] Total Loss: 106.6423
Epoch [22/600] Step [0/17] Loss: 6.3239 Bio: 1.0708
Epoch [22/600] Total Loss: 107.4081
Epoch [23/600] Step [0/17] Loss: 6.2883 Bio: 1.0182
Epoch [23/600] Total Loss: 107.9692
Epoch [24/600] Step [0/17] Loss: 6.8659 Bio: 1.2008
Epoch [24/600] Total Loss: 107.7374
Epoch [25/600] Step [0/17] Loss: 6.3681 Bio: 1.0381
Epoch [25/600] Total Loss: 106.4177
Epoch [26/600] Step [0/17] Loss: 6.6608 Bio: 1.0236
Epoch [26/600] Total Loss: 107.7119
Epoch [27/600] Step [0/17] Loss: 6.4414 Bio: 1.1973
Epoch [27/600] Total Loss: 105.5853
Epoch [28/600] Step [0/17] Loss: 6.3598 Bio: 0.8360
Epoch [28/600] Total Loss: 106.2790
Epoch [29/600] Step [0/17] Loss: 6.4117 Bio: 1.1193
Epoch [29/600] Total Loss: 106.1452
Epoch [30/600] Step [0/17] Loss: 6.4101 Bio: 0.8989
Epoch [30/600] Total Loss: 106.3357
Epoch [31/600] Step [0/17] Loss: 6.0805 Bio: 0.9428
Epoch [31/600] Total Loss: 105.7712
Epoch [32/600] Step [0/17] Loss: 6.1121 Bio: 1.1401
Epoch [32/600] Total Loss: 104.6537
Epoch [33/600] Step [0/17] Loss: 6.1305 Bio: 0.9344
Epoch [33/600] Total Loss: 104.8931
Epoch [34/600] Step [0/17] Loss: 6.4883 Bio: 0.9666
Epoch [34/600] Total Loss: 104.4471
Epoch [35/600] Step [0/17] Loss: 6.1299 Bio: 0.9634
Epoch [35/600] Total Loss: 103.9590
Epoch [36/600] Step [0/17] Loss: 6.3553 Bio: 1.1360
Epoch [36/600] Total Loss: 107.1334
Epoch [37/600] Step [0/17] Loss: 6.1498 Bio: 0.9282
Epoch [37/600] Total Loss: 105.5256
Epoch [38/600] Step [0/17] Loss: 6.3487 Bio: 0.9530
Epoch [38/600] Total Loss: 105.2600
Epoch [39/600] Step [0/17] Loss: 6.1938 Bio: 1.0612
Epoch [39/600] Total Loss: 103.9307
Epoch [40/600] Step [0/17] Loss: 6.2792 Bio: 1.0717
Epoch [40/600] Total Loss: 104.0441
Epoch [41/600] Step [0/17] Loss: 6.2706 Bio: 1.0540
Epoch [41/600] Total Loss: 104.9281
Epoch [42/600] Step [0/17] Loss: 6.3358 Bio: 0.9837
Epoch [42/600] Total Loss: 103.5035
Epoch [43/600] Step [0/17] Loss: 6.4337 Bio: 0.9314
Epoch [43/600] Total Loss: 104.2990
Epoch [44/600] Step [0/17] Loss: 6.3248 Bio: 1.0573
Epoch [44/600] Total Loss: 104.3083
Epoch [45/600] Step [0/17] Loss: 6.4017 Bio: 1.1106
Epoch [45/600] Total Loss: 104.9035
Epoch [46/600] Step [0/17] Loss: 6.2115 Bio: 0.9056
Epoch [46/600] Total Loss: 105.2305
Epoch [47/600] Step [0/17] Loss: 6.0756 Bio: 0.9855
Epoch [47/600] Total Loss: 104.3996
Epoch [48/600] Step [0/17] Loss: 6.4930 Bio: 1.0946
Epoch [48/600] Total Loss: 103.7179
Epoch [49/600] Step [0/17] Loss: 6.3993 Bio: 1.1649
Epoch [49/600] Total Loss: 104.0703
Epoch [50/600] Step [0/17] Loss: 6.1173 Bio: 1.0448
Epoch [50/600] Total Loss: 105.0040
Epoch [51/600] Step [0/17] Loss: 6.2450 Bio: 1.0922
Epoch [51/600] Total Loss: 103.5596
Epoch [52/600] Step [0/17] Loss: 6.1988 Bio: 0.9827
Epoch [52/600] Total Loss: 104.0102
Epoch [53/600] Step [0/17] Loss: 6.2405 Bio: 1.1082
Epoch [53/600] Total Loss: 103.8330
Epoch [54/600] Step [0/17] Loss: 6.2130 Bio: 0.9727
Epoch [54/600] Total Loss: 103.6512
Epoch [55/600] Step [0/17] Loss: 6.0472 Bio: 0.7950
Epoch [55/600] Total Loss: 103.5279
Epoch [56/600] Step [0/17] Loss: 6.0442 Bio: 1.0972
Epoch [56/600] Total Loss: 103.3732
Epoch [57/600] Step [0/17] Loss: 6.2072 Bio: 0.9783
Epoch [57/600] Total Loss: 103.7716
Epoch [58/600] Step [0/17] Loss: 5.9624 Bio: 0.9930
Epoch [58/600] Total Loss: 102.4769
Epoch [59/600] Step [0/17] Loss: 6.2909 Bio: 0.9125
Epoch [59/600] Total Loss: 102.6098
Epoch [60/600] Step [0/17] Loss: 6.0889 Bio: 1.3435
Epoch [60/600] Total Loss: 103.9938
Epoch [61/600] Step [0/17] Loss: 5.9633 Bio: 1.0141
Epoch [61/600] Total Loss: 102.5604
Epoch [62/600] Step [0/17] Loss: 6.1310 Bio: 1.0072
Epoch [62/600] Total Loss: 102.0670
Epoch [63/600] Step [0/17] Loss: 6.4168 Bio: 0.9303
Epoch [63/600] Total Loss: 103.4100
Epoch [64/600] Step [0/17] Loss: 6.1060 Bio: 0.9537
Epoch [64/600] Total Loss: 102.3085
Epoch [65/600] Step [0/17] Loss: 6.2228 Bio: 1.0908
Epoch [65/600] Total Loss: 103.0122
Epoch [66/600] Step [0/17] Loss: 6.1971 Bio: 0.9105
Epoch [66/600] Total Loss: 103.0262
Epoch [67/600] Step [0/17] Loss: 6.1058 Bio: 0.9364
Epoch [67/600] Total Loss: 102.7713
Epoch [68/600] Step [0/17] Loss: 5.9783 Bio: 1.0725
Epoch [68/600] Total Loss: 101.3718
Epoch [69/600] Step [0/17] Loss: 6.0799 Bio: 0.9038
Epoch [69/600] Total Loss: 103.1135
Epoch [70/600] Step [0/17] Loss: 6.0800 Bio: 0.8636
Epoch [70/600] Total Loss: 101.5898
Epoch [71/600] Step [0/17] Loss: 6.0831 Bio: 0.8651
Epoch [71/600] Total Loss: 100.0828
Epoch [72/600] Step [0/17] Loss: 6.1492 Bio: 0.9358
Epoch [72/600] Total Loss: 101.5491
Epoch [73/600] Step [0/17] Loss: 6.0165 Bio: 0.9603
Epoch [73/600] Total Loss: 101.3152
Epoch [74/600] Step [0/17] Loss: 6.1363 Bio: 0.9083
Epoch [74/600] Total Loss: 101.1718
Epoch [75/600] Step [0/17] Loss: 5.9966 Bio: 0.9922
Epoch [75/600] Total Loss: 100.8463
Epoch [76/600] Step [0/17] Loss: 6.1593 Bio: 1.0734
Epoch [76/600] Total Loss: 101.8540
Epoch [77/600] Step [0/17] Loss: 6.0286 Bio: 0.9055
Epoch [77/600] Total Loss: 101.1818
Epoch [78/600] Step [0/17] Loss: 6.2243 Bio: 1.1227
Epoch [78/600] Total Loss: 101.4693
Epoch [79/600] Step [0/17] Loss: 5.7012 Bio: 1.0231
Epoch [79/600] Total Loss: 100.8561
Epoch [80/600] Step [0/17] Loss: 5.8481 Bio: 1.0486
Epoch [80/600] Total Loss: 102.0666
Epoch [81/600] Step [0/17] Loss: 6.1910 Bio: 1.0716
Epoch [81/600] Total Loss: 101.0599
Epoch [82/600] Step [0/17] Loss: 6.0571 Bio: 0.9199
Epoch [82/600] Total Loss: 100.3900
Epoch [83/600] Step [0/17] Loss: 6.2543 Bio: 0.9069
Epoch [83/600] Total Loss: 100.7303
Epoch [84/600] Step [0/17] Loss: 6.1715 Bio: 0.7706
Epoch [84/600] Total Loss: 101.0256
Epoch [85/600] Step [0/17] Loss: 5.9924 Bio: 1.0304
Epoch [85/600] Total Loss: 100.2632
Epoch [86/600] Step [0/17] Loss: 6.0709 Bio: 0.9272
Epoch [86/600] Total Loss: 102.5009
Epoch [87/600] Step [0/17] Loss: 5.9721 Bio: 0.8464
Epoch [87/600] Total Loss: 99.3958
Epoch [88/600] Step [0/17] Loss: 6.0229 Bio: 0.9278
Epoch [88/600] Total Loss: 99.5221
Epoch [89/600] Step [0/17] Loss: 5.8906 Bio: 0.8958
Epoch [89/600] Total Loss: 99.7084
Epoch [90/600] Step [0/17] Loss: 5.8884 Bio: 0.9072
Epoch [90/600] Total Loss: 98.7798
Epoch [91/600] Step [0/17] Loss: 5.6403 Bio: 0.9576
Epoch [91/600] Total Loss: 100.2916
Epoch [92/600] Step [0/17] Loss: 6.1076 Bio: 0.8925
Epoch [92/600] Total Loss: 100.2897
Epoch [93/600] Step [0/17] Loss: 5.9745 Bio: 0.8991
Epoch [93/600] Total Loss: 100.5685
Epoch [94/600] Step [0/17] Loss: 5.8041 Bio: 0.9576
Epoch [94/600] Total Loss: 99.7646
Epoch [95/600] Step [0/17] Loss: 6.0470 Bio: 1.0929
Epoch [95/600] Total Loss: 100.1428
Epoch [96/600] Step [0/17] Loss: 5.7985 Bio: 0.8638
Epoch [96/600] Total Loss: 100.0486
Epoch [97/600] Step [0/17] Loss: 5.9654 Bio: 1.0734
Epoch [97/600] Total Loss: 100.7560
Epoch [98/600] Step [0/17] Loss: 5.9629 Bio: 0.8792
Epoch [98/600] Total Loss: 99.3966
Epoch [99/600] Step [0/17] Loss: 6.1080 Bio: 0.8922
Epoch [99/600] Total Loss: 98.3437
Epoch [100/600] Step [0/17] Loss: 5.6940 Bio: 1.2117
Epoch [100/600] Total Loss: 98.4202
Epoch [101/600] Step [0/17] Loss: 5.7337 Bio: 0.8978
Epoch [101/600] Total Loss: 98.9597
Epoch [102/600] Step [0/17] Loss: 5.8859 Bio: 0.8658
Epoch [102/600] Total Loss: 99.2275
Epoch [103/600] Step [0/17] Loss: 5.8596 Bio: 0.8041
Epoch [103/600] Total Loss: 97.9471
Epoch [104/600] Step [0/17] Loss: 6.0470 Bio: 0.9490
Epoch [104/600] Total Loss: 98.7486
Epoch [105/600] Step [0/17] Loss: 5.7533 Bio: 0.9006
Epoch [105/600] Total Loss: 98.0177
Epoch [106/600] Step [0/17] Loss: 5.9767 Bio: 0.9772
Epoch [106/600] Total Loss: 98.3607
Epoch [107/600] Step [0/17] Loss: 5.8678 Bio: 1.1893
Epoch [107/600] Total Loss: 98.7475
Epoch [108/600] Step [0/17] Loss: 5.8607 Bio: 1.0908
Epoch [108/600] Total Loss: 98.2518
Epoch [109/600] Step [0/17] Loss: 5.8504 Bio: 1.1374
Epoch [109/600] Total Loss: 97.4473
Epoch [110/600] Step [0/17] Loss: 5.8119 Bio: 0.8683
Epoch [110/600] Total Loss: 97.8766
Epoch [111/600] Step [0/17] Loss: 5.7403 Bio: 0.9635
Epoch [111/600] Total Loss: 98.7572
Epoch [112/600] Step [0/17] Loss: 5.8929 Bio: 1.0207
Epoch [112/600] Total Loss: 97.8893
Epoch [113/600] Step [0/17] Loss: 5.8903 Bio: 0.9557
Epoch [113/600] Total Loss: 97.7738
Epoch [114/600] Step [0/17] Loss: 5.8287 Bio: 0.9031
Epoch [114/600] Total Loss: 98.4667
Epoch [115/600] Step [0/17] Loss: 6.1581 Bio: 0.8656
Epoch [115/600] Total Loss: 97.1648
Epoch [116/600] Step [0/17] Loss: 5.8356 Bio: 0.8377
Epoch [116/600] Total Loss: 99.0187
Epoch [117/600] Step [0/17] Loss: 5.8324 Bio: 0.7818
Epoch [117/600] Total Loss: 98.6424
Epoch [118/600] Step [0/17] Loss: 5.8150 Bio: 0.9414
Epoch [118/600] Total Loss: 99.0498
Epoch [119/600] Step [0/17] Loss: 5.7759 Bio: 0.8550
Epoch [119/600] Total Loss: 98.0613
Epoch [120/600] Step [0/17] Loss: 5.8063 Bio: 0.8921
Epoch [120/600] Total Loss: 97.5031
Epoch [121/600] Step [0/17] Loss: 5.9095 Bio: 1.0259
Epoch [121/600] Total Loss: 98.3820
Epoch [122/600] Step [0/17] Loss: 5.5876 Bio: 1.0042
Epoch [122/600] Total Loss: 99.5979
Epoch [123/600] Step [0/17] Loss: 5.8074 Bio: 0.8496
Epoch [123/600] Total Loss: 98.0365
Epoch [124/600] Step [0/17] Loss: 5.9205 Bio: 0.9188
Epoch [124/600] Total Loss: 98.3656
Epoch [125/600] Step [0/17] Loss: 6.0891 Bio: 0.8775
Epoch [125/600] Total Loss: 98.2977
Epoch [126/600] Step [0/17] Loss: 5.9120 Bio: 1.0021
Epoch [126/600] Total Loss: 97.0373
Epoch [127/600] Step [0/17] Loss: 5.9758 Bio: 0.9167
Epoch [127/600] Total Loss: 97.2057
Epoch [128/600] Step [0/17] Loss: 5.8007 Bio: 0.9157
Epoch [128/600] Total Loss: 97.0058
Epoch [129/600] Step [0/17] Loss: 5.8477 Bio: 0.8466
Epoch [129/600] Total Loss: 97.2825
Epoch [130/600] Step [0/17] Loss: 5.8237 Bio: 0.8486
Epoch [130/600] Total Loss: 97.6007
Epoch [131/600] Step [0/17] Loss: 5.8418 Bio: 0.8449
Epoch [131/600] Total Loss: 97.1260
Epoch [132/600] Step [0/17] Loss: 5.7375 Bio: 0.7983
Epoch [132/600] Total Loss: 97.4690
Epoch [133/600] Step [0/17] Loss: 5.6062 Bio: 0.9153
Epoch [133/600] Total Loss: 97.0038
Epoch [134/600] Step [0/17] Loss: 5.9211 Bio: 0.8764
Epoch [134/600] Total Loss: 97.8960
Epoch [135/600] Step [0/17] Loss: 6.0707 Bio: 1.0266
Epoch [135/600] Total Loss: 96.9308
Epoch [136/600] Step [0/17] Loss: 5.8856 Bio: 0.8236
Epoch [136/600] Total Loss: 96.4021
Epoch [137/600] Step [0/17] Loss: 5.8665 Bio: 1.0622
Epoch [137/600] Total Loss: 98.9335
Epoch [138/600] Step [0/17] Loss: 5.8301 Bio: 0.7155
Epoch [138/600] Total Loss: 96.6736
Epoch [139/600] Step [0/17] Loss: 5.8238 Bio: 1.0077
Epoch [139/600] Total Loss: 95.4631
Epoch [140/600] Step [0/17] Loss: 6.0308 Bio: 0.8204
Epoch [140/600] Total Loss: 97.6979
Epoch [141/600] Step [0/17] Loss: 5.7208 Bio: 0.9392
Epoch [141/600] Total Loss: 96.4256
Epoch [142/600] Step [0/17] Loss: 5.8247 Bio: 0.9075
Epoch [142/600] Total Loss: 96.5307
Epoch [143/600] Step [0/17] Loss: 5.8855 Bio: 0.8853
Epoch [143/600] Total Loss: 95.9734
Epoch [144/600] Step [0/17] Loss: 5.7339 Bio: 0.7623
Epoch [144/600] Total Loss: 95.7845
Epoch [145/600] Step [0/17] Loss: 5.7450 Bio: 1.0063
Epoch [145/600] Total Loss: 95.8020
Epoch [146/600] Step [0/17] Loss: 5.9552 Bio: 0.9183
Epoch [146/600] Total Loss: 97.7253
Epoch [147/600] Step [0/17] Loss: 5.6271 Bio: 0.9444
Epoch [147/600] Total Loss: 97.1839
Epoch [148/600] Step [0/17] Loss: 5.8022 Bio: 0.9703
Epoch [148/600] Total Loss: 97.2718
Epoch [149/600] Step [0/17] Loss: 5.7873 Bio: 0.7826
Epoch [149/600] Total Loss: 96.1393
Epoch [150/600] Step [0/17] Loss: 5.7863 Bio: 0.8757
Epoch [150/600] Total Loss: 97.9247
Epoch [151/600] Step [0/17] Loss: 5.7588 Bio: 0.8364
Epoch [151/600] Total Loss: 96.9494
Epoch [152/600] Step [0/17] Loss: 5.8824 Bio: 0.9656
Epoch [152/600] Total Loss: 97.1391
Epoch [153/600] Step [0/17] Loss: 5.9083 Bio: 0.7579
Epoch [153/600] Total Loss: 97.6304
Epoch [154/600] Step [0/17] Loss: 5.9567 Bio: 0.9173
Epoch [154/600] Total Loss: 95.8669
Epoch [155/600] Step [0/17] Loss: 5.7475 Bio: 0.8951
Epoch [155/600] Total Loss: 96.5973
Epoch [156/600] Step [0/17] Loss: 5.6916 Bio: 0.8276
Epoch [156/600] Total Loss: 96.1925
Epoch [157/600] Step [0/17] Loss: 5.5319 Bio: 0.8083
Epoch [157/600] Total Loss: 95.9750
Epoch [158/600] Step [0/17] Loss: 5.7622 Bio: 0.8261
Epoch [158/600] Total Loss: 97.4538
Epoch [159/600] Step [0/17] Loss: 5.9752 Bio: 0.8712
Epoch [159/600] Total Loss: 96.2761
Epoch [160/600] Step [0/17] Loss: 5.8500 Bio: 1.0608
Epoch [160/600] Total Loss: 96.5144
Epoch [161/600] Step [0/17] Loss: 5.6606 Bio: 0.7939
Epoch [161/600] Total Loss: 95.4344
Epoch [162/600] Step [0/17] Loss: 5.7397 Bio: 0.7477
Epoch [162/600] Total Loss: 96.6576
Epoch [163/600] Step [0/17] Loss: 5.7843 Bio: 1.0149
Epoch [163/600] Total Loss: 96.8202
Epoch [164/600] Step [0/17] Loss: 5.5924 Bio: 0.9439
Epoch [164/600] Total Loss: 96.1321
Epoch [165/600] Step [0/17] Loss: 5.8488 Bio: 0.8151
Epoch [165/600] Total Loss: 96.4853
Epoch [166/600] Step [0/17] Loss: 5.7505 Bio: 1.0712
Epoch [166/600] Total Loss: 96.9257
Epoch [167/600] Step [0/17] Loss: 5.7191 Bio: 0.8220
Epoch [167/600] Total Loss: 95.2766
Epoch [168/600] Step [0/17] Loss: 5.5161 Bio: 1.1789
Epoch [168/600] Total Loss: 96.9936
Epoch [169/600] Step [0/17] Loss: 5.8521 Bio: 1.0997
Epoch [169/600] Total Loss: 96.3165
Epoch [170/600] Step [0/17] Loss: 5.9692 Bio: 0.7954
Epoch [170/600] Total Loss: 97.5244
Epoch [171/600] Step [0/17] Loss: 5.4459 Bio: 0.9907
Epoch [171/600] Total Loss: 96.8632
Epoch [172/600] Step [0/17] Loss: 5.8957 Bio: 0.8760
Epoch [172/600] Total Loss: 96.8967
Epoch [173/600] Step [0/17] Loss: 5.5740 Bio: 0.6509
Epoch [173/600] Total Loss: 96.5740
Epoch [174/600] Step [0/17] Loss: 6.0268 Bio: 0.8510
Epoch [174/600] Total Loss: 96.6160
Epoch [175/600] Step [0/17] Loss: 5.9591 Bio: 0.8595
Epoch [175/600] Total Loss: 95.5563
Epoch [176/600] Step [0/17] Loss: 5.8216 Bio: 0.8935
Epoch [176/600] Total Loss: 95.6051
Epoch [177/600] Step [0/17] Loss: 5.6969 Bio: 0.8298
Epoch [177/600] Total Loss: 96.1663
Epoch [178/600] Step [0/17] Loss: 5.5388 Bio: 0.9417
Epoch [178/600] Total Loss: 95.1075
Epoch [179/600] Step [0/17] Loss: 5.6110 Bio: 0.9912
Epoch [179/600] Total Loss: 96.3375
Epoch [180/600] Step [0/17] Loss: 5.9363 Bio: 0.8859
Epoch [180/600] Total Loss: 96.3539
Epoch [181/600] Step [0/17] Loss: 5.8494 Bio: 1.1927
Epoch [181/600] Total Loss: 96.4056
Epoch [182/600] Step [0/17] Loss: 5.6994 Bio: 0.9268
Epoch [182/600] Total Loss: 96.6099
Epoch [183/600] Step [0/17] Loss: 5.8540 Bio: 0.8655
Epoch [183/600] Total Loss: 96.4872
Epoch [184/600] Step [0/17] Loss: 5.7213 Bio: 0.8542
Epoch [184/600] Total Loss: 96.1158
Epoch [185/600] Step [0/17] Loss: 5.6694 Bio: 0.7655
Epoch [185/600] Total Loss: 94.8772
Epoch [186/600] Step [0/17] Loss: 5.5208 Bio: 0.7746
Epoch [186/600] Total Loss: 94.8899
Epoch [187/600] Step [0/17] Loss: 5.6496 Bio: 0.8762
Epoch [187/600] Total Loss: 96.1730
Epoch [188/600] Step [0/17] Loss: 5.6276 Bio: 1.1399
Epoch [188/600] Total Loss: 95.7320
Epoch [189/600] Step [0/17] Loss: 5.6342 Bio: 0.8892
Epoch [189/600] Total Loss: 96.0541
Epoch [190/600] Step [0/17] Loss: 5.7956 Bio: 0.9549
Epoch [190/600] Total Loss: 95.8372
Epoch [191/600] Step [0/17] Loss: 5.5315 Bio: 0.8070
Epoch [191/600] Total Loss: 95.4216
Epoch [192/600] Step [0/17] Loss: 5.7829 Bio: 0.7892
Epoch [192/600] Total Loss: 96.8110
Epoch [193/600] Step [0/17] Loss: 5.6609 Bio: 0.8075
Epoch [193/600] Total Loss: 96.0741
Epoch [194/600] Step [0/17] Loss: 5.7938 Bio: 0.8338
Epoch [194/600] Total Loss: 97.1740
Epoch [195/600] Step [0/17] Loss: 5.8853 Bio: 0.8646
Epoch [195/600] Total Loss: 94.8983
Epoch [196/600] Step [0/17] Loss: 5.6531 Bio: 0.9707
Epoch [196/600] Total Loss: 94.7733
Epoch [197/600] Step [0/17] Loss: 5.7010 Bio: 0.8981
Epoch [197/600] Total Loss: 95.0896
Epoch [198/600] Step [0/17] Loss: 5.8024 Bio: 0.7413
Epoch [198/600] Total Loss: 95.6763
Epoch [199/600] Step [0/17] Loss: 5.6896 Bio: 0.9532
Epoch [199/600] Total Loss: 96.5959
Epoch [200/600] Step [0/17] Loss: 5.6131 Bio: 0.8834
Epoch [200/600] Total Loss: 96.5417
Epoch [201/600] Step [0/17] Loss: 5.9735 Bio: 0.7847
Epoch [201/600] Total Loss: 95.6226
Epoch [202/600] Step [0/17] Loss: 5.7150 Bio: 0.8051
Epoch [202/600] Total Loss: 97.3647
Epoch [203/600] Step [0/17] Loss: 5.6925 Bio: 1.0288
Epoch [203/600] Total Loss: 96.9400
Epoch [204/600] Step [0/17] Loss: 5.8718 Bio: 0.9354
Epoch [204/600] Total Loss: 96.2469
Epoch [205/600] Step [0/17] Loss: 5.6606 Bio: 0.8778
Epoch [205/600] Total Loss: 95.6724
Epoch [206/600] Step [0/17] Loss: 5.7762 Bio: 0.7172
Epoch [206/600] Total Loss: 94.3337
Epoch [207/600] Step [0/17] Loss: 5.6196 Bio: 1.1387
Epoch [207/600] Total Loss: 95.8867
Epoch [208/600] Step [0/17] Loss: 5.6671 Bio: 0.8099
Epoch [208/600] Total Loss: 94.7216
Epoch [209/600] Step [0/17] Loss: 5.7555 Bio: 0.7730
Epoch [209/600] Total Loss: 94.5608
Epoch [210/600] Step [0/17] Loss: 5.7578 Bio: 0.8952
Epoch [210/600] Total Loss: 95.2858
Epoch [211/600] Step [0/17] Loss: 5.7367 Bio: 0.8206
Epoch [211/600] Total Loss: 94.4674
Epoch [212/600] Step [0/17] Loss: 5.9401 Bio: 0.7200
Epoch [212/600] Total Loss: 95.6656
Epoch [213/600] Step [0/17] Loss: 5.8266 Bio: 0.8760
Epoch [213/600] Total Loss: 95.4597
Epoch [214/600] Step [0/17] Loss: 5.4719 Bio: 0.9522
Epoch [214/600] Total Loss: 95.1107
Epoch [215/600] Step [0/17] Loss: 5.6561 Bio: 0.7350
Epoch [215/600] Total Loss: 94.5802
Epoch [216/600] Step [0/17] Loss: 5.4978 Bio: 0.7595
Epoch [216/600] Total Loss: 94.8107
Epoch [217/600] Step [0/17] Loss: 5.6185 Bio: 0.8996
Epoch [217/600] Total Loss: 94.2826
Epoch [218/600] Step [0/17] Loss: 5.7684 Bio: 0.7700
Epoch [218/600] Total Loss: 95.2657
Epoch [219/600] Step [0/17] Loss: 6.0377 Bio: 0.9072
Epoch [219/600] Total Loss: 94.7562
Epoch [220/600] Step [0/17] Loss: 5.6367 Bio: 0.7419
Epoch [220/600] Total Loss: 94.5092
Epoch [221/600] Step [0/17] Loss: 5.7881 Bio: 0.8392
Epoch [221/600] Total Loss: 95.1951
Epoch [222/600] Step [0/17] Loss: 5.7231 Bio: 1.0257
Epoch [222/600] Total Loss: 93.9728
Epoch [223/600] Step [0/17] Loss: 5.5560 Bio: 0.8522
Epoch [223/600] Total Loss: 95.1804
Epoch [224/600] Step [0/17] Loss: 5.8434 Bio: 0.9536
Epoch [224/600] Total Loss: 95.5903
Epoch [225/600] Step [0/17] Loss: 5.8261 Bio: 1.0531
Epoch [225/600] Total Loss: 96.1596
Epoch [226/600] Step [0/17] Loss: 5.6406 Bio: 1.0053
Epoch [226/600] Total Loss: 96.9680
Epoch [227/600] Step [0/17] Loss: 5.6727 Bio: 0.8712
Epoch [227/600] Total Loss: 95.8398
Epoch [228/600] Step [0/17] Loss: 5.6370 Bio: 0.8214
Epoch [228/600] Total Loss: 95.1991
Epoch [229/600] Step [0/17] Loss: 5.7469 Bio: 0.8056
Epoch [229/600] Total Loss: 95.2322
Epoch [230/600] Step [0/17] Loss: 5.6861 Bio: 1.0509
Epoch [230/600] Total Loss: 94.7850
Epoch [231/600] Step [0/17] Loss: 5.8011 Bio: 1.0630
Epoch [231/600] Total Loss: 94.4030
Epoch [232/600] Step [0/17] Loss: 5.5676 Bio: 0.9987
Epoch [232/600] Total Loss: 94.4730
Epoch [233/600] Step [0/17] Loss: 5.8855 Bio: 0.9912
Epoch [233/600] Total Loss: 95.4461
Epoch [234/600] Step [0/17] Loss: 5.6671 Bio: 0.7883
Epoch [234/600] Total Loss: 95.6165
Epoch [235/600] Step [0/17] Loss: 5.6405 Bio: 1.0257
Epoch [235/600] Total Loss: 93.8016
Epoch [236/600] Step [0/17] Loss: 5.6062 Bio: 0.9410
Epoch [236/600] Total Loss: 94.9776
Epoch [237/600] Step [0/17] Loss: 5.8946 Bio: 0.8623
Epoch [237/600] Total Loss: 94.6374
Epoch [238/600] Step [0/17] Loss: 5.7888 Bio: 0.7793
Epoch [238/600] Total Loss: 95.1841
Epoch [239/600] Step [0/17] Loss: 5.5372 Bio: 0.8452
Epoch [239/600] Total Loss: 94.9953
Epoch [240/600] Step [0/17] Loss: 5.5065 Bio: 0.8600
Epoch [240/600] Total Loss: 94.2368
Epoch [241/600] Step [0/17] Loss: 5.6145 Bio: 0.8553
Epoch [241/600] Total Loss: 94.9816
Epoch [242/600] Step [0/17] Loss: 5.7899 Bio: 0.8497
Epoch [242/600] Total Loss: 94.4243
Epoch [243/600] Step [0/17] Loss: 5.6375 Bio: 0.8080
Epoch [243/600] Total Loss: 94.7598
Epoch [244/600] Step [0/17] Loss: 5.7598 Bio: 0.8630
Epoch [244/600] Total Loss: 94.0692
Epoch [245/600] Step [0/17] Loss: 5.7215 Bio: 0.9042
Epoch [245/600] Total Loss: 96.3210
Epoch [246/600] Step [0/17] Loss: 5.7194 Bio: 0.7976
Epoch [246/600] Total Loss: 95.2265
Epoch [247/600] Step [0/17] Loss: 5.7984 Bio: 0.8592
Epoch [247/600] Total Loss: 97.5547
Epoch [248/600] Step [0/17] Loss: 5.8313 Bio: 0.8212
Epoch [248/600] Total Loss: 95.0292
Epoch [249/600] Step [0/17] Loss: 5.6930 Bio: 0.7720
Epoch [249/600] Total Loss: 94.1089
Epoch [250/600] Step [0/17] Loss: 5.7209 Bio: 0.9115
Epoch [250/600] Total Loss: 94.7741
Epoch [251/600] Step [0/17] Loss: 6.1833 Bio: 0.7831
Epoch [251/600] Total Loss: 94.7870
Epoch [252/600] Step [0/17] Loss: 5.6704 Bio: 0.7715
Epoch [252/600] Total Loss: 94.5116
Epoch [253/600] Step [0/17] Loss: 5.7153 Bio: 0.7967
Epoch [253/600] Total Loss: 94.7725
Epoch [254/600] Step [0/17] Loss: 5.3835 Bio: 0.8402
Epoch [254/600] Total Loss: 95.1527
Epoch [255/600] Step [0/17] Loss: 5.7325 Bio: 0.7454
Epoch [255/600] Total Loss: 95.0119
Epoch [256/600] Step [0/17] Loss: 5.7201 Bio: 0.8018
Epoch [256/600] Total Loss: 94.9673
Epoch [257/600] Step [0/17] Loss: 5.9364 Bio: 0.7936
Epoch [257/600] Total Loss: 95.4610
Epoch [258/600] Step [0/17] Loss: 5.7697 Bio: 0.8762
Epoch [258/600] Total Loss: 97.0658
Epoch [259/600] Step [0/17] Loss: 5.6097 Bio: 0.7916
Epoch [259/600] Total Loss: 95.2371
Epoch [260/600] Step [0/17] Loss: 5.5164 Bio: 0.9882
Epoch [260/600] Total Loss: 94.0226
Epoch [261/600] Step [0/17] Loss: 5.7124 Bio: 1.0393
Epoch [261/600] Total Loss: 96.6932
Epoch [262/600] Step [0/17] Loss: 5.8015 Bio: 0.9555
Epoch [262/600] Total Loss: 94.9905
Epoch [263/600] Step [0/17] Loss: 5.6219 Bio: 0.9618
Epoch [263/600] Total Loss: 94.8691
Epoch [264/600] Step [0/17] Loss: 5.8165 Bio: 0.7604
Epoch [264/600] Total Loss: 95.0609
Epoch [265/600] Step [0/17] Loss: 5.9539 Bio: 0.9419
Epoch [265/600] Total Loss: 94.4900
Epoch [266/600] Step [0/17] Loss: 5.5851 Bio: 0.9967
Epoch [266/600] Total Loss: 94.4561
Epoch [267/600] Step [0/17] Loss: 5.5716 Bio: 0.9152
Epoch [267/600] Total Loss: 94.1250
Epoch [268/600] Step [0/17] Loss: 5.5410 Bio: 0.6924
Epoch [268/600] Total Loss: 94.6687
Epoch [269/600] Step [0/17] Loss: 5.9007 Bio: 0.7892
Epoch [269/600] Total Loss: 95.4489
Epoch [270/600] Step [0/17] Loss: 5.8850 Bio: 0.7829
Epoch [270/600] Total Loss: 93.6448
Epoch [271/600] Step [0/17] Loss: 5.5977 Bio: 0.8037
Epoch [271/600] Total Loss: 94.7565
Epoch [272/600] Step [0/17] Loss: 5.4998 Bio: 0.8696
Epoch [272/600] Total Loss: 94.8768
Epoch [273/600] Step [0/17] Loss: 5.7226 Bio: 0.7628
Epoch [273/600] Total Loss: 93.9191
Epoch [274/600] Step [0/17] Loss: 5.7139 Bio: 0.9414
Epoch [274/600] Total Loss: 94.0114
Epoch [275/600] Step [0/17] Loss: 5.6108 Bio: 0.9308
Epoch [275/600] Total Loss: 95.7634
Epoch [276/600] Step [0/17] Loss: 5.5624 Bio: 0.8399
Epoch [276/600] Total Loss: 95.0257
Epoch [277/600] Step [0/17] Loss: 5.6340 Bio: 1.0186
Epoch [277/600] Total Loss: 94.6500
Epoch [278/600] Step [0/17] Loss: 5.6037 Bio: 0.9709
Epoch [278/600] Total Loss: 94.3390
Epoch [279/600] Step [0/17] Loss: 5.7647 Bio: 0.9357
Epoch [279/600] Total Loss: 94.4792
Epoch [280/600] Step [0/17] Loss: 5.7806 Bio: 0.8015
Epoch [280/600] Total Loss: 93.5390
Epoch [281/600] Step [0/17] Loss: 5.6615 Bio: 0.9845
Epoch [281/600] Total Loss: 94.9573
Epoch [282/600] Step [0/17] Loss: 5.8068 Bio: 1.0216
Epoch [282/600] Total Loss: 95.1922
Epoch [283/600] Step [0/17] Loss: 5.9570 Bio: 0.8755
Epoch [283/600] Total Loss: 94.7665
Epoch [284/600] Step [0/17] Loss: 5.8898 Bio: 0.9656
Epoch [284/600] Total Loss: 94.4584
Epoch [285/600] Step [0/17] Loss: 5.4663 Bio: 0.8055
Epoch [285/600] Total Loss: 95.3530
Epoch [286/600] Step [0/17] Loss: 5.6998 Bio: 1.0043
Epoch [286/600] Total Loss: 93.7839
Epoch [287/600] Step [0/17] Loss: 5.7533 Bio: 0.9085
Epoch [287/600] Total Loss: 94.5515
Epoch [288/600] Step [0/17] Loss: 5.9781 Bio: 0.7209
Epoch [288/600] Total Loss: 95.8015
Epoch [289/600] Step [0/17] Loss: 5.6500 Bio: 0.8169
Epoch [289/600] Total Loss: 94.5175
Epoch [290/600] Step [0/17] Loss: 5.7013 Bio: 0.8408
Epoch [290/600] Total Loss: 95.3120
Epoch [291/600] Step [0/17] Loss: 5.5963 Bio: 0.8061
Epoch [291/600] Total Loss: 94.1649
Epoch [292/600] Step [0/17] Loss: 5.6018 Bio: 0.8537
Epoch [292/600] Total Loss: 94.1682
Epoch [293/600] Step [0/17] Loss: 5.7716 Bio: 0.7573
Epoch [293/600] Total Loss: 94.9032
Epoch [294/600] Step [0/17] Loss: 5.6971 Bio: 0.8260
Epoch [294/600] Total Loss: 93.1736
Epoch [295/600] Step [0/17] Loss: 5.5745 Bio: 0.8336
Epoch [295/600] Total Loss: 94.7217
Epoch [296/600] Step [0/17] Loss: 5.8108 Bio: 0.8840
Epoch [296/600] Total Loss: 93.7065
Epoch [297/600] Step [0/17] Loss: 5.6801 Bio: 0.8510
Epoch [297/600] Total Loss: 94.2513
Epoch [298/600] Step [0/17] Loss: 5.5873 Bio: 0.8687
Epoch [298/600] Total Loss: 94.5381
Epoch [299/600] Step [0/17] Loss: 5.5655 Bio: 0.8603
Epoch [299/600] Total Loss: 94.7894
Epoch [300/600] Step [0/17] Loss: 5.8226 Bio: 0.9086
Epoch [300/600] Total Loss: 95.0551
Epoch [301/600] Step [0/17] Loss: 5.4811 Bio: 0.7778
Epoch [301/600] Total Loss: 94.5346
Epoch [302/600] Step [0/17] Loss: 5.8447 Bio: 0.7317
Epoch [302/600] Total Loss: 95.2990
Epoch [303/600] Step [0/17] Loss: 5.5509 Bio: 0.7039
Epoch [303/600] Total Loss: 94.5796
Epoch [304/600] Step [0/17] Loss: 5.6539 Bio: 0.8986
Epoch [304/600] Total Loss: 94.8423
Epoch [305/600] Step [0/17] Loss: 5.6991 Bio: 0.8328
Epoch [305/600] Total Loss: 94.2619
Epoch [306/600] Step [0/17] Loss: 5.6777 Bio: 0.7995
Epoch [306/600] Total Loss: 93.6252
Epoch [307/600] Step [0/17] Loss: 5.6863 Bio: 0.8110
Epoch [307/600] Total Loss: 94.8124
Epoch [308/600] Step [0/17] Loss: 5.6283 Bio: 0.8654
Epoch [308/600] Total Loss: 95.3663
Epoch [309/600] Step [0/17] Loss: 5.5010 Bio: 0.8642
Epoch [309/600] Total Loss: 94.0224
Epoch [310/600] Step [0/17] Loss: 5.9140 Bio: 0.8832
Epoch [310/600] Total Loss: 95.7024
Epoch [311/600] Step [0/17] Loss: 5.7487 Bio: 0.7986
Epoch [311/600] Total Loss: 94.6340
Epoch [312/600] Step [0/17] Loss: 5.9042 Bio: 0.8812
Epoch [312/600] Total Loss: 94.0646
Epoch [313/600] Step [0/17] Loss: 5.7577 Bio: 0.8463
Epoch [313/600] Total Loss: 93.5459
Epoch [314/600] Step [0/17] Loss: 5.8064 Bio: 0.9620
Epoch [314/600] Total Loss: 94.8998
Epoch [315/600] Step [0/17] Loss: 5.6008 Bio: 0.7256
Epoch [315/600] Total Loss: 94.6425
Epoch [316/600] Step [0/17] Loss: 5.7687 Bio: 0.6791
Epoch [316/600] Total Loss: 93.9306
Epoch [317/600] Step [0/17] Loss: 5.4044 Bio: 0.8462
Epoch [317/600] Total Loss: 94.1462
Epoch [318/600] Step [0/17] Loss: 5.6783 Bio: 0.8235
Epoch [318/600] Total Loss: 94.1889
Epoch [319/600] Step [0/17] Loss: 5.7104 Bio: 0.7757
Epoch [319/600] Total Loss: 94.7012
Epoch [320/600] Step [0/17] Loss: 5.4488 Bio: 0.8951
Epoch [320/600] Total Loss: 95.5900
Epoch [321/600] Step [0/17] Loss: 5.5565 Bio: 0.8252
Epoch [321/600] Total Loss: 93.5755
Epoch [322/600] Step [0/17] Loss: 5.6901 Bio: 0.9523
Epoch [322/600] Total Loss: 95.3093
Epoch [323/600] Step [0/17] Loss: 5.6491 Bio: 0.9398
Epoch [323/600] Total Loss: 93.8121
Epoch [324/600] Step [0/17] Loss: 5.5904 Bio: 0.7140
Epoch [324/600] Total Loss: 93.6132
Epoch [325/600] Step [0/17] Loss: 5.7385 Bio: 0.7231
Epoch [325/600] Total Loss: 93.8829
Epoch [326/600] Step [0/17] Loss: 5.6568 Bio: 0.7878
Epoch [326/600] Total Loss: 93.5591
Epoch [327/600] Step [0/17] Loss: 5.6738 Bio: 1.1631
Epoch [327/600] Total Loss: 95.1493
Epoch [328/600] Step [0/17] Loss: 5.5089 Bio: 0.8329
Epoch [328/600] Total Loss: 93.9406
Epoch [329/600] Step [0/17] Loss: 5.6707 Bio: 0.8273
Epoch [329/600] Total Loss: 94.0164
Epoch [330/600] Step [0/17] Loss: 5.7213 Bio: 1.0534
Epoch [330/600] Total Loss: 94.8242
Epoch [331/600] Step [0/17] Loss: 5.5621 Bio: 0.8465
Epoch [331/600] Total Loss: 94.6787
Epoch [332/600] Step [0/17] Loss: 5.8581 Bio: 0.9894
Epoch [332/600] Total Loss: 94.4007
Epoch [333/600] Step [0/17] Loss: 5.7778 Bio: 0.9317
Epoch [333/600] Total Loss: 94.0820
Epoch [334/600] Step [0/17] Loss: 5.6080 Bio: 0.9533
Epoch [334/600] Total Loss: 94.5702
Epoch [335/600] Step [0/17] Loss: 5.6939 Bio: 0.8546
Epoch [335/600] Total Loss: 95.0178
Epoch [336/600] Step [0/17] Loss: 5.8069 Bio: 0.8247
Epoch [336/600] Total Loss: 93.7085
Epoch [337/600] Step [0/17] Loss: 5.5431 Bio: 0.8070
Epoch [337/600] Total Loss: 94.5096
Epoch [338/600] Step [0/17] Loss: 5.7850 Bio: 1.1347
Epoch [338/600] Total Loss: 94.8168
Epoch [339/600] Step [0/17] Loss: 5.6380 Bio: 0.6916
Epoch [339/600] Total Loss: 94.1102
Epoch [340/600] Step [0/17] Loss: 5.8544 Bio: 0.8407
Epoch [340/600] Total Loss: 95.5486
Epoch [341/600] Step [0/17] Loss: 5.3815 Bio: 0.9845
Epoch [341/600] Total Loss: 94.1713
Epoch [342/600] Step [0/17] Loss: 5.5063 Bio: 1.1742
Epoch [342/600] Total Loss: 93.1869
Epoch [343/600] Step [0/17] Loss: 5.5383 Bio: 0.7430
Epoch [343/600] Total Loss: 94.1074
Epoch [344/600] Step [0/17] Loss: 5.6785 Bio: 1.0320
Epoch [344/600] Total Loss: 93.6998
Epoch [345/600] Step [0/17] Loss: 5.7473 Bio: 0.8276
Epoch [345/600] Total Loss: 94.9012
Epoch [346/600] Step [0/17] Loss: 5.6018 Bio: 0.8188
Epoch [346/600] Total Loss: 94.5120
Epoch [347/600] Step [0/17] Loss: 5.7197 Bio: 0.7882
Epoch [347/600] Total Loss: 94.7704
Epoch [348/600] Step [0/17] Loss: 5.5057 Bio: 0.8816
Epoch [348/600] Total Loss: 93.5384
Epoch [349/600] Step [0/17] Loss: 5.6987 Bio: 0.8202
Epoch [349/600] Total Loss: 94.4171
Epoch [350/600] Step [0/17] Loss: 5.4319 Bio: 0.8678
Epoch [350/600] Total Loss: 95.0951
Epoch [351/600] Step [0/17] Loss: 5.6257 Bio: 0.8347
Epoch [351/600] Total Loss: 94.5446
Epoch [352/600] Step [0/17] Loss: 5.6405 Bio: 0.8869
Epoch [352/600] Total Loss: 94.0370
Epoch [353/600] Step [0/17] Loss: 5.6748 Bio: 0.9751
Epoch [353/600] Total Loss: 93.2940
Epoch [354/600] Step [0/17] Loss: 5.7006 Bio: 0.8823
Epoch [354/600] Total Loss: 94.2517
Epoch [355/600] Step [0/17] Loss: 5.8459 Bio: 0.8959
Epoch [355/600] Total Loss: 94.5343
Epoch [356/600] Step [0/17] Loss: 5.3676 Bio: 0.8356
Epoch [356/600] Total Loss: 94.1639
Epoch [357/600] Step [0/17] Loss: 5.8124 Bio: 0.9702
Epoch [357/600] Total Loss: 93.6306
Epoch [358/600] Step [0/17] Loss: 5.5884 Bio: 0.7270
Epoch [358/600] Total Loss: 94.2704
Epoch [359/600] Step [0/17] Loss: 5.3662 Bio: 0.9485
Epoch [359/600] Total Loss: 93.0676
Epoch [360/600] Step [0/17] Loss: 5.5896 Bio: 0.8923
Epoch [360/600] Total Loss: 95.2611
Epoch [361/600] Step [0/17] Loss: 5.6033 Bio: 0.8084
Epoch [361/600] Total Loss: 93.8000
Epoch [362/600] Step [0/17] Loss: 5.4450 Bio: 0.8786
Epoch [362/600] Total Loss: 92.8894
Epoch [363/600] Step [0/17] Loss: 5.7505 Bio: 0.8854
Epoch [363/600] Total Loss: 93.9649
Epoch [364/600] Step [0/17] Loss: 5.6888 Bio: 0.7017
Epoch [364/600] Total Loss: 94.9789
Epoch [365/600] Step [0/17] Loss: 5.4267 Bio: 0.7807
Epoch [365/600] Total Loss: 95.1903
Epoch [366/600] Step [0/17] Loss: 5.8374 Bio: 0.8513
Epoch [366/600] Total Loss: 95.4680
Epoch [367/600] Step [0/17] Loss: 5.5920 Bio: 0.7926
Epoch [367/600] Total Loss: 94.5957
Epoch [368/600] Step [0/17] Loss: 5.5651 Bio: 0.8823
Epoch [368/600] Total Loss: 94.2473
Epoch [369/600] Step [0/17] Loss: 5.7084 Bio: 0.8890
Epoch [369/600] Total Loss: 93.6345
Epoch [370/600] Step [0/17] Loss: 5.6509 Bio: 0.7689
Epoch [370/600] Total Loss: 93.6745
Epoch [371/600] Step [0/17] Loss: 5.6706 Bio: 0.8212
Epoch [371/600] Total Loss: 94.2731
Epoch [372/600] Step [0/17] Loss: 5.6157 Bio: 0.7926
Epoch [372/600] Total Loss: 94.0746
Epoch [373/600] Step [0/17] Loss: 5.6473 Bio: 0.9131
Epoch [373/600] Total Loss: 94.0508
Epoch [374/600] Step [0/17] Loss: 5.6846 Bio: 0.7519
Epoch [374/600] Total Loss: 93.3964
Epoch [375/600] Step [0/17] Loss: 5.7568 Bio: 0.9915
Epoch [375/600] Total Loss: 95.3003
Epoch [376/600] Step [0/17] Loss: 5.6442 Bio: 0.8536
Epoch [376/600] Total Loss: 94.1453
Epoch [377/600] Step [0/17] Loss: 5.5356 Bio: 0.9082
Epoch [377/600] Total Loss: 93.6700
Epoch [378/600] Step [0/17] Loss: 5.5142 Bio: 0.9770
Epoch [378/600] Total Loss: 94.9164
Epoch [379/600] Step [0/17] Loss: 5.5408 Bio: 0.8447
Epoch [379/600] Total Loss: 93.9692
Epoch [380/600] Step [0/17] Loss: 5.8111 Bio: 0.9927
Epoch [380/600] Total Loss: 94.1088
Epoch [381/600] Step [0/17] Loss: 5.5562 Bio: 0.8187
Epoch [381/600] Total Loss: 93.4549
Epoch [382/600] Step [0/17] Loss: 5.5592 Bio: 0.8758
Epoch [382/600] Total Loss: 94.7271
Epoch [383/600] Step [0/17] Loss: 5.7513 Bio: 0.8772
Epoch [383/600] Total Loss: 93.1783
Epoch [384/600] Step [0/17] Loss: 5.4628 Bio: 0.8979
Epoch [384/600] Total Loss: 93.7376
Epoch [385/600] Step [0/17] Loss: 5.7017 Bio: 0.7646
Epoch [385/600] Total Loss: 95.4034
Epoch [386/600] Step [0/17] Loss: 5.5584 Bio: 0.9219
Epoch [386/600] Total Loss: 95.0276
Epoch [387/600] Step [0/17] Loss: 5.6089 Bio: 0.7927
Epoch [387/600] Total Loss: 94.4261
Epoch [388/600] Step [0/17] Loss: 5.7228 Bio: 0.7918
Epoch [388/600] Total Loss: 94.5593
Epoch [389/600] Step [0/17] Loss: 5.6953 Bio: 0.8894
Epoch [389/600] Total Loss: 95.5254
Epoch [390/600] Step [0/17] Loss: 5.4751 Bio: 0.8478
Epoch [390/600] Total Loss: 93.4626
Epoch [391/600] Step [0/17] Loss: 5.8155 Bio: 0.8594
Epoch [391/600] Total Loss: 94.3573
Epoch [392/600] Step [0/17] Loss: 5.5971 Bio: 0.8684
Epoch [392/600] Total Loss: 93.9137
Epoch [393/600] Step [0/17] Loss: 5.3815 Bio: 1.0905
Epoch [393/600] Total Loss: 94.9286
Epoch [394/600] Step [0/17] Loss: 5.6548 Bio: 0.7181
Epoch [394/600] Total Loss: 93.5480
Epoch [395/600] Step [0/17] Loss: 5.5417 Bio: 0.8992
Epoch [395/600] Total Loss: 94.3735
Epoch [396/600] Step [0/17] Loss: 5.4266 Bio: 0.8603
Epoch [396/600] Total Loss: 93.6290
Epoch [397/600] Step [0/17] Loss: 5.6741 Bio: 0.8988
Epoch [397/600] Total Loss: 94.4007
Epoch [398/600] Step [0/17] Loss: 5.7499 Bio: 0.8800
Epoch [398/600] Total Loss: 94.5115
Epoch [399/600] Step [0/17] Loss: 5.5660 Bio: 0.9177
Epoch [399/600] Total Loss: 94.3245
Epoch [400/600] Step [0/17] Loss: 5.5321 Bio: 0.8089
Epoch [400/600] Total Loss: 93.8014
Epoch [401/600] Step [0/17] Loss: 5.5555 Bio: 0.8195
Epoch [401/600] Total Loss: 93.7722
Epoch [402/600] Step [0/17] Loss: 5.4423 Bio: 1.1731
Epoch [402/600] Total Loss: 93.8001
Epoch [403/600] Step [0/17] Loss: 5.5544 Bio: 0.8034
Epoch [403/600] Total Loss: 94.3488
Epoch [404/600] Step [0/17] Loss: 5.7472 Bio: 0.9229
Epoch [404/600] Total Loss: 93.3145
Epoch [405/600] Step [0/17] Loss: 5.5160 Bio: 0.8932
Epoch [405/600] Total Loss: 94.0168
Epoch [406/600] Step [0/17] Loss: 5.6523 Bio: 0.8252
Epoch [406/600] Total Loss: 93.3608
Epoch [407/600] Step [0/17] Loss: 5.9845 Bio: 0.9783
Epoch [407/600] Total Loss: 94.8974
Epoch [408/600] Step [0/17] Loss: 5.7336 Bio: 0.8406
Epoch [408/600] Total Loss: 95.6558
Epoch [409/600] Step [0/17] Loss: 5.4261 Bio: 0.7852
Epoch [409/600] Total Loss: 92.5667
Epoch [410/600] Step [0/17] Loss: 5.6612 Bio: 0.9304
Epoch [410/600] Total Loss: 92.4266
Epoch [411/600] Step [0/17] Loss: 5.7327 Bio: 0.8488
Epoch [411/600] Total Loss: 94.5316
Epoch [412/600] Step [0/17] Loss: 5.7345 Bio: 0.8659
Epoch [412/600] Total Loss: 93.3156
Epoch [413/600] Step [0/17] Loss: 5.6388 Bio: 0.8658
Epoch [413/600] Total Loss: 94.3515
Epoch [414/600] Step [0/17] Loss: 5.6603 Bio: 0.7990
Epoch [414/600] Total Loss: 94.7242
Epoch [415/600] Step [0/17] Loss: 5.5197 Bio: 0.7750
Epoch [415/600] Total Loss: 93.2584
Epoch [416/600] Step [0/17] Loss: 5.5455 Bio: 0.9907
Epoch [416/600] Total Loss: 93.7575
Epoch [417/600] Step [0/17] Loss: 5.7641 Bio: 0.6510
Epoch [417/600] Total Loss: 93.6690
Epoch [418/600] Step [0/17] Loss: 5.5587 Bio: 0.8114
Epoch [418/600] Total Loss: 92.5328
Epoch [419/600] Step [0/17] Loss: 5.5760 Bio: 1.0300
Epoch [419/600] Total Loss: 94.0569
Epoch [420/600] Step [0/17] Loss: 5.4510 Bio: 0.8558
Epoch [420/600] Total Loss: 92.9599
Epoch [421/600] Step [0/17] Loss: 5.6656 Bio: 0.8175
Epoch [421/600] Total Loss: 93.8610
Epoch [422/600] Step [0/17] Loss: 5.5914 Bio: 0.8870
Epoch [422/600] Total Loss: 92.2605
Epoch [423/600] Step [0/17] Loss: 5.6970 Bio: 0.8133
Epoch [423/600] Total Loss: 93.5917
Epoch [424/600] Step [0/17] Loss: 5.5037 Bio: 0.8918
Epoch [424/600] Total Loss: 92.7959
Epoch [425/600] Step [0/17] Loss: 5.5673 Bio: 0.8459
Epoch [425/600] Total Loss: 93.4796
Epoch [426/600] Step [0/17] Loss: 5.5287 Bio: 0.9016
Epoch [426/600] Total Loss: 92.5346
Epoch [427/600] Step [0/17] Loss: 5.6028 Bio: 0.9890
Epoch [427/600] Total Loss: 94.5949
Epoch [428/600] Step [0/17] Loss: 5.6065 Bio: 0.8375
Epoch [428/600] Total Loss: 92.8096
Epoch [429/600] Step [0/17] Loss: 5.4331 Bio: 0.9508
Epoch [429/600] Total Loss: 93.8101
Epoch [430/600] Step [0/17] Loss: 5.7122 Bio: 0.7427
Epoch [430/600] Total Loss: 91.7815
Epoch [431/600] Step [0/17] Loss: 5.4131 Bio: 1.0787
Epoch [431/600] Total Loss: 94.5407
Epoch [432/600] Step [0/17] Loss: 5.4670 Bio: 0.7924
Epoch [432/600] Total Loss: 93.9251
Epoch [433/600] Step [0/17] Loss: 5.6087 Bio: 0.9019
Epoch [433/600] Total Loss: 93.8449
Epoch [434/600] Step [0/17] Loss: 5.6417 Bio: 0.8368
Epoch [434/600] Total Loss: 94.6558
Epoch [435/600] Step [0/17] Loss: 5.6857 Bio: 0.8960
Epoch [435/600] Total Loss: 93.0489
Epoch [436/600] Step [0/17] Loss: 5.5494 Bio: 0.9456
Epoch [436/600] Total Loss: 92.7960
Epoch [437/600] Step [0/17] Loss: 5.7611 Bio: 0.7365
Epoch [437/600] Total Loss: 93.7724
Epoch [438/600] Step [0/17] Loss: 5.7241 Bio: 0.7702
Epoch [438/600] Total Loss: 93.9540
Epoch [439/600] Step [0/17] Loss: 5.7713 Bio: 0.6900
Epoch [439/600] Total Loss: 93.2764
Epoch [440/600] Step [0/17] Loss: 5.4187 Bio: 0.8596
Epoch [440/600] Total Loss: 94.8622
Epoch [441/600] Step [0/17] Loss: 5.6433 Bio: 0.9464
Epoch [441/600] Total Loss: 93.4000
Epoch [442/600] Step [0/17] Loss: 5.7539 Bio: 0.8196
Epoch [442/600] Total Loss: 94.3762
Epoch [443/600] Step [0/17] Loss: 5.6232 Bio: 0.8446
Epoch [443/600] Total Loss: 93.1293
Epoch [444/600] Step [0/17] Loss: 5.4369 Bio: 0.9649
Epoch [444/600] Total Loss: 92.4972
Epoch [445/600] Step [0/17] Loss: 5.7203 Bio: 0.8731
Epoch [445/600] Total Loss: 93.2924
Epoch [446/600] Step [0/17] Loss: 5.6899 Bio: 0.7854
Epoch [446/600] Total Loss: 94.4344
Epoch [447/600] Step [0/17] Loss: 5.9080 Bio: 0.8745
Epoch [447/600] Total Loss: 94.6063
Epoch [448/600] Step [0/17] Loss: 5.4448 Bio: 0.9781
Epoch [448/600] Total Loss: 92.3157
Epoch [449/600] Step [0/17] Loss: 5.5960 Bio: 1.0237
Epoch [449/600] Total Loss: 93.8506
Epoch [450/600] Step [0/17] Loss: 5.5466 Bio: 0.7818
Epoch [450/600] Total Loss: 93.8563
Epoch [451/600] Step [0/17] Loss: 5.7172 Bio: 0.8287
Epoch [451/600] Total Loss: 93.2147
Epoch [452/600] Step [0/17] Loss: 5.6075 Bio: 0.7902
Epoch [452/600] Total Loss: 93.2832
Epoch [453/600] Step [0/17] Loss: 5.4530 Bio: 0.7216
Epoch [453/600] Total Loss: 92.8204
Epoch [454/600] Step [0/17] Loss: 5.6532 Bio: 0.8606
Epoch [454/600] Total Loss: 94.5900
Epoch [455/600] Step [0/17] Loss: 5.5096 Bio: 1.1292
Epoch [455/600] Total Loss: 93.4928
Epoch [456/600] Step [0/17] Loss: 5.5506 Bio: 0.7833
Epoch [456/600] Total Loss: 94.0368
Epoch [457/600] Step [0/17] Loss: 5.7419 Bio: 0.7544
Epoch [457/600] Total Loss: 93.9376
Epoch [458/600] Step [0/17] Loss: 5.7096 Bio: 0.7974
Epoch [458/600] Total Loss: 92.7657
Epoch [459/600] Step [0/17] Loss: 5.6815 Bio: 0.8852
Epoch [459/600] Total Loss: 92.8995
Epoch [460/600] Step [0/17] Loss: 5.5990 Bio: 0.7548
Epoch [460/600] Total Loss: 92.4987
Epoch [461/600] Step [0/17] Loss: 5.5991 Bio: 0.8686
Epoch [461/600] Total Loss: 92.5033
Epoch [462/600] Step [0/17] Loss: 5.3437 Bio: 0.7689
Epoch [462/600] Total Loss: 93.2772
Epoch [463/600] Step [0/17] Loss: 5.6218 Bio: 0.8048
Epoch [463/600] Total Loss: 92.8958
Epoch [464/600] Step [0/17] Loss: 5.5270 Bio: 0.8015
Epoch [464/600] Total Loss: 92.1920
Epoch [465/600] Step [0/17] Loss: 5.3134 Bio: 0.7729
Epoch [465/600] Total Loss: 94.0586
Epoch [466/600] Step [0/17] Loss: 5.5653 Bio: 0.7545
Epoch [466/600] Total Loss: 94.1301
Epoch [467/600] Step [0/17] Loss: 5.3470 Bio: 0.7645
Epoch [467/600] Total Loss: 93.3531
Epoch [468/600] Step [0/17] Loss: 5.5875 Bio: 0.7365
Epoch [468/600] Total Loss: 93.7542
Epoch [469/600] Step [0/17] Loss: 6.0322 Bio: 0.7524
Epoch [469/600] Total Loss: 93.4992
Epoch [470/600] Step [0/17] Loss: 5.6330 Bio: 0.8214
Epoch [470/600] Total Loss: 92.3754
Epoch [471/600] Step [0/17] Loss: 5.6645 Bio: 0.7595
Epoch [471/600] Total Loss: 93.0991
Epoch [472/600] Step [0/17] Loss: 5.6045 Bio: 0.9829
Epoch [472/600] Total Loss: 93.8587
Epoch [473/600] Step [0/17] Loss: 5.8310 Bio: 0.8048
Epoch [473/600] Total Loss: 93.3722
Epoch [474/600] Step [0/17] Loss: 5.7929 Bio: 0.8695
Epoch [474/600] Total Loss: 93.3259
Epoch [475/600] Step [0/17] Loss: 5.5645 Bio: 0.9890
Epoch [475/600] Total Loss: 92.9872
Epoch [476/600] Step [0/17] Loss: 5.5803 Bio: 0.9775
Epoch [476/600] Total Loss: 92.1947
Epoch [477/600] Step [0/17] Loss: 5.7860 Bio: 0.8617
Epoch [477/600] Total Loss: 93.5613
Epoch [478/600] Step [0/17] Loss: 5.4203 Bio: 0.7643
Epoch [478/600] Total Loss: 93.9565
Epoch [479/600] Step [0/17] Loss: 5.6950 Bio: 0.9653
Epoch [479/600] Total Loss: 92.9393
Epoch [480/600] Step [0/17] Loss: 5.4129 Bio: 0.8918
Epoch [480/600] Total Loss: 92.4601
Epoch [481/600] Step [0/17] Loss: 5.7156 Bio: 0.9375
Epoch [481/600] Total Loss: 93.6663
Epoch [482/600] Step [0/17] Loss: 5.5126 Bio: 0.8074
Epoch [482/600] Total Loss: 93.9528
Epoch [483/600] Step [0/17] Loss: 5.5070 Bio: 0.8540
Epoch [483/600] Total Loss: 92.5286
Epoch [484/600] Step [0/17] Loss: 5.5312 Bio: 0.7739
Epoch [484/600] Total Loss: 92.6887
Epoch [485/600] Step [0/17] Loss: 5.4960 Bio: 0.8341
Epoch [485/600] Total Loss: 93.0682
Epoch [486/600] Step [0/17] Loss: 5.5790 Bio: 0.7935
Epoch [486/600] Total Loss: 93.0086
Epoch [487/600] Step [0/17] Loss: 5.4627 Bio: 0.9575
Epoch [487/600] Total Loss: 93.6511
Epoch [488/600] Step [0/17] Loss: 5.4351 Bio: 0.8578
Epoch [488/600] Total Loss: 93.1308
Epoch [489/600] Step [0/17] Loss: 5.5611 Bio: 0.8044
Epoch [489/600] Total Loss: 93.3481
Epoch [490/600] Step [0/17] Loss: 5.4462 Bio: 0.8723
Epoch [490/600] Total Loss: 93.7339
Epoch [491/600] Step [0/17] Loss: 5.5453 Bio: 0.9240
Epoch [491/600] Total Loss: 91.9694
Epoch [492/600] Step [0/17] Loss: 5.4580 Bio: 0.9348
Epoch [492/600] Total Loss: 93.2611
Epoch [493/600] Step [0/17] Loss: 5.5470 Bio: 0.9870
Epoch [493/600] Total Loss: 93.4077
Epoch [494/600] Step [0/17] Loss: 5.5672 Bio: 0.8148
Epoch [494/600] Total Loss: 93.2062
Epoch [495/600] Step [0/17] Loss: 5.4386 Bio: 0.8419
Epoch [495/600] Total Loss: 92.6317
Epoch [496/600] Step [0/17] Loss: 5.4878 Bio: 0.8474
Epoch [496/600] Total Loss: 93.7271
Epoch [497/600] Step [0/17] Loss: 5.7095 Bio: 0.7768
Epoch [497/600] Total Loss: 93.1611
Epoch [498/600] Step [0/17] Loss: 5.7262 Bio: 0.8037
Epoch [498/600] Total Loss: 92.5998
Epoch [499/600] Step [0/17] Loss: 5.3935 Bio: 0.7936
Epoch [499/600] Total Loss: 93.9316
Epoch [500/600] Step [0/17] Loss: 5.3666 Bio: 0.9690
Epoch [500/600] Total Loss: 91.2658
Epoch [501/600] Step [0/17] Loss: 5.6074 Bio: 0.9062
Epoch [501/600] Total Loss: 91.9743
Epoch [502/600] Step [0/17] Loss: 5.6748 Bio: 0.6369
Epoch [502/600] Total Loss: 92.9901
Epoch [503/600] Step [0/17] Loss: 5.5379 Bio: 0.8587
Epoch [503/600] Total Loss: 93.8188
Epoch [504/600] Step [0/17] Loss: 5.4841 Bio: 0.8174
Epoch [504/600] Total Loss: 92.3087
Epoch [505/600] Step [0/17] Loss: 5.3832 Bio: 0.7777
Epoch [505/600] Total Loss: 92.9045
Epoch [506/600] Step [0/17] Loss: 5.5926 Bio: 0.9490
Epoch [506/600] Total Loss: 93.1040
Epoch [507/600] Step [0/17] Loss: 5.8425 Bio: 0.9188
Epoch [507/600] Total Loss: 92.6328
Epoch [508/600] Step [0/17] Loss: 5.6468 Bio: 0.7495
Epoch [508/600] Total Loss: 93.9459
Epoch [509/600] Step [0/17] Loss: 5.5781 Bio: 0.8061
Epoch [509/600] Total Loss: 93.6545
Epoch [510/600] Step [0/17] Loss: 5.6436 Bio: 0.8299
Epoch [510/600] Total Loss: 93.2863
Epoch [511/600] Step [0/17] Loss: 5.6790 Bio: 0.8195
Epoch [511/600] Total Loss: 93.1635
Epoch [512/600] Step [0/17] Loss: 5.4502 Bio: 0.7590
Epoch [512/600] Total Loss: 93.3907
Epoch [513/600] Step [0/17] Loss: 5.5570 Bio: 0.8853
Epoch [513/600] Total Loss: 92.4541
Epoch [514/600] Step [0/17] Loss: 5.5327 Bio: 0.9442
Epoch [514/600] Total Loss: 93.6687
Epoch [515/600] Step [0/17] Loss: 5.4464 Bio: 0.7760
Epoch [515/600] Total Loss: 92.5292
Epoch [516/600] Step [0/17] Loss: 5.5782 Bio: 0.8928
Epoch [516/600] Total Loss: 92.2300
Epoch [517/600] Step [0/17] Loss: 5.4264 Bio: 1.1606
Epoch [517/600] Total Loss: 91.3214
Epoch [518/600] Step [0/17] Loss: 5.4909 Bio: 0.8491
Epoch [518/600] Total Loss: 92.6046
Epoch [519/600] Step [0/17] Loss: 5.6046 Bio: 0.9226
Epoch [519/600] Total Loss: 92.8257
Epoch [520/600] Step [0/17] Loss: 5.4172 Bio: 0.8873
Epoch [520/600] Total Loss: 92.4214
Epoch [521/600] Step [0/17] Loss: 5.4556 Bio: 0.8411
Epoch [521/600] Total Loss: 92.9449
Epoch [522/600] Step [0/17] Loss: 5.7166 Bio: 0.9066
Epoch [522/600] Total Loss: 91.9279
Epoch [523/600] Step [0/17] Loss: 5.5401 Bio: 1.1131
Epoch [523/600] Total Loss: 92.0444
Epoch [524/600] Step [0/17] Loss: 5.6706 Bio: 0.7739
Epoch [524/600] Total Loss: 93.1227
Epoch [525/600] Step [0/17] Loss: 5.4481 Bio: 0.6476
Epoch [525/600] Total Loss: 92.8788
Epoch [526/600] Step [0/17] Loss: 5.4744 Bio: 0.9249
Epoch [526/600] Total Loss: 92.5566
Epoch [527/600] Step [0/17] Loss: 5.5510 Bio: 0.9357
Epoch [527/600] Total Loss: 92.6992
Epoch [528/600] Step [0/17] Loss: 5.5094 Bio: 1.0075
Epoch [528/600] Total Loss: 92.5770
Epoch [529/600] Step [0/17] Loss: 5.4744 Bio: 0.6757
Epoch [529/600] Total Loss: 92.4255
Epoch [530/600] Step [0/17] Loss: 5.2811 Bio: 0.7917
Epoch [530/600] Total Loss: 92.6280
Epoch [531/600] Step [0/17] Loss: 5.4731 Bio: 0.7888
Epoch [531/600] Total Loss: 92.0487
Epoch [532/600] Step [0/17] Loss: 5.5818 Bio: 0.8665
Epoch [532/600] Total Loss: 92.6534
Epoch [533/600] Step [0/17] Loss: 5.4665 Bio: 0.7015
Epoch [533/600] Total Loss: 93.1917
Epoch [534/600] Step [0/17] Loss: 5.6223 Bio: 0.9597
Epoch [534/600] Total Loss: 92.1928
Epoch [535/600] Step [0/17] Loss: 5.5677 Bio: 0.7583
Epoch [535/600] Total Loss: 92.7662
Epoch [536/600] Step [0/17] Loss: 5.6732 Bio: 0.8559
Epoch [536/600] Total Loss: 92.4655
Epoch [537/600] Step [0/17] Loss: 5.4116 Bio: 0.7884
Epoch [537/600] Total Loss: 93.0379
Epoch [538/600] Step [0/17] Loss: 5.5473 Bio: 0.9244
Epoch [538/600] Total Loss: 93.0113
Epoch [539/600] Step [0/17] Loss: 5.5656 Bio: 0.7940
Epoch [539/600] Total Loss: 93.1766
Epoch [540/600] Step [0/17] Loss: 5.8109 Bio: 0.8211
Epoch [540/600] Total Loss: 92.6615
Epoch [541/600] Step [0/17] Loss: 5.5435 Bio: 0.8107
Epoch [541/600] Total Loss: 91.8476
Epoch [542/600] Step [0/17] Loss: 5.5209 Bio: 0.8039
Epoch [542/600] Total Loss: 92.1353
Epoch [543/600] Step [0/17] Loss: 5.7157 Bio: 0.7475
Epoch [543/600] Total Loss: 93.4712
Epoch [544/600] Step [0/17] Loss: 5.6589 Bio: 0.8724
Epoch [544/600] Total Loss: 92.2267
Epoch [545/600] Step [0/17] Loss: 5.3502 Bio: 0.7805
Epoch [545/600] Total Loss: 92.7767
Epoch [546/600] Step [0/17] Loss: 5.4389 Bio: 0.6987
Epoch [546/600] Total Loss: 91.7298
Epoch [547/600] Step [0/17] Loss: 5.4890 Bio: 0.9145
Epoch [547/600] Total Loss: 92.1745
Epoch [548/600] Step [0/17] Loss: 5.4133 Bio: 0.8003
Epoch [548/600] Total Loss: 92.1174
Epoch [549/600] Step [0/17] Loss: 5.6782 Bio: 0.8590
Epoch [549/600] Total Loss: 93.3528
Epoch [550/600] Step [0/17] Loss: 5.6203 Bio: 0.8153
Epoch [550/600] Total Loss: 92.6489
Epoch [551/600] Step [0/17] Loss: 5.6018 Bio: 1.1458
Epoch [551/600] Total Loss: 91.8949
Epoch [552/600] Step [0/17] Loss: 5.5335 Bio: 0.7256
Epoch [552/600] Total Loss: 92.4887
Epoch [553/600] Step [0/17] Loss: 5.5587 Bio: 0.8627
Epoch [553/600] Total Loss: 92.9310
Epoch [554/600] Step [0/17] Loss: 5.4141 Bio: 0.8670
Epoch [554/600] Total Loss: 92.1699
Epoch [555/600] Step [0/17] Loss: 5.5630 Bio: 0.7871
Epoch [555/600] Total Loss: 92.4264
Epoch [556/600] Step [0/17] Loss: 5.5938 Bio: 0.8526
Epoch [556/600] Total Loss: 91.3466
Epoch [557/600] Step [0/17] Loss: 5.4239 Bio: 0.9373
Epoch [557/600] Total Loss: 92.7395
Epoch [558/600] Step [0/17] Loss: 5.4784 Bio: 0.7961
Epoch [558/600] Total Loss: 91.9095
Epoch [559/600] Step [0/17] Loss: 5.3444 Bio: 0.8348
Epoch [559/600] Total Loss: 92.5918
Epoch [560/600] Step [0/17] Loss: 5.6732 Bio: 0.7424
Epoch [560/600] Total Loss: 91.2548
Epoch [561/600] Step [0/17] Loss: 5.5273 Bio: 0.8233
Epoch [561/600] Total Loss: 91.7953
Epoch [562/600] Step [0/17] Loss: 5.5706 Bio: 0.9472
Epoch [562/600] Total Loss: 92.9540
Epoch [563/600] Step [0/17] Loss: 5.4847 Bio: 0.9336
Epoch [563/600] Total Loss: 92.8137
Epoch [564/600] Step [0/17] Loss: 5.5278 Bio: 0.7859
Epoch [564/600] Total Loss: 91.8919
Epoch [565/600] Step [0/17] Loss: 5.4531 Bio: 0.9469
Epoch [565/600] Total Loss: 93.6003
Epoch [566/600] Step [0/17] Loss: 5.2472 Bio: 0.8144
Epoch [566/600] Total Loss: 91.4026
Epoch [567/600] Step [0/17] Loss: 5.5880 Bio: 0.8731
Epoch [567/600] Total Loss: 92.2942
Epoch [568/600] Step [0/17] Loss: 5.6732 Bio: 0.9056
Epoch [568/600] Total Loss: 91.6622
Epoch [569/600] Step [0/17] Loss: 5.6088 Bio: 0.8691
Epoch [569/600] Total Loss: 92.3860
Epoch [570/600] Step [0/17] Loss: 5.5325 Bio: 0.7540
Epoch [570/600] Total Loss: 92.5515
Epoch [571/600] Step [0/17] Loss: 5.3199 Bio: 0.7782
Epoch [571/600] Total Loss: 91.0786
Epoch [572/600] Step [0/17] Loss: 5.5643 Bio: 0.8262
Epoch [572/600] Total Loss: 93.6286
Epoch [573/600] Step [0/17] Loss: 5.6708 Bio: 0.8859
Epoch [573/600] Total Loss: 91.1515
Epoch [574/600] Step [0/17] Loss: 5.6143 Bio: 0.8107
Epoch [574/600] Total Loss: 91.7052
Epoch [575/600] Step [0/17] Loss: 5.5280 Bio: 0.7572
Epoch [575/600] Total Loss: 92.1486
Epoch [576/600] Step [0/17] Loss: 5.7975 Bio: 0.8350
Epoch [576/600] Total Loss: 93.1865
Epoch [577/600] Step [0/17] Loss: 5.5644 Bio: 0.7874
Epoch [577/600] Total Loss: 92.5449
Epoch [578/600] Step [0/17] Loss: 5.4793 Bio: 0.8992
Epoch [578/600] Total Loss: 92.0342
Epoch [579/600] Step [0/17] Loss: 5.5401 Bio: 0.7582
Epoch [579/600] Total Loss: 91.9764
Epoch [580/600] Step [0/17] Loss: 5.5285 Bio: 1.0278
Epoch [580/600] Total Loss: 92.0054
Epoch [581/600] Step [0/17] Loss: 5.4542 Bio: 0.8554
Epoch [581/600] Total Loss: 92.9439
Epoch [582/600] Step [0/17] Loss: 5.4195 Bio: 0.7943
Epoch [582/600] Total Loss: 93.3656
Epoch [583/600] Step [0/17] Loss: 5.6385 Bio: 0.8142
Epoch [583/600] Total Loss: 92.3718
Epoch [584/600] Step [0/17] Loss: 5.6365 Bio: 0.9181
Epoch [584/600] Total Loss: 92.6036
Epoch [585/600] Step [0/17] Loss: 5.5041 Bio: 0.9021
Epoch [585/600] Total Loss: 92.6518
Epoch [586/600] Step [0/17] Loss: 5.5130 Bio: 0.8719
Epoch [586/600] Total Loss: 92.4010
Epoch [587/600] Step [0/17] Loss: 5.5208 Bio: 0.8389
Epoch [587/600] Total Loss: 92.7920
Epoch [588/600] Step [0/17] Loss: 5.4782 Bio: 1.1645
Epoch [588/600] Total Loss: 92.7307
Epoch [589/600] Step [0/17] Loss: 5.5426 Bio: 0.7741
Epoch [589/600] Total Loss: 91.6359
Epoch [590/600] Step [0/17] Loss: 5.7175 Bio: 0.7990
Epoch [590/600] Total Loss: 92.5300
Epoch [591/600] Step [0/17] Loss: 5.4447 Bio: 0.7989
Epoch [591/600] Total Loss: 92.3080
Epoch [592/600] Step [0/17] Loss: 5.4869 Bio: 0.7457
Epoch [592/600] Total Loss: 92.3998
Epoch [593/600] Step [0/17] Loss: 5.3626 Bio: 0.7519
Epoch [593/600] Total Loss: 92.1664
Epoch [594/600] Step [0/17] Loss: 5.5363 Bio: 0.8274
Epoch [594/600] Total Loss: 91.8729
Epoch [595/600] Step [0/17] Loss: 5.6527 Bio: 0.9873
Epoch [595/600] Total Loss: 91.5759
Epoch [596/600] Step [0/17] Loss: 5.5120 Bio: 0.7981
Epoch [596/600] Total Loss: 91.5976
Epoch [597/600] Step [0/17] Loss: 5.4959 Bio: 0.7842
Epoch [597/600] Total Loss: 92.9409
Epoch [598/600] Step [0/17] Loss: 5.5159 Bio: 0.9382
Epoch [598/600] Total Loss: 92.2051
Epoch [599/600] Step [0/17] Loss: 5.6863 Bio: 0.7945
Epoch [599/600] Total Loss: 93.4555

=== Loss Summary ===
  Epoch   1: 118.9270
  Epoch 151: 97.9247
  Epoch 301: 95.0551
  Epoch 451: 93.8563
  Epoch 600: 93.4555
  Delta (last 25% = 150 ep): -0.4008
  If delta > -1.0, model has converged
linear training complete.
Training completed at: Mon Apr 20 03:10:22 EDT 2026
============================================================
CLUSTERING EVALUATION
============================================================
✅ Loaded ground truth from data/ground_truth/ground_truth_BRCA.csv
   Total patients with labels: 803

📂 Loading model from save/model_bioanchor_linear_best/checkpoint_600.tar...
   head_type=linear, bio_dim=4
✅ Model loaded successfully

📊 Loading data for BRCA...
[dataloader] No bio_anchor_file specified — loading omics only
✅ Data loaded successfully

🔮 Getting predictions...
✅ Predictions obtained: 1031 samples

🔍 Filtering to patients with ground truth...
   Patients with both predictions and ground truth: 803
   Final evaluation size: 803 patients

📈 Computing metrics...

============================================================
RESULTS
============================================================
ARI                 : 0.3091
NMI                 : 0.4612
V-measure           : 0.4612
============================================================

📊 Creating visualizations...
Saved confusion matrix to results/BRCA_confusion_matrix.png
Saved distribution plot to results/BRCA_cluster_distribution.png
Computing t-SNE (this may take a minute)...
Saved t-SNE plot to results/BRCA_tsne.png

💾 Saved results to results/BRCA_evaluation.csv

✅ Evaluation complete!
=== linear best config complete ===
Job finished at: Mon Apr 20 03:10:35 EDT 2026
