=== Reproduction run: old linear architecture ===
Job started at: Mon Apr 20 11:56:29 EDT 2026
Running on node: hpc-m35-4-12.local
Job ID: 11921467
Linear Bio-Anchor Head
Cancer: BRCA | bio_dim: 4 | lambda_bio: 0.1
Bio anchor file: data/bio_anchors/bio_anchors_BRCA_combo_3plus_apoptosis_score.csv
[dataloader] Loaded bio-anchors from data/bio_anchors/bio_anchors_BRCA_combo_3plus_apoptosis_score.csv: torch.Size([1031, 4])
Cluster number: 5
Epoch [0/200] Step [0/17] Loss: 7.1413 Bio: 1.0736
Epoch [0/200] Total Loss: 118.9495
Epoch [1/200] Step [0/17] Loss: 7.1315 Bio: 0.9817
Epoch [1/200] Total Loss: 118.3904
Epoch [2/200] Step [0/17] Loss: 7.0463 Bio: 0.9968
Epoch [2/200] Total Loss: 117.6112
Epoch [3/200] Step [0/17] Loss: 6.9601 Bio: 0.8724
Epoch [3/200] Total Loss: 114.4949
Epoch [4/200] Step [0/17] Loss: 7.0028 Bio: 1.0307
Epoch [4/200] Total Loss: 112.3318
Epoch [5/200] Step [0/17] Loss: 6.6977 Bio: 0.8689
Epoch [5/200] Total Loss: 111.6632
Epoch [6/200] Step [0/17] Loss: 6.7608 Bio: 1.0280
Epoch [6/200] Total Loss: 111.2677
Epoch [7/200] Step [0/17] Loss: 6.5850 Bio: 0.8491
Epoch [7/200] Total Loss: 110.1279
Epoch [8/200] Step [0/17] Loss: 6.7435 Bio: 1.0102
Epoch [8/200] Total Loss: 111.3017
Epoch [9/200] Step [0/17] Loss: 6.6267 Bio: 1.1043
Epoch [9/200] Total Loss: 109.2227
Epoch [10/200] Step [0/17] Loss: 6.4223 Bio: 1.0591
Epoch [10/200] Total Loss: 109.0683
Epoch [11/200] Step [0/17] Loss: 6.6708 Bio: 0.9034
Epoch [11/200] Total Loss: 109.4736
Epoch [12/200] Step [0/17] Loss: 6.7881 Bio: 0.7920
Epoch [12/200] Total Loss: 107.7009
Epoch [13/200] Step [0/17] Loss: 6.5523 Bio: 1.0071
Epoch [13/200] Total Loss: 107.9875
Epoch [14/200] Step [0/17] Loss: 6.5861 Bio: 0.9787
Epoch [14/200] Total Loss: 108.8015
Epoch [15/200] Step [0/17] Loss: 6.7154 Bio: 0.9121
Epoch [15/200] Total Loss: 108.6790
Epoch [16/200] Step [0/17] Loss: 6.4758 Bio: 0.8856
Epoch [16/200] Total Loss: 106.8101
Epoch [17/200] Step [0/17] Loss: 6.2864 Bio: 0.9468
Epoch [17/200] Total Loss: 105.5056
Epoch [18/200] Step [0/17] Loss: 6.4673 Bio: 0.8203
Epoch [18/200] Total Loss: 105.7314
Epoch [19/200] Step [0/17] Loss: 6.4132 Bio: 0.9636
Epoch [19/200] Total Loss: 106.5913
Epoch [20/200] Step [0/17] Loss: 7.0109 Bio: 0.8644
Epoch [20/200] Total Loss: 106.7864
Epoch [21/200] Step [0/17] Loss: 6.4847 Bio: 1.0995
Epoch [21/200] Total Loss: 105.2333
Epoch [22/200] Step [0/17] Loss: 6.2323 Bio: 0.9526
Epoch [22/200] Total Loss: 105.4499
Epoch [23/200] Step [0/17] Loss: 6.4542 Bio: 0.9501
Epoch [23/200] Total Loss: 105.4021
Epoch [24/200] Step [0/17] Loss: 6.3363 Bio: 0.9542
Epoch [24/200] Total Loss: 106.4933
Epoch [25/200] Step [0/17] Loss: 6.5746 Bio: 0.9709
Epoch [25/200] Total Loss: 104.8520
Epoch [26/200] Step [0/17] Loss: 6.3724 Bio: 1.0681
Epoch [26/200] Total Loss: 106.6934
Epoch [27/200] Step [0/17] Loss: 6.4734 Bio: 0.9322
Epoch [27/200] Total Loss: 103.9934
Epoch [28/200] Step [0/17] Loss: 6.3759 Bio: 0.8767
Epoch [28/200] Total Loss: 104.7040
Epoch [29/200] Step [0/17] Loss: 6.2175 Bio: 1.0876
Epoch [29/200] Total Loss: 106.5518
Epoch [30/200] Step [0/17] Loss: 6.3491 Bio: 0.9030
Epoch [30/200] Total Loss: 104.2595
Epoch [31/200] Step [0/17] Loss: 6.3631 Bio: 1.2135
Epoch [31/200] Total Loss: 103.5211
Epoch [32/200] Step [0/17] Loss: 6.2817 Bio: 1.0586
Epoch [32/200] Total Loss: 103.8062
Epoch [33/200] Step [0/17] Loss: 6.2649 Bio: 0.7980
Epoch [33/200] Total Loss: 103.8777
Epoch [34/200] Step [0/17] Loss: 6.2384 Bio: 0.8832
Epoch [34/200] Total Loss: 104.0607
Epoch [35/200] Step [0/17] Loss: 6.2045 Bio: 0.9604
Epoch [35/200] Total Loss: 104.0332
Epoch [36/200] Step [0/17] Loss: 6.1567 Bio: 0.9526
Epoch [36/200] Total Loss: 102.7544
Epoch [37/200] Step [0/17] Loss: 6.1593 Bio: 0.9425
Epoch [37/200] Total Loss: 103.2187
Epoch [38/200] Step [0/17] Loss: 6.0137 Bio: 0.9519
Epoch [38/200] Total Loss: 103.6810
Epoch [39/200] Step [0/17] Loss: 6.1789 Bio: 0.9788
Epoch [39/200] Total Loss: 102.8804
Epoch [40/200] Step [0/17] Loss: 6.6334 Bio: 1.0940
Epoch [40/200] Total Loss: 101.5158
Epoch [41/200] Step [0/17] Loss: 6.0691 Bio: 0.9250
Epoch [41/200] Total Loss: 101.4702
Epoch [42/200] Step [0/17] Loss: 6.0351 Bio: 0.9019
Epoch [42/200] Total Loss: 102.2337
Epoch [43/200] Step [0/17] Loss: 6.1965 Bio: 1.0209
Epoch [43/200] Total Loss: 102.7061
Epoch [44/200] Step [0/17] Loss: 6.0036 Bio: 0.9302
Epoch [44/200] Total Loss: 102.2541
Epoch [45/200] Step [0/17] Loss: 6.3212 Bio: 0.9890
Epoch [45/200] Total Loss: 103.8221
Epoch [46/200] Step [0/17] Loss: 6.0639 Bio: 1.2036
Epoch [46/200] Total Loss: 103.6092
Epoch [47/200] Step [0/17] Loss: 6.2476 Bio: 1.0013
Epoch [47/200] Total Loss: 101.7329
Epoch [48/200] Step [0/17] Loss: 6.0609 Bio: 0.8420
Epoch [48/200] Total Loss: 102.3964
Epoch [49/200] Step [0/17] Loss: 6.0263 Bio: 1.0003
Epoch [49/200] Total Loss: 103.3116
Epoch [50/200] Step [0/17] Loss: 6.2919 Bio: 1.0099
Epoch [50/200] Total Loss: 103.2851
Epoch [51/200] Step [0/17] Loss: 6.1889 Bio: 0.8009
Epoch [51/200] Total Loss: 100.5478
Epoch [52/200] Step [0/17] Loss: 5.8194 Bio: 0.9077
Epoch [52/200] Total Loss: 100.3024
Epoch [53/200] Step [0/17] Loss: 5.9832 Bio: 0.9898
Epoch [53/200] Total Loss: 101.8431
Epoch [54/200] Step [0/17] Loss: 6.3442 Bio: 0.8900
Epoch [54/200] Total Loss: 101.2758
Epoch [55/200] Step [0/17] Loss: 5.9107 Bio: 0.8253
Epoch [55/200] Total Loss: 102.7218
Epoch [56/200] Step [0/17] Loss: 5.8902 Bio: 1.0298
Epoch [56/200] Total Loss: 101.9086
Epoch [57/200] Step [0/17] Loss: 6.1736 Bio: 0.9891
Epoch [57/200] Total Loss: 100.7354
Epoch [58/200] Step [0/17] Loss: 5.9688 Bio: 0.9911
Epoch [58/200] Total Loss: 101.0826
Epoch [59/200] Step [0/17] Loss: 6.1258 Bio: 0.8978
Epoch [59/200] Total Loss: 100.4818
Epoch [60/200] Step [0/17] Loss: 5.9693 Bio: 0.9800
Epoch [60/200] Total Loss: 100.6921
Epoch [61/200] Step [0/17] Loss: 5.8074 Bio: 1.0078
Epoch [61/200] Total Loss: 99.9510
Epoch [62/200] Step [0/17] Loss: 5.9896 Bio: 0.8326
Epoch [62/200] Total Loss: 100.5325
Epoch [63/200] Step [0/17] Loss: 6.1220 Bio: 0.9915
Epoch [63/200] Total Loss: 101.4050
Epoch [64/200] Step [0/17] Loss: 6.0232 Bio: 0.8467
Epoch [64/200] Total Loss: 98.9079
Epoch [65/200] Step [0/17] Loss: 6.2428 Bio: 1.0752
Epoch [65/200] Total Loss: 100.8154
Epoch [66/200] Step [0/17] Loss: 5.9588 Bio: 0.9243
Epoch [66/200] Total Loss: 100.4811
Epoch [67/200] Step [0/17] Loss: 5.8996 Bio: 0.9379
Epoch [67/200] Total Loss: 100.1255
Epoch [68/200] Step [0/17] Loss: 5.8112 Bio: 0.9694
Epoch [68/200] Total Loss: 100.1039
Epoch [69/200] Step [0/17] Loss: 6.0129 Bio: 1.1093
Epoch [69/200] Total Loss: 98.9393
Epoch [70/200] Step [0/17] Loss: 5.9368 Bio: 0.8120
Epoch [70/200] Total Loss: 99.0211
Epoch [71/200] Step [0/17] Loss: 5.8533 Bio: 0.8181
Epoch [71/200] Total Loss: 98.0944
Epoch [72/200] Step [0/17] Loss: 6.0345 Bio: 0.8402
Epoch [72/200] Total Loss: 97.6178
Epoch [73/200] Step [0/17] Loss: 5.8779 Bio: 0.9025
Epoch [73/200] Total Loss: 99.1402
Epoch [74/200] Step [0/17] Loss: 5.9971 Bio: 0.8985
Epoch [74/200] Total Loss: 98.5393
Epoch [75/200] Step [0/17] Loss: 6.0408 Bio: 0.9988
Epoch [75/200] Total Loss: 99.5220
Epoch [76/200] Step [0/17] Loss: 6.1059 Bio: 1.0123
Epoch [76/200] Total Loss: 98.3457
Epoch [77/200] Step [0/17] Loss: 6.1275 Bio: 0.8357
Epoch [77/200] Total Loss: 98.0117
Epoch [78/200] Step [0/17] Loss: 6.0694 Bio: 0.8709
Epoch [78/200] Total Loss: 98.5819
Epoch [79/200] Step [0/17] Loss: 5.7751 Bio: 0.9670
Epoch [79/200] Total Loss: 99.4716
Epoch [80/200] Step [0/17] Loss: 5.8368 Bio: 0.7918
Epoch [80/200] Total Loss: 99.7004
Epoch [81/200] Step [0/17] Loss: 6.1246 Bio: 1.1407
Epoch [81/200] Total Loss: 99.5703
Epoch [82/200] Step [0/17] Loss: 6.0510 Bio: 0.8532
Epoch [82/200] Total Loss: 98.4504
Epoch [83/200] Step [0/17] Loss: 5.9931 Bio: 0.7540
Epoch [83/200] Total Loss: 97.9522
Epoch [84/200] Step [0/17] Loss: 5.8351 Bio: 0.8528
Epoch [84/200] Total Loss: 98.6036
Epoch [85/200] Step [0/17] Loss: 5.9850 Bio: 0.8742
Epoch [85/200] Total Loss: 97.6986
Epoch [86/200] Step [0/17] Loss: 5.9496 Bio: 1.0462
Epoch [86/200] Total Loss: 99.1212
Epoch [87/200] Step [0/17] Loss: 5.8295 Bio: 0.9391
Epoch [87/200] Total Loss: 98.1314
Epoch [88/200] Step [0/17] Loss: 5.8508 Bio: 0.8519
Epoch [88/200] Total Loss: 98.7877
Epoch [89/200] Step [0/17] Loss: 5.9175 Bio: 0.8652
Epoch [89/200] Total Loss: 100.3386
Epoch [90/200] Step [0/17] Loss: 5.9204 Bio: 0.9589
Epoch [90/200] Total Loss: 98.4012
Epoch [91/200] Step [0/17] Loss: 6.0620 Bio: 0.9148
Epoch [91/200] Total Loss: 99.5603
Epoch [92/200] Step [0/17] Loss: 5.8338 Bio: 0.7877
Epoch [92/200] Total Loss: 98.8972
Epoch [93/200] Step [0/17] Loss: 5.8329 Bio: 0.8435
Epoch [93/200] Total Loss: 97.4268
Epoch [94/200] Step [0/17] Loss: 5.8529 Bio: 0.7817
Epoch [94/200] Total Loss: 96.9754
Epoch [95/200] Step [0/17] Loss: 5.8646 Bio: 0.7518
Epoch [95/200] Total Loss: 98.4467
Epoch [96/200] Step [0/17] Loss: 5.8989 Bio: 0.9841
Epoch [96/200] Total Loss: 98.1304
Epoch [97/200] Step [0/17] Loss: 5.9513 Bio: 0.6961
Epoch [97/200] Total Loss: 99.0882
Epoch [98/200] Step [0/17] Loss: 5.7331 Bio: 1.0961
Epoch [98/200] Total Loss: 97.0990
Epoch [99/200] Step [0/17] Loss: 5.9420 Bio: 0.9392
Epoch [99/200] Total Loss: 97.8283
Epoch [100/200] Step [0/17] Loss: 5.7810 Bio: 1.1792
Epoch [100/200] Total Loss: 97.2151
Epoch [101/200] Step [0/17] Loss: 5.8909 Bio: 0.9014
Epoch [101/200] Total Loss: 96.6556
Epoch [102/200] Step [0/17] Loss: 5.7458 Bio: 1.0181
Epoch [102/200] Total Loss: 97.8062
Epoch [103/200] Step [0/17] Loss: 6.2331 Bio: 0.7448
Epoch [103/200] Total Loss: 97.9273
Epoch [104/200] Step [0/17] Loss: 5.9571 Bio: 0.8849
Epoch [104/200] Total Loss: 97.6519
Epoch [105/200] Step [0/17] Loss: 5.7666 Bio: 1.0149
Epoch [105/200] Total Loss: 98.4791
Epoch [106/200] Step [0/17] Loss: 5.9029 Bio: 0.7333
Epoch [106/200] Total Loss: 97.4540
Epoch [107/200] Step [0/17] Loss: 5.9466 Bio: 0.8145
Epoch [107/200] Total Loss: 98.0512
Epoch [108/200] Step [0/17] Loss: 6.0926 Bio: 1.0862
Epoch [108/200] Total Loss: 98.4865
Epoch [109/200] Step [0/17] Loss: 5.6455 Bio: 0.7585
Epoch [109/200] Total Loss: 96.9700
Epoch [110/200] Step [0/17] Loss: 5.7362 Bio: 0.9570
Epoch [110/200] Total Loss: 97.6940
Epoch [111/200] Step [0/17] Loss: 6.0060 Bio: 1.0128
Epoch [111/200] Total Loss: 96.7584
Epoch [112/200] Step [0/17] Loss: 5.7192 Bio: 0.9021
Epoch [112/200] Total Loss: 97.4232
Epoch [113/200] Step [0/17] Loss: 5.9526 Bio: 0.8437
Epoch [113/200] Total Loss: 98.6925
Epoch [114/200] Step [0/17] Loss: 5.7680 Bio: 0.8473
Epoch [114/200] Total Loss: 97.9005
Epoch [115/200] Step [0/17] Loss: 5.7232 Bio: 0.9308
Epoch [115/200] Total Loss: 97.5189
Epoch [116/200] Step [0/17] Loss: 6.0894 Bio: 1.0419
Epoch [116/200] Total Loss: 97.7850
Epoch [117/200] Step [0/17] Loss: 5.6857 Bio: 0.8225
Epoch [117/200] Total Loss: 97.3206
Epoch [118/200] Step [0/17] Loss: 5.8014 Bio: 0.9175
Epoch [118/200] Total Loss: 96.5784
Epoch [119/200] Step [0/17] Loss: 5.6985 Bio: 0.8953
Epoch [119/200] Total Loss: 96.3991
Epoch [120/200] Step [0/17] Loss: 5.8849 Bio: 1.0309
Epoch [120/200] Total Loss: 98.8964
Epoch [121/200] Step [0/17] Loss: 5.7016 Bio: 0.9427
Epoch [121/200] Total Loss: 96.8296
Epoch [122/200] Step [0/17] Loss: 5.8022 Bio: 0.8395
Epoch [122/200] Total Loss: 95.7378
Epoch [123/200] Step [0/17] Loss: 5.9262 Bio: 0.9853
Epoch [123/200] Total Loss: 96.9856
Epoch [124/200] Step [0/17] Loss: 5.7274 Bio: 0.8312
Epoch [124/200] Total Loss: 96.5527
Epoch [125/200] Step [0/17] Loss: 5.8870 Bio: 0.8025
Epoch [125/200] Total Loss: 96.2331
Epoch [126/200] Step [0/17] Loss: 5.8886 Bio: 0.7948
Epoch [126/200] Total Loss: 97.7587
Epoch [127/200] Step [0/17] Loss: 5.5571 Bio: 0.9611
Epoch [127/200] Total Loss: 95.6855
Epoch [128/200] Step [0/17] Loss: 5.6056 Bio: 0.8075
Epoch [128/200] Total Loss: 96.5984
Epoch [129/200] Step [0/17] Loss: 5.7687 Bio: 0.9013
Epoch [129/200] Total Loss: 96.0250
Epoch [130/200] Step [0/17] Loss: 5.7943 Bio: 0.7096
Epoch [130/200] Total Loss: 97.1702
Epoch [131/200] Step [0/17] Loss: 6.0095 Bio: 0.9029
Epoch [131/200] Total Loss: 96.1792
Epoch [132/200] Step [0/17] Loss: 5.7794 Bio: 0.8650
Epoch [132/200] Total Loss: 96.3904
Epoch [133/200] Step [0/17] Loss: 5.7741 Bio: 0.9138
Epoch [133/200] Total Loss: 97.7457
Epoch [134/200] Step [0/17] Loss: 5.6503 Bio: 0.8903
Epoch [134/200] Total Loss: 97.4932
Epoch [135/200] Step [0/17] Loss: 5.6985 Bio: 0.9012
Epoch [135/200] Total Loss: 96.8417
Epoch [136/200] Step [0/17] Loss: 5.8542 Bio: 0.8682
Epoch [136/200] Total Loss: 95.8273
Epoch [137/200] Step [0/17] Loss: 5.8774 Bio: 0.7539
Epoch [137/200] Total Loss: 97.5930
Epoch [138/200] Step [0/17] Loss: 5.6167 Bio: 1.0145
Epoch [138/200] Total Loss: 95.7766
Epoch [139/200] Step [0/17] Loss: 6.0263 Bio: 0.8321
Epoch [139/200] Total Loss: 96.1923
Epoch [140/200] Step [0/17] Loss: 5.8118 Bio: 1.1068
Epoch [140/200] Total Loss: 97.4933
Epoch [141/200] Step [0/17] Loss: 5.8820 Bio: 0.9214
Epoch [141/200] Total Loss: 97.8995
Epoch [142/200] Step [0/17] Loss: 5.9957 Bio: 0.7324
Epoch [142/200] Total Loss: 97.1047
Epoch [143/200] Step [0/17] Loss: 5.8185 Bio: 0.7904
Epoch [143/200] Total Loss: 97.6642
Epoch [144/200] Step [0/17] Loss: 5.8463 Bio: 0.9034
Epoch [144/200] Total Loss: 96.3076
Epoch [145/200] Step [0/17] Loss: 5.9711 Bio: 1.0316
Epoch [145/200] Total Loss: 95.5089
Epoch [146/200] Step [0/17] Loss: 5.6264 Bio: 0.8726
Epoch [146/200] Total Loss: 94.5639
Epoch [147/200] Step [0/17] Loss: 6.0961 Bio: 0.8361
Epoch [147/200] Total Loss: 96.7074
Epoch [148/200] Step [0/17] Loss: 5.5752 Bio: 0.7969
Epoch [148/200] Total Loss: 97.4369
Epoch [149/200] Step [0/17] Loss: 5.8001 Bio: 0.9236
Epoch [149/200] Total Loss: 95.4845
Epoch [150/200] Step [0/17] Loss: 5.8100 Bio: 1.0012
Epoch [150/200] Total Loss: 96.1385
Epoch [151/200] Step [0/17] Loss: 5.5861 Bio: 0.6854
Epoch [151/200] Total Loss: 95.2572
Epoch [152/200] Step [0/17] Loss: 5.8881 Bio: 0.8910
Epoch [152/200] Total Loss: 96.3881
Epoch [153/200] Step [0/17] Loss: 5.6339 Bio: 0.9805
Epoch [153/200] Total Loss: 96.8273
Epoch [154/200] Step [0/17] Loss: 5.7650 Bio: 0.8108
Epoch [154/200] Total Loss: 97.0194
Epoch [155/200] Step [0/17] Loss: 5.9211 Bio: 0.8497
Epoch [155/200] Total Loss: 95.5304
Epoch [156/200] Step [0/17] Loss: 5.8445 Bio: 0.9060
Epoch [156/200] Total Loss: 95.1230
Epoch [157/200] Step [0/17] Loss: 5.7459 Bio: 1.1385
Epoch [157/200] Total Loss: 97.1352
Epoch [158/200] Step [0/17] Loss: 5.5599 Bio: 1.0130
Epoch [158/200] Total Loss: 96.8444
Epoch [159/200] Step [0/17] Loss: 5.6419 Bio: 0.9218
Epoch [159/200] Total Loss: 96.6838
Epoch [160/200] Step [0/17] Loss: 5.7868 Bio: 0.9810
Epoch [160/200] Total Loss: 97.0531
Epoch [161/200] Step [0/17] Loss: 5.6658 Bio: 0.7687
Epoch [161/200] Total Loss: 95.2598
Epoch [162/200] Step [0/17] Loss: 5.7341 Bio: 0.7013
Epoch [162/200] Total Loss: 96.8358
Epoch [163/200] Step [0/17] Loss: 5.6991 Bio: 0.8729
Epoch [163/200] Total Loss: 97.5470
Epoch [164/200] Step [0/17] Loss: 5.9680 Bio: 0.7425
Epoch [164/200] Total Loss: 96.9761
Epoch [165/200] Step [0/17] Loss: 5.5816 Bio: 0.8151
Epoch [165/200] Total Loss: 96.1282
Epoch [166/200] Step [0/17] Loss: 5.8782 Bio: 0.8464
Epoch [166/200] Total Loss: 96.0947
Epoch [167/200] Step [0/17] Loss: 5.6871 Bio: 0.9096
Epoch [167/200] Total Loss: 96.8635
Epoch [168/200] Step [0/17] Loss: 5.7521 Bio: 0.8766
Epoch [168/200] Total Loss: 95.3741
Epoch [169/200] Step [0/17] Loss: 5.6862 Bio: 0.9573
Epoch [169/200] Total Loss: 96.0661
Epoch [170/200] Step [0/17] Loss: 5.6362 Bio: 0.9745
Epoch [170/200] Total Loss: 95.7399
Epoch [171/200] Step [0/17] Loss: 5.8816 Bio: 0.9080
Epoch [171/200] Total Loss: 96.7893
Epoch [172/200] Step [0/17] Loss: 5.8148 Bio: 0.8854
Epoch [172/200] Total Loss: 96.3648
Epoch [173/200] Step [0/17] Loss: 5.6596 Bio: 1.1386
Epoch [173/200] Total Loss: 96.5276
Epoch [174/200] Step [0/17] Loss: 5.6234 Bio: 0.9640
Epoch [174/200] Total Loss: 96.7021
Epoch [175/200] Step [0/17] Loss: 5.6608 Bio: 1.0637
Epoch [175/200] Total Loss: 96.4563
Epoch [176/200] Step [0/17] Loss: 5.8610 Bio: 0.9125
Epoch [176/200] Total Loss: 94.4236
Epoch [177/200] Step [0/17] Loss: 5.9007 Bio: 0.9239
Epoch [177/200] Total Loss: 94.3164
Epoch [178/200] Step [0/17] Loss: 5.9302 Bio: 0.8896
Epoch [178/200] Total Loss: 95.7660
Epoch [179/200] Step [0/17] Loss: 5.7485 Bio: 0.9023
Epoch [179/200] Total Loss: 94.8647
Epoch [180/200] Step [0/17] Loss: 5.6835 Bio: 0.8849
Epoch [180/200] Total Loss: 95.4759
Epoch [181/200] Step [0/17] Loss: 5.7408 Bio: 0.8578
Epoch [181/200] Total Loss: 94.5749
Epoch [182/200] Step [0/17] Loss: 5.7001 Bio: 0.9925
Epoch [182/200] Total Loss: 95.5172
Epoch [183/200] Step [0/17] Loss: 5.9016 Bio: 0.7664
Epoch [183/200] Total Loss: 95.7178
Epoch [184/200] Step [0/17] Loss: 5.7695 Bio: 0.9876
Epoch [184/200] Total Loss: 96.3795
Epoch [185/200] Step [0/17] Loss: 5.6470 Bio: 0.8202
Epoch [185/200] Total Loss: 94.6710
Epoch [186/200] Step [0/17] Loss: 5.6940 Bio: 1.0153
Epoch [186/200] Total Loss: 95.8719
Epoch [187/200] Step [0/17] Loss: 5.6262 Bio: 1.1472
Epoch [187/200] Total Loss: 95.0300
Epoch [188/200] Step [0/17] Loss: 5.7303 Bio: 1.0288
Epoch [188/200] Total Loss: 94.9074
Epoch [189/200] Step [0/17] Loss: 5.7042 Bio: 0.9501
Epoch [189/200] Total Loss: 96.9896
Epoch [190/200] Step [0/17] Loss: 5.6750 Bio: 0.8452
Epoch [190/200] Total Loss: 96.1620
Epoch [191/200] Step [0/17] Loss: 5.7561 Bio: 1.0094
Epoch [191/200] Total Loss: 94.5593
Epoch [192/200] Step [0/17] Loss: 5.7852 Bio: 0.9324
Epoch [192/200] Total Loss: 95.1770
Epoch [193/200] Step [0/17] Loss: 5.7026 Bio: 0.8295
Epoch [193/200] Total Loss: 94.9865
Epoch [194/200] Step [0/17] Loss: 5.9302 Bio: 0.8756
Epoch [194/200] Total Loss: 96.4731
Epoch [195/200] Step [0/17] Loss: 5.6205 Bio: 0.8654
Epoch [195/200] Total Loss: 95.6355
Epoch [196/200] Step [0/17] Loss: 5.6921 Bio: 1.0065
Epoch [196/200] Total Loss: 95.8669
Epoch [197/200] Step [0/17] Loss: 5.5693 Bio: 0.9186
Epoch [197/200] Total Loss: 94.9427
Epoch [198/200] Step [0/17] Loss: 5.7492 Bio: 1.0490
Epoch [198/200] Total Loss: 95.7580
Epoch [199/200] Step [0/17] Loss: 5.8735 Bio: 0.8593
Epoch [199/200] Total Loss: 94.6553
Linear training complete.
Training completed at: Mon Apr 20 12:17:39 EDT 2026
============================================================
CLUSTERING EVALUATION
============================================================
✅ Loaded ground truth from data/ground_truth/ground_truth_BRCA.csv
   Total patients with labels: 803

📂 Loading model from save/model_repro_linear_old/checkpoint_200.tar...
=== Reproduction run complete ===
Job finished at: Mon Apr 20 12:18:02 EDT 2026
