=== 3+Apoptosis, Linear, 600 epochs ===
Job started at: Wed Mar  4 00:41:14 EST 2026
Running on node: hpc-d32-8-2.local
Job ID: 11744827
Linear Bio-Anchor Head
Cancer: BRCA | bio_dim: 4 | lambda_bio: 0.1
Bio anchor file: bio_anchors_BRCA_combo_3plus_apoptosis_score.csv
[dataloader] Loaded bio-anchors from bio_anchors_BRCA_combo_3plus_apoptosis_score.csv: torch.Size([1031, 4])
Cluster number: 5
Epoch [0/600] Step [0/17] Loss: 7.1413 Bio: 1.0736
Epoch [0/600] Total Loss: 118.9520
Epoch [1/600] Step [0/17] Loss: 7.1316 Bio: 0.9817
Epoch [1/600] Total Loss: 118.5901
Epoch [2/600] Step [0/17] Loss: 7.0430 Bio: 0.9968
Epoch [2/600] Total Loss: 117.0033
Epoch [3/600] Step [0/17] Loss: 6.9171 Bio: 0.9056
Epoch [3/600] Total Loss: 115.0356
Epoch [4/600] Step [0/17] Loss: 6.6951 Bio: 0.9706
Epoch [4/600] Total Loss: 111.5660
Epoch [5/600] Step [0/17] Loss: 6.6247 Bio: 0.9152
Epoch [5/600] Total Loss: 111.7813
Epoch [6/600] Step [0/17] Loss: 6.8568 Bio: 1.0568
Epoch [6/600] Total Loss: 111.2629
Epoch [7/600] Step [0/17] Loss: 6.8563 Bio: 0.8557
Epoch [7/600] Total Loss: 110.1988
Epoch [8/600] Step [0/17] Loss: 6.7552 Bio: 1.0420
Epoch [8/600] Total Loss: 111.2116
Epoch [9/600] Step [0/17] Loss: 6.5472 Bio: 1.0727
Epoch [9/600] Total Loss: 108.9549
Epoch [10/600] Step [0/17] Loss: 6.3792 Bio: 1.0435
Epoch [10/600] Total Loss: 109.0107
Epoch [11/600] Step [0/17] Loss: 6.8960 Bio: 0.9213
Epoch [11/600] Total Loss: 108.8829
Epoch [12/600] Step [0/17] Loss: 6.9065 Bio: 0.7782
Epoch [12/600] Total Loss: 110.3220
Epoch [13/600] Step [0/17] Loss: 6.5192 Bio: 0.9980
Epoch [13/600] Total Loss: 108.3687
Epoch [14/600] Step [0/17] Loss: 6.5202 Bio: 0.9633
Epoch [14/600] Total Loss: 108.1545
Epoch [15/600] Step [0/17] Loss: 6.6398 Bio: 0.9519
Epoch [15/600] Total Loss: 109.0471
Epoch [16/600] Step [0/17] Loss: 6.4711 Bio: 0.8949
Epoch [16/600] Total Loss: 107.8170
Epoch [17/600] Step [0/17] Loss: 6.2391 Bio: 0.9289
Epoch [17/600] Total Loss: 106.5839
Epoch [18/600] Step [0/17] Loss: 6.4572 Bio: 0.8150
Epoch [18/600] Total Loss: 106.0104
Epoch [19/600] Step [0/17] Loss: 6.3412 Bio: 1.0136
Epoch [19/600] Total Loss: 107.7456
Epoch [20/600] Step [0/17] Loss: 6.8744 Bio: 0.8934
Epoch [20/600] Total Loss: 105.4526
Epoch [21/600] Step [0/17] Loss: 6.7284 Bio: 1.0223
Epoch [21/600] Total Loss: 105.6211
Epoch [22/600] Step [0/17] Loss: 6.2397 Bio: 0.9684
Epoch [22/600] Total Loss: 105.2189
Epoch [23/600] Step [0/17] Loss: 6.4040 Bio: 0.9466
Epoch [23/600] Total Loss: 105.0294
Epoch [24/600] Step [0/17] Loss: 6.2442 Bio: 1.0049
Epoch [24/600] Total Loss: 107.0286
Epoch [25/600] Step [0/17] Loss: 6.3116 Bio: 0.9587
Epoch [25/600] Total Loss: 105.4817
Epoch [26/600] Step [0/17] Loss: 6.3652 Bio: 1.0723
Epoch [26/600] Total Loss: 105.9089
Epoch [27/600] Step [0/17] Loss: 6.4900 Bio: 0.9551
Epoch [27/600] Total Loss: 104.1827
Epoch [28/600] Step [0/17] Loss: 6.3736 Bio: 0.8923
Epoch [28/600] Total Loss: 105.4306
Epoch [29/600] Step [0/17] Loss: 6.1954 Bio: 1.0600
Epoch [29/600] Total Loss: 106.3467
Epoch [30/600] Step [0/17] Loss: 6.2475 Bio: 0.9093
Epoch [30/600] Total Loss: 104.1893
Epoch [31/600] Step [0/17] Loss: 6.3317 Bio: 1.2085
Epoch [31/600] Total Loss: 104.5203
Epoch [32/600] Step [0/17] Loss: 6.3097 Bio: 1.0572
Epoch [32/600] Total Loss: 104.7086
Epoch [33/600] Step [0/17] Loss: 6.2501 Bio: 0.7975
Epoch [33/600] Total Loss: 104.1935
Epoch [34/600] Step [0/17] Loss: 6.1938 Bio: 0.8729
Epoch [34/600] Total Loss: 104.4382
Epoch [35/600] Step [0/17] Loss: 6.0690 Bio: 0.9300
Epoch [35/600] Total Loss: 104.6062
Epoch [36/600] Step [0/17] Loss: 6.2694 Bio: 0.9088
Epoch [36/600] Total Loss: 102.7920
Epoch [37/600] Step [0/17] Loss: 6.2322 Bio: 0.9459
Epoch [37/600] Total Loss: 104.4711
Epoch [38/600] Step [0/17] Loss: 6.3980 Bio: 0.9551
Epoch [38/600] Total Loss: 104.6095
Epoch [39/600] Step [0/17] Loss: 6.1371 Bio: 0.9798
Epoch [39/600] Total Loss: 104.7380
Epoch [40/600] Step [0/17] Loss: 6.4854 Bio: 1.0882
Epoch [40/600] Total Loss: 102.6299
Epoch [41/600] Step [0/17] Loss: 6.1017 Bio: 0.9268
Epoch [41/600] Total Loss: 102.2988
Epoch [42/600] Step [0/17] Loss: 6.1827 Bio: 0.8977
Epoch [42/600] Total Loss: 103.5473
Epoch [43/600] Step [0/17] Loss: 6.2069 Bio: 0.9978
Epoch [43/600] Total Loss: 103.3276
Epoch [44/600] Step [0/17] Loss: 5.9512 Bio: 0.9756
Epoch [44/600] Total Loss: 104.1391
Epoch [45/600] Step [0/17] Loss: 6.1427 Bio: 0.9981
Epoch [45/600] Total Loss: 103.6545
Epoch [46/600] Step [0/17] Loss: 6.1206 Bio: 1.2603
Epoch [46/600] Total Loss: 103.5522
Epoch [47/600] Step [0/17] Loss: 6.2112 Bio: 1.0196
Epoch [47/600] Total Loss: 101.6672
Epoch [48/600] Step [0/17] Loss: 6.0691 Bio: 0.8669
Epoch [48/600] Total Loss: 102.5915
Epoch [49/600] Step [0/17] Loss: 6.0536 Bio: 1.0067
Epoch [49/600] Total Loss: 103.5110
Epoch [50/600] Step [0/17] Loss: 6.2731 Bio: 1.0756
Epoch [50/600] Total Loss: 103.3364
Epoch [51/600] Step [0/17] Loss: 6.2968 Bio: 0.8014
Epoch [51/600] Total Loss: 101.7296
Epoch [52/600] Step [0/17] Loss: 5.9226 Bio: 0.9511
Epoch [52/600] Total Loss: 100.9770
Epoch [53/600] Step [0/17] Loss: 5.9543 Bio: 1.0377
Epoch [53/600] Total Loss: 102.5743
Epoch [54/600] Step [0/17] Loss: 6.3225 Bio: 0.8726
Epoch [54/600] Total Loss: 101.8404
Epoch [55/600] Step [0/17] Loss: 6.0208 Bio: 0.8372
Epoch [55/600] Total Loss: 103.0526
Epoch [56/600] Step [0/17] Loss: 5.7986 Bio: 1.0402
Epoch [56/600] Total Loss: 101.3958
Epoch [57/600] Step [0/17] Loss: 6.1012 Bio: 1.0071
Epoch [57/600] Total Loss: 101.1317
Epoch [58/600] Step [0/17] Loss: 6.0826 Bio: 1.0338
Epoch [58/600] Total Loss: 102.5470
Epoch [59/600] Step [0/17] Loss: 6.1216 Bio: 0.8933
Epoch [59/600] Total Loss: 100.7163
Epoch [60/600] Step [0/17] Loss: 5.9715 Bio: 0.9815
Epoch [60/600] Total Loss: 101.7450
Epoch [61/600] Step [0/17] Loss: 5.9000 Bio: 1.0369
Epoch [61/600] Total Loss: 101.1084
Epoch [62/600] Step [0/17] Loss: 6.0469 Bio: 0.8379
Epoch [62/600] Total Loss: 101.2629
Epoch [63/600] Step [0/17] Loss: 6.2283 Bio: 0.9253
Epoch [63/600] Total Loss: 101.7782
Epoch [64/600] Step [0/17] Loss: 6.1296 Bio: 0.8346
Epoch [64/600] Total Loss: 99.9513
Epoch [65/600] Step [0/17] Loss: 6.1630 Bio: 1.0780
Epoch [65/600] Total Loss: 101.8624
Epoch [66/600] Step [0/17] Loss: 5.9433 Bio: 0.8840
Epoch [66/600] Total Loss: 100.6850
Epoch [67/600] Step [0/17] Loss: 5.9694 Bio: 0.9172
Epoch [67/600] Total Loss: 99.8572
Epoch [68/600] Step [0/17] Loss: 5.8857 Bio: 1.0124
Epoch [68/600] Total Loss: 101.4208
Epoch [69/600] Step [0/17] Loss: 6.0855 Bio: 1.1048
Epoch [69/600] Total Loss: 100.0071
Epoch [70/600] Step [0/17] Loss: 5.9551 Bio: 0.8282
Epoch [70/600] Total Loss: 99.6579
Epoch [71/600] Step [0/17] Loss: 5.9671 Bio: 0.8205
Epoch [71/600] Total Loss: 98.5835
Epoch [72/600] Step [0/17] Loss: 5.9486 Bio: 0.8671
Epoch [72/600] Total Loss: 99.3753
Epoch [73/600] Step [0/17] Loss: 6.0048 Bio: 0.8817
Epoch [73/600] Total Loss: 100.0454
Epoch [74/600] Step [0/17] Loss: 5.9597 Bio: 0.9212
Epoch [74/600] Total Loss: 99.4325
Epoch [75/600] Step [0/17] Loss: 6.0605 Bio: 1.0353
Epoch [75/600] Total Loss: 100.3044
Epoch [76/600] Step [0/17] Loss: 6.0336 Bio: 1.0290
Epoch [76/600] Total Loss: 99.5006
Epoch [77/600] Step [0/17] Loss: 6.2226 Bio: 0.8424
Epoch [77/600] Total Loss: 97.8502
Epoch [78/600] Step [0/17] Loss: 5.9821 Bio: 0.8823
Epoch [78/600] Total Loss: 98.4955
Epoch [79/600] Step [0/17] Loss: 5.9085 Bio: 0.9561
Epoch [79/600] Total Loss: 99.8283
Epoch [80/600] Step [0/17] Loss: 5.8419 Bio: 0.8097
Epoch [80/600] Total Loss: 100.4927
Epoch [81/600] Step [0/17] Loss: 6.1539 Bio: 1.1334
Epoch [81/600] Total Loss: 99.3502
Epoch [82/600] Step [0/17] Loss: 5.9561 Bio: 0.8495
Epoch [82/600] Total Loss: 98.3831
Epoch [83/600] Step [0/17] Loss: 6.0264 Bio: 0.7682
Epoch [83/600] Total Loss: 98.8387
Epoch [84/600] Step [0/17] Loss: 5.8686 Bio: 0.8962
Epoch [84/600] Total Loss: 99.4604
Epoch [85/600] Step [0/17] Loss: 6.1512 Bio: 0.8727
Epoch [85/600] Total Loss: 98.7644
Epoch [86/600] Step [0/17] Loss: 5.9989 Bio: 1.0872
Epoch [86/600] Total Loss: 99.5090
Epoch [87/600] Step [0/17] Loss: 5.8545 Bio: 0.9509
Epoch [87/600] Total Loss: 97.9316
Epoch [88/600] Step [0/17] Loss: 5.8337 Bio: 0.8480
Epoch [88/600] Total Loss: 99.7541
Epoch [89/600] Step [0/17] Loss: 5.8374 Bio: 0.8697
Epoch [89/600] Total Loss: 99.8915
Epoch [90/600] Step [0/17] Loss: 6.0481 Bio: 0.9780
Epoch [90/600] Total Loss: 98.1318
Epoch [91/600] Step [0/17] Loss: 5.9997 Bio: 0.9427
Epoch [91/600] Total Loss: 99.0734
Epoch [92/600] Step [0/17] Loss: 5.9973 Bio: 0.8364
Epoch [92/600] Total Loss: 98.9072
Epoch [93/600] Step [0/17] Loss: 5.8966 Bio: 0.8411
Epoch [93/600] Total Loss: 97.3034
Epoch [94/600] Step [0/17] Loss: 5.7161 Bio: 0.7850
Epoch [94/600] Total Loss: 97.3486
Epoch [95/600] Step [0/17] Loss: 5.8802 Bio: 0.7618
Epoch [95/600] Total Loss: 98.8647
Epoch [96/600] Step [0/17] Loss: 5.8487 Bio: 0.9856
Epoch [96/600] Total Loss: 98.9115
Epoch [97/600] Step [0/17] Loss: 5.8755 Bio: 0.7052
Epoch [97/600] Total Loss: 98.8792
Epoch [98/600] Step [0/17] Loss: 5.8278 Bio: 1.1054
Epoch [98/600] Total Loss: 97.3188
Epoch [99/600] Step [0/17] Loss: 5.9582 Bio: 0.9515
Epoch [99/600] Total Loss: 97.7405
Epoch [100/600] Step [0/17] Loss: 5.7467 Bio: 1.1909
Epoch [100/600] Total Loss: 97.8490
Epoch [101/600] Step [0/17] Loss: 5.8521 Bio: 0.9156
Epoch [101/600] Total Loss: 96.3283
Epoch [102/600] Step [0/17] Loss: 5.6574 Bio: 1.0245
Epoch [102/600] Total Loss: 98.1240
Epoch [103/600] Step [0/17] Loss: 6.1189 Bio: 0.7492
Epoch [103/600] Total Loss: 97.6732
Epoch [104/600] Step [0/17] Loss: 5.9569 Bio: 0.8957
Epoch [104/600] Total Loss: 96.9589
Epoch [105/600] Step [0/17] Loss: 5.7497 Bio: 1.0216
Epoch [105/600] Total Loss: 98.1944
Epoch [106/600] Step [0/17] Loss: 6.0290 Bio: 0.7334
Epoch [106/600] Total Loss: 97.4252
Epoch [107/600] Step [0/17] Loss: 6.0058 Bio: 0.7962
Epoch [107/600] Total Loss: 98.5580
Epoch [108/600] Step [0/17] Loss: 6.0845 Bio: 1.0987
Epoch [108/600] Total Loss: 100.0789
Epoch [109/600] Step [0/17] Loss: 5.7579 Bio: 0.7610
Epoch [109/600] Total Loss: 98.0033
Epoch [110/600] Step [0/17] Loss: 5.7447 Bio: 0.9614
Epoch [110/600] Total Loss: 98.2435
Epoch [111/600] Step [0/17] Loss: 5.9339 Bio: 0.9791
Epoch [111/600] Total Loss: 97.0106
Epoch [112/600] Step [0/17] Loss: 5.6514 Bio: 0.9056
Epoch [112/600] Total Loss: 97.5426
Epoch [113/600] Step [0/17] Loss: 5.9900 Bio: 0.8357
Epoch [113/600] Total Loss: 99.1651
Epoch [114/600] Step [0/17] Loss: 5.7499 Bio: 0.8378
Epoch [114/600] Total Loss: 97.8848
Epoch [115/600] Step [0/17] Loss: 5.8417 Bio: 0.9430
Epoch [115/600] Total Loss: 97.1405
Epoch [116/600] Step [0/17] Loss: 6.1479 Bio: 1.0464
Epoch [116/600] Total Loss: 98.1397
Epoch [117/600] Step [0/17] Loss: 5.6349 Bio: 0.8258
Epoch [117/600] Total Loss: 97.4071
Epoch [118/600] Step [0/17] Loss: 5.8965 Bio: 0.9301
Epoch [118/600] Total Loss: 97.2992
Epoch [119/600] Step [0/17] Loss: 5.8194 Bio: 0.8956
Epoch [119/600] Total Loss: 96.8206
Epoch [120/600] Step [0/17] Loss: 5.7255 Bio: 1.0129
Epoch [120/600] Total Loss: 98.8810
Epoch [121/600] Step [0/17] Loss: 5.7313 Bio: 0.9249
Epoch [121/600] Total Loss: 96.7220
Epoch [122/600] Step [0/17] Loss: 5.9067 Bio: 0.8358
Epoch [122/600] Total Loss: 95.9354
Epoch [123/600] Step [0/17] Loss: 5.9007 Bio: 0.9591
Epoch [123/600] Total Loss: 97.1956
Epoch [124/600] Step [0/17] Loss: 5.8982 Bio: 0.8254
Epoch [124/600] Total Loss: 96.4727
Epoch [125/600] Step [0/17] Loss: 5.7381 Bio: 0.8028
Epoch [125/600] Total Loss: 96.5875
Epoch [126/600] Step [0/17] Loss: 6.0021 Bio: 0.7989
Epoch [126/600] Total Loss: 97.5680
Epoch [127/600] Step [0/17] Loss: 5.5532 Bio: 0.9624
Epoch [127/600] Total Loss: 95.1451
Epoch [128/600] Step [0/17] Loss: 5.5317 Bio: 0.8091
Epoch [128/600] Total Loss: 96.0355
Epoch [129/600] Step [0/17] Loss: 5.9010 Bio: 0.9056
Epoch [129/600] Total Loss: 96.4387
Epoch [130/600] Step [0/17] Loss: 5.8778 Bio: 0.7169
Epoch [130/600] Total Loss: 97.1415
Epoch [131/600] Step [0/17] Loss: 5.9030 Bio: 0.8864
Epoch [131/600] Total Loss: 95.8573
Epoch [132/600] Step [0/17] Loss: 5.7402 Bio: 0.8645
Epoch [132/600] Total Loss: 96.9029
Epoch [133/600] Step [0/17] Loss: 5.8228 Bio: 0.9083
Epoch [133/600] Total Loss: 98.0875
Epoch [134/600] Step [0/17] Loss: 5.6520 Bio: 0.8973
Epoch [134/600] Total Loss: 97.3743
Epoch [135/600] Step [0/17] Loss: 5.7342 Bio: 0.9042
Epoch [135/600] Total Loss: 96.5691
Epoch [136/600] Step [0/17] Loss: 5.7991 Bio: 0.8819
Epoch [136/600] Total Loss: 95.3116
Epoch [137/600] Step [0/17] Loss: 5.8323 Bio: 0.7488
Epoch [137/600] Total Loss: 97.4448
Epoch [138/600] Step [0/17] Loss: 5.6992 Bio: 1.0260
Epoch [138/600] Total Loss: 96.2761
Epoch [139/600] Step [0/17] Loss: 6.0178 Bio: 0.8332
Epoch [139/600] Total Loss: 95.7069
Epoch [140/600] Step [0/17] Loss: 5.8403 Bio: 1.1342
Epoch [140/600] Total Loss: 97.4244
Epoch [141/600] Step [0/17] Loss: 5.8767 Bio: 0.9343
Epoch [141/600] Total Loss: 98.2347
Epoch [142/600] Step [0/17] Loss: 5.9806 Bio: 0.7200
Epoch [142/600] Total Loss: 97.6348
Epoch [143/600] Step [0/17] Loss: 5.8275 Bio: 0.7948
Epoch [143/600] Total Loss: 97.5148
Epoch [144/600] Step [0/17] Loss: 5.7327 Bio: 0.9116
Epoch [144/600] Total Loss: 96.2215
Epoch [145/600] Step [0/17] Loss: 5.9362 Bio: 1.0408
Epoch [145/600] Total Loss: 95.7950
Epoch [146/600] Step [0/17] Loss: 5.6109 Bio: 0.8865
Epoch [146/600] Total Loss: 94.8493
Epoch [147/600] Step [0/17] Loss: 6.1066 Bio: 0.8470
Epoch [147/600] Total Loss: 96.9097
Epoch [148/600] Step [0/17] Loss: 5.4894 Bio: 0.7887
Epoch [148/600] Total Loss: 97.0261
Epoch [149/600] Step [0/17] Loss: 5.7421 Bio: 0.9566
Epoch [149/600] Total Loss: 95.4897
Epoch [150/600] Step [0/17] Loss: 5.7790 Bio: 0.9950
Epoch [150/600] Total Loss: 96.7798
Epoch [151/600] Step [0/17] Loss: 5.4703 Bio: 0.6807
Epoch [151/600] Total Loss: 95.7772
Epoch [152/600] Step [0/17] Loss: 5.9093 Bio: 0.8971
Epoch [152/600] Total Loss: 96.8007
Epoch [153/600] Step [0/17] Loss: 5.7223 Bio: 0.9817
Epoch [153/600] Total Loss: 97.0960
Epoch [154/600] Step [0/17] Loss: 5.7776 Bio: 0.7874
Epoch [154/600] Total Loss: 97.4371
Epoch [155/600] Step [0/17] Loss: 5.9020 Bio: 0.8489
Epoch [155/600] Total Loss: 95.6473
Epoch [156/600] Step [0/17] Loss: 5.8434 Bio: 0.9251
Epoch [156/600] Total Loss: 95.3908
Epoch [157/600] Step [0/17] Loss: 5.8681 Bio: 1.1614
Epoch [157/600] Total Loss: 97.1838
Epoch [158/600] Step [0/17] Loss: 5.6438 Bio: 1.0144
Epoch [158/600] Total Loss: 96.6788
Epoch [159/600] Step [0/17] Loss: 5.6679 Bio: 0.9270
Epoch [159/600] Total Loss: 95.9572
Epoch [160/600] Step [0/17] Loss: 5.7776 Bio: 0.9993
Epoch [160/600] Total Loss: 96.7980
Epoch [161/600] Step [0/17] Loss: 5.6806 Bio: 0.7707
Epoch [161/600] Total Loss: 95.5918
Epoch [162/600] Step [0/17] Loss: 5.6765 Bio: 0.7042
Epoch [162/600] Total Loss: 96.8086
Epoch [163/600] Step [0/17] Loss: 5.7440 Bio: 0.8730
Epoch [163/600] Total Loss: 96.9343
Epoch [164/600] Step [0/17] Loss: 6.0913 Bio: 0.7300
Epoch [164/600] Total Loss: 97.0907
Epoch [165/600] Step [0/17] Loss: 5.5021 Bio: 0.8210
Epoch [165/600] Total Loss: 96.1617
Epoch [166/600] Step [0/17] Loss: 5.9030 Bio: 0.8517
Epoch [166/600] Total Loss: 95.6848
Epoch [167/600] Step [0/17] Loss: 5.6736 Bio: 0.9245
Epoch [167/600] Total Loss: 96.4631
Epoch [168/600] Step [0/17] Loss: 5.7426 Bio: 0.8754
Epoch [168/600] Total Loss: 95.0913
Epoch [169/600] Step [0/17] Loss: 5.6826 Bio: 0.9711
Epoch [169/600] Total Loss: 95.8085
Epoch [170/600] Step [0/17] Loss: 5.6668 Bio: 0.9320
Epoch [170/600] Total Loss: 94.9417
Epoch [171/600] Step [0/17] Loss: 5.8694 Bio: 0.8891
Epoch [171/600] Total Loss: 95.9851
Epoch [172/600] Step [0/17] Loss: 5.9156 Bio: 0.8887
Epoch [172/600] Total Loss: 96.1083
Epoch [173/600] Step [0/17] Loss: 5.6684 Bio: 1.1356
Epoch [173/600] Total Loss: 96.2418
Epoch [174/600] Step [0/17] Loss: 5.6252 Bio: 0.9648
Epoch [174/600] Total Loss: 96.7807
Epoch [175/600] Step [0/17] Loss: 5.7432 Bio: 1.0574
Epoch [175/600] Total Loss: 96.6429
Epoch [176/600] Step [0/17] Loss: 5.8548 Bio: 0.9064
Epoch [176/600] Total Loss: 94.7537
Epoch [177/600] Step [0/17] Loss: 5.9402 Bio: 0.9339
Epoch [177/600] Total Loss: 95.0293
Epoch [178/600] Step [0/17] Loss: 5.8851 Bio: 0.8789
Epoch [178/600] Total Loss: 95.7492
Epoch [179/600] Step [0/17] Loss: 5.7253 Bio: 0.9106
Epoch [179/600] Total Loss: 95.0281
Epoch [180/600] Step [0/17] Loss: 5.7270 Bio: 0.8730
Epoch [180/600] Total Loss: 95.7506
Epoch [181/600] Step [0/17] Loss: 5.7166 Bio: 0.8447
Epoch [181/600] Total Loss: 94.8894
Epoch [182/600] Step [0/17] Loss: 5.6938 Bio: 0.9834
Epoch [182/600] Total Loss: 94.9121
Epoch [183/600] Step [0/17] Loss: 5.8525 Bio: 0.7669
Epoch [183/600] Total Loss: 95.3824
Epoch [184/600] Step [0/17] Loss: 5.7637 Bio: 0.9865
Epoch [184/600] Total Loss: 96.4691
Epoch [185/600] Step [0/17] Loss: 5.7036 Bio: 0.8347
Epoch [185/600] Total Loss: 94.8180
Epoch [186/600] Step [0/17] Loss: 5.6962 Bio: 1.0155
Epoch [186/600] Total Loss: 95.8800
Epoch [187/600] Step [0/17] Loss: 5.7207 Bio: 1.1590
Epoch [187/600] Total Loss: 94.8886
Epoch [188/600] Step [0/17] Loss: 5.7461 Bio: 1.0417
Epoch [188/600] Total Loss: 94.8657
Epoch [189/600] Step [0/17] Loss: 5.6536 Bio: 0.9555
Epoch [189/600] Total Loss: 96.7422
Epoch [190/600] Step [0/17] Loss: 5.6939 Bio: 0.8417
Epoch [190/600] Total Loss: 95.9284
Epoch [191/600] Step [0/17] Loss: 5.7985 Bio: 1.0065
Epoch [191/600] Total Loss: 94.6062
Epoch [192/600] Step [0/17] Loss: 5.7339 Bio: 0.9510
Epoch [192/600] Total Loss: 95.1895
Epoch [193/600] Step [0/17] Loss: 5.6193 Bio: 0.8351
Epoch [193/600] Total Loss: 94.6646
Epoch [194/600] Step [0/17] Loss: 5.9572 Bio: 0.8832
Epoch [194/600] Total Loss: 96.5109
Epoch [195/600] Step [0/17] Loss: 5.5797 Bio: 0.8677
Epoch [195/600] Total Loss: 95.4819
Epoch [196/600] Step [0/17] Loss: 5.6844 Bio: 1.0091
Epoch [196/600] Total Loss: 95.8311
Epoch [197/600] Step [0/17] Loss: 5.6277 Bio: 0.9205
Epoch [197/600] Total Loss: 95.1790
Epoch [198/600] Step [0/17] Loss: 5.6887 Bio: 1.0244
Epoch [198/600] Total Loss: 95.5920
Epoch [199/600] Step [0/17] Loss: 5.9268 Bio: 0.8491
Epoch [199/600] Total Loss: 94.6434
Epoch [200/600] Step [0/17] Loss: 5.6727 Bio: 0.8006
Epoch [200/600] Total Loss: 95.2068
Epoch [201/600] Step [0/17] Loss: 5.8283 Bio: 0.9439
Epoch [201/600] Total Loss: 95.9159
Epoch [202/600] Step [0/17] Loss: 5.7008 Bio: 0.9576
Epoch [202/600] Total Loss: 95.8485
Epoch [203/600] Step [0/17] Loss: 5.4629 Bio: 0.9305
Epoch [203/600] Total Loss: 94.8169
Epoch [204/600] Step [0/17] Loss: 5.6657 Bio: 0.8850
Epoch [204/600] Total Loss: 95.5101
Epoch [205/600] Step [0/17] Loss: 5.6141 Bio: 0.7993
Epoch [205/600] Total Loss: 95.7795
Epoch [206/600] Step [0/17] Loss: 5.4824 Bio: 0.8504
Epoch [206/600] Total Loss: 95.7247
Epoch [207/600] Step [0/17] Loss: 5.7194 Bio: 0.7464
Epoch [207/600] Total Loss: 96.3158
Epoch [208/600] Step [0/17] Loss: 5.8068 Bio: 0.8412
Epoch [208/600] Total Loss: 95.6296
Epoch [209/600] Step [0/17] Loss: 5.5811 Bio: 0.8271
Epoch [209/600] Total Loss: 95.2022
Epoch [210/600] Step [0/17] Loss: 5.5080 Bio: 0.9092
Epoch [210/600] Total Loss: 94.5140
Epoch [211/600] Step [0/17] Loss: 5.4317 Bio: 0.9269
Epoch [211/600] Total Loss: 94.5362
Epoch [212/600] Step [0/17] Loss: 5.9240 Bio: 0.8312
Epoch [212/600] Total Loss: 94.9507
Epoch [213/600] Step [0/17] Loss: 5.8032 Bio: 0.7471
Epoch [213/600] Total Loss: 95.7282
Epoch [214/600] Step [0/17] Loss: 5.5986 Bio: 0.8180
Epoch [214/600] Total Loss: 94.2112
Epoch [215/600] Step [0/17] Loss: 5.8586 Bio: 0.9104
Epoch [215/600] Total Loss: 96.2853
Epoch [216/600] Step [0/17] Loss: 5.7647 Bio: 0.8775
Epoch [216/600] Total Loss: 95.4955
Epoch [217/600] Step [0/17] Loss: 5.5904 Bio: 0.8218
Epoch [217/600] Total Loss: 94.1993
Epoch [218/600] Step [0/17] Loss: 5.7404 Bio: 0.8500
Epoch [218/600] Total Loss: 95.2757
Epoch [219/600] Step [0/17] Loss: 5.5307 Bio: 0.8993
Epoch [219/600] Total Loss: 94.4575
Epoch [220/600] Step [0/17] Loss: 5.9549 Bio: 0.9186
Epoch [220/600] Total Loss: 97.1433
Epoch [221/600] Step [0/17] Loss: 5.6036 Bio: 1.1017
Epoch [221/600] Total Loss: 94.4761
Epoch [222/600] Step [0/17] Loss: 5.7114 Bio: 0.8898
Epoch [222/600] Total Loss: 95.6079
Epoch [223/600] Step [0/17] Loss: 5.9400 Bio: 0.8291
Epoch [223/600] Total Loss: 94.5557
Epoch [224/600] Step [0/17] Loss: 5.4785 Bio: 0.7879
Epoch [224/600] Total Loss: 94.0810
Epoch [225/600] Step [0/17] Loss: 5.5113 Bio: 0.8844
Epoch [225/600] Total Loss: 94.5518
Epoch [226/600] Step [0/17] Loss: 5.6128 Bio: 0.7093
Epoch [226/600] Total Loss: 93.2926
Epoch [227/600] Step [0/17] Loss: 5.5867 Bio: 0.9540
Epoch [227/600] Total Loss: 94.4580
Epoch [228/600] Step [0/17] Loss: 5.4501 Bio: 1.0801
Epoch [228/600] Total Loss: 94.4211
Epoch [229/600] Step [0/17] Loss: 5.5496 Bio: 0.9276
Epoch [229/600] Total Loss: 95.2775
Epoch [230/600] Step [0/17] Loss: 5.7383 Bio: 0.9352
Epoch [230/600] Total Loss: 94.4608
Epoch [231/600] Step [0/17] Loss: 5.6478 Bio: 0.7985
Epoch [231/600] Total Loss: 95.0246
Epoch [232/600] Step [0/17] Loss: 5.5967 Bio: 0.9013
Epoch [232/600] Total Loss: 95.9636
Epoch [233/600] Step [0/17] Loss: 5.7947 Bio: 0.9860
Epoch [233/600] Total Loss: 95.3412
Epoch [234/600] Step [0/17] Loss: 5.7671 Bio: 0.8862
Epoch [234/600] Total Loss: 94.8860
Epoch [235/600] Step [0/17] Loss: 5.6354 Bio: 0.9025
Epoch [235/600] Total Loss: 94.2136
Epoch [236/600] Step [0/17] Loss: 5.5600 Bio: 0.9367
Epoch [236/600] Total Loss: 95.8399
Epoch [237/600] Step [0/17] Loss: 5.7465 Bio: 0.7711
Epoch [237/600] Total Loss: 94.8438
Epoch [238/600] Step [0/17] Loss: 5.8677 Bio: 0.8459
Epoch [238/600] Total Loss: 96.6576
Epoch [239/600] Step [0/17] Loss: 5.5015 Bio: 0.8061
Epoch [239/600] Total Loss: 95.3086
Epoch [240/600] Step [0/17] Loss: 5.7656 Bio: 0.8610
Epoch [240/600] Total Loss: 95.8829
Epoch [241/600] Step [0/17] Loss: 6.0026 Bio: 1.0132
Epoch [241/600] Total Loss: 96.4190
Epoch [242/600] Step [0/17] Loss: 5.8385 Bio: 0.8541
Epoch [242/600] Total Loss: 97.5633
Epoch [243/600] Step [0/17] Loss: 5.6286 Bio: 0.8419
Epoch [243/600] Total Loss: 95.1002
Epoch [244/600] Step [0/17] Loss: 5.6958 Bio: 1.0100
Epoch [244/600] Total Loss: 95.1206
Epoch [245/600] Step [0/17] Loss: 5.7560 Bio: 0.8461
Epoch [245/600] Total Loss: 95.4513
Epoch [246/600] Step [0/17] Loss: 5.6776 Bio: 0.8216
Epoch [246/600] Total Loss: 96.2174
Epoch [247/600] Step [0/17] Loss: 5.7578 Bio: 0.8701
Epoch [247/600] Total Loss: 94.7276
Epoch [248/600] Step [0/17] Loss: 5.7094 Bio: 0.9408
Epoch [248/600] Total Loss: 95.9943
Epoch [249/600] Step [0/17] Loss: 5.5183 Bio: 0.9271
Epoch [249/600] Total Loss: 95.3636
Epoch [250/600] Step [0/17] Loss: 5.6325 Bio: 0.7871
Epoch [250/600] Total Loss: 94.6441
Epoch [251/600] Step [0/17] Loss: 5.6772 Bio: 0.9572
Epoch [251/600] Total Loss: 93.9192
Epoch [252/600] Step [0/17] Loss: 5.5726 Bio: 0.9257
Epoch [252/600] Total Loss: 95.1371
Epoch [253/600] Step [0/17] Loss: 5.5400 Bio: 0.7856
Epoch [253/600] Total Loss: 95.4385
Epoch [254/600] Step [0/17] Loss: 5.6450 Bio: 0.8730
Epoch [254/600] Total Loss: 96.5761
Epoch [255/600] Step [0/17] Loss: 5.5594 Bio: 0.8463
Epoch [255/600] Total Loss: 96.6048
Epoch [256/600] Step [0/17] Loss: 5.7711 Bio: 0.7371
Epoch [256/600] Total Loss: 95.8364
Epoch [257/600] Step [0/17] Loss: 5.7976 Bio: 0.8425
Epoch [257/600] Total Loss: 94.5969
Epoch [258/600] Step [0/17] Loss: 5.6543 Bio: 0.8657
Epoch [258/600] Total Loss: 95.2520
Epoch [259/600] Step [0/17] Loss: 5.5935 Bio: 0.9481
Epoch [259/600] Total Loss: 95.0136
Epoch [260/600] Step [0/17] Loss: 5.4914 Bio: 0.8615
Epoch [260/600] Total Loss: 94.7743
Epoch [261/600] Step [0/17] Loss: 5.7244 Bio: 0.8183
Epoch [261/600] Total Loss: 94.7562
Epoch [262/600] Step [0/17] Loss: 5.5330 Bio: 0.7862
Epoch [262/600] Total Loss: 95.0175
Epoch [263/600] Step [0/17] Loss: 5.7005 Bio: 0.8018
Epoch [263/600] Total Loss: 94.8832
Epoch [264/600] Step [0/17] Loss: 5.7701 Bio: 0.9290
Epoch [264/600] Total Loss: 94.8757
Epoch [265/600] Step [0/17] Loss: 5.6570 Bio: 0.9507
Epoch [265/600] Total Loss: 95.0773
Epoch [266/600] Step [0/17] Loss: 5.6589 Bio: 0.9166
Epoch [266/600] Total Loss: 93.8942
Epoch [267/600] Step [0/17] Loss: 5.6182 Bio: 0.8160
Epoch [267/600] Total Loss: 94.3696
Epoch [268/600] Step [0/17] Loss: 5.6165 Bio: 0.9303
Epoch [268/600] Total Loss: 94.6859
Epoch [269/600] Step [0/17] Loss: 5.8137 Bio: 0.9301
Epoch [269/600] Total Loss: 94.2141
Epoch [270/600] Step [0/17] Loss: 5.5085 Bio: 0.8914
Epoch [270/600] Total Loss: 94.8182
Epoch [271/600] Step [0/17] Loss: 5.6419 Bio: 0.8313
Epoch [271/600] Total Loss: 94.9126
Epoch [272/600] Step [0/17] Loss: 5.7464 Bio: 0.7777
Epoch [272/600] Total Loss: 95.0124
Epoch [273/600] Step [0/17] Loss: 5.5388 Bio: 1.0587
Epoch [273/600] Total Loss: 94.6559
Epoch [274/600] Step [0/17] Loss: 5.8367 Bio: 0.9319
Epoch [274/600] Total Loss: 94.5921
Epoch [275/600] Step [0/17] Loss: 5.6059 Bio: 0.9869
Epoch [275/600] Total Loss: 95.3208
Epoch [276/600] Step [0/17] Loss: 5.6740 Bio: 0.9212
Epoch [276/600] Total Loss: 94.0147
Epoch [277/600] Step [0/17] Loss: 5.8626 Bio: 0.7809
Epoch [277/600] Total Loss: 93.9471
Epoch [278/600] Step [0/17] Loss: 5.6790 Bio: 0.7516
Epoch [278/600] Total Loss: 94.5746
Epoch [279/600] Step [0/17] Loss: 5.5162 Bio: 0.8385
Epoch [279/600] Total Loss: 94.3563
Epoch [280/600] Step [0/17] Loss: 5.6052 Bio: 0.7234
Epoch [280/600] Total Loss: 95.2945
Epoch [281/600] Step [0/17] Loss: 5.7200 Bio: 0.7839
Epoch [281/600] Total Loss: 94.3030
Epoch [282/600] Step [0/17] Loss: 5.5262 Bio: 0.9138
Epoch [282/600] Total Loss: 94.5616
Epoch [283/600] Step [0/17] Loss: 5.5529 Bio: 0.8051
Epoch [283/600] Total Loss: 94.8301
Epoch [284/600] Step [0/17] Loss: 5.7224 Bio: 0.9520
Epoch [284/600] Total Loss: 94.0879
Epoch [285/600] Step [0/17] Loss: 5.6393 Bio: 0.7458
Epoch [285/600] Total Loss: 94.6322
Epoch [286/600] Step [0/17] Loss: 5.6711 Bio: 0.7227
Epoch [286/600] Total Loss: 95.3157
Epoch [287/600] Step [0/17] Loss: 5.8188 Bio: 0.9453
Epoch [287/600] Total Loss: 95.4922
Epoch [288/600] Step [0/17] Loss: 5.8117 Bio: 0.9378
Epoch [288/600] Total Loss: 94.6198
Epoch [289/600] Step [0/17] Loss: 5.7535 Bio: 0.7732
Epoch [289/600] Total Loss: 94.4152
Epoch [290/600] Step [0/17] Loss: 5.6387 Bio: 0.8873
Epoch [290/600] Total Loss: 93.8447
Epoch [291/600] Step [0/17] Loss: 5.6015 Bio: 1.0327
Epoch [291/600] Total Loss: 94.8715
Epoch [292/600] Step [0/17] Loss: 5.4553 Bio: 0.7550
Epoch [292/600] Total Loss: 94.7148
Epoch [293/600] Step [0/17] Loss: 5.7337 Bio: 0.9420
Epoch [293/600] Total Loss: 95.2392
Epoch [294/600] Step [0/17] Loss: 5.7219 Bio: 0.9980
Epoch [294/600] Total Loss: 94.7523
Epoch [295/600] Step [0/17] Loss: 5.6085 Bio: 0.7528
Epoch [295/600] Total Loss: 94.4524
Epoch [296/600] Step [0/17] Loss: 5.6731 Bio: 0.8165
Epoch [296/600] Total Loss: 94.7154
Epoch [297/600] Step [0/17] Loss: 5.5070 Bio: 0.8796
Epoch [297/600] Total Loss: 93.9987
Epoch [298/600] Step [0/17] Loss: 5.4449 Bio: 0.8942
Epoch [298/600] Total Loss: 94.6138
Epoch [299/600] Step [0/17] Loss: 6.1379 Bio: 0.8353
Epoch [299/600] Total Loss: 95.7488
Epoch [300/600] Step [0/17] Loss: 5.8512 Bio: 0.9179
Epoch [300/600] Total Loss: 95.8405
Epoch [301/600] Step [0/17] Loss: 5.5648 Bio: 0.9373
Epoch [301/600] Total Loss: 93.7109
Epoch [302/600] Step [0/17] Loss: 5.5066 Bio: 0.7856
Epoch [302/600] Total Loss: 92.6029
Epoch [303/600] Step [0/17] Loss: 5.8177 Bio: 0.8951
Epoch [303/600] Total Loss: 95.6269
Epoch [304/600] Step [0/17] Loss: 5.7298 Bio: 0.8050
Epoch [304/600] Total Loss: 94.2476
Epoch [305/600] Step [0/17] Loss: 5.7088 Bio: 0.8199
Epoch [305/600] Total Loss: 95.3116
Epoch [306/600] Step [0/17] Loss: 5.8507 Bio: 1.0736
Epoch [306/600] Total Loss: 95.3896
Epoch [307/600] Step [0/17] Loss: 5.7205 Bio: 0.7716
Epoch [307/600] Total Loss: 94.8923
Epoch [308/600] Step [0/17] Loss: 5.8437 Bio: 0.7495
Epoch [308/600] Total Loss: 94.2618
Epoch [309/600] Step [0/17] Loss: 5.6461 Bio: 0.8565
Epoch [309/600] Total Loss: 94.5169
Epoch [310/600] Step [0/17] Loss: 5.6741 Bio: 1.0142
Epoch [310/600] Total Loss: 95.1764
Epoch [311/600] Step [0/17] Loss: 5.7564 Bio: 0.8100
Epoch [311/600] Total Loss: 95.1898
Epoch [312/600] Step [0/17] Loss: 5.6911 Bio: 0.7811
Epoch [312/600] Total Loss: 95.3492
Epoch [313/600] Step [0/17] Loss: 5.7854 Bio: 0.8203
Epoch [313/600] Total Loss: 95.2071
Epoch [314/600] Step [0/17] Loss: 5.6127 Bio: 0.8090
Epoch [314/600] Total Loss: 94.2398
Epoch [315/600] Step [0/17] Loss: 5.8368 Bio: 0.9842
Epoch [315/600] Total Loss: 95.0443
Epoch [316/600] Step [0/17] Loss: 5.6010 Bio: 0.8419
Epoch [316/600] Total Loss: 94.3259
Epoch [317/600] Step [0/17] Loss: 5.7166 Bio: 0.9828
Epoch [317/600] Total Loss: 95.7338
Epoch [318/600] Step [0/17] Loss: 5.7132 Bio: 0.8608
Epoch [318/600] Total Loss: 94.4167
Epoch [319/600] Step [0/17] Loss: 5.6511 Bio: 0.8471
Epoch [319/600] Total Loss: 94.4685
Epoch [320/600] Step [0/17] Loss: 5.5077 Bio: 0.8713
Epoch [320/600] Total Loss: 94.1837
Epoch [321/600] Step [0/17] Loss: 5.5089 Bio: 0.8605
Epoch [321/600] Total Loss: 95.6278
Epoch [322/600] Step [0/17] Loss: 5.5718 Bio: 0.8628
Epoch [322/600] Total Loss: 94.4913
Epoch [323/600] Step [0/17] Loss: 5.6734 Bio: 0.7920
Epoch [323/600] Total Loss: 93.0442
Epoch [324/600] Step [0/17] Loss: 5.7317 Bio: 0.8056
Epoch [324/600] Total Loss: 94.0489
Epoch [325/600] Step [0/17] Loss: 5.5941 Bio: 0.6876
Epoch [325/600] Total Loss: 95.8274
Epoch [326/600] Step [0/17] Loss: 5.5112 Bio: 0.8649
Epoch [326/600] Total Loss: 94.5381
Epoch [327/600] Step [0/17] Loss: 5.8642 Bio: 0.8040
Epoch [327/600] Total Loss: 95.1149
Epoch [328/600] Step [0/17] Loss: 5.4795 Bio: 0.8337
Epoch [328/600] Total Loss: 94.9115
Epoch [329/600] Step [0/17] Loss: 5.6761 Bio: 0.9435
Epoch [329/600] Total Loss: 93.9564
Epoch [330/600] Step [0/17] Loss: 5.5710 Bio: 0.7826
Epoch [330/600] Total Loss: 94.6948
Epoch [331/600] Step [0/17] Loss: 5.4901 Bio: 0.8539
Epoch [331/600] Total Loss: 94.3201
Epoch [332/600] Step [0/17] Loss: 5.6095 Bio: 0.9359
Epoch [332/600] Total Loss: 94.5997
Epoch [333/600] Step [0/17] Loss: 5.5483 Bio: 0.8339
Epoch [333/600] Total Loss: 95.0651
Epoch [334/600] Step [0/17] Loss: 5.7528 Bio: 0.8055
Epoch [334/600] Total Loss: 95.0961
Epoch [335/600] Step [0/17] Loss: 5.7158 Bio: 0.9421
Epoch [335/600] Total Loss: 94.5294
Epoch [336/600] Step [0/17] Loss: 5.5343 Bio: 0.8842
Epoch [336/600] Total Loss: 93.9374
Epoch [337/600] Step [0/17] Loss: 5.5402 Bio: 0.8211
Epoch [337/600] Total Loss: 94.3076
Epoch [338/600] Step [0/17] Loss: 5.5490 Bio: 0.8594
Epoch [338/600] Total Loss: 94.4740
Epoch [339/600] Step [0/17] Loss: 5.6697 Bio: 0.8780
Epoch [339/600] Total Loss: 93.3161
Epoch [340/600] Step [0/17] Loss: 5.4261 Bio: 0.8341
Epoch [340/600] Total Loss: 93.6301
Epoch [341/600] Step [0/17] Loss: 5.7342 Bio: 1.0205
Epoch [341/600] Total Loss: 95.2664
Epoch [342/600] Step [0/17] Loss: 5.6072 Bio: 0.8229
Epoch [342/600] Total Loss: 94.0649
Epoch [343/600] Step [0/17] Loss: 5.5499 Bio: 0.8664
Epoch [343/600] Total Loss: 94.5962
Epoch [344/600] Step [0/17] Loss: 5.6090 Bio: 0.8028
Epoch [344/600] Total Loss: 94.0099
Epoch [345/600] Step [0/17] Loss: 5.6929 Bio: 1.0338
Epoch [345/600] Total Loss: 93.9203
Epoch [346/600] Step [0/17] Loss: 5.8983 Bio: 0.7903
Epoch [346/600] Total Loss: 94.1976
Epoch [347/600] Step [0/17] Loss: 5.6647 Bio: 0.9530
Epoch [347/600] Total Loss: 94.7381
Epoch [348/600] Step [0/17] Loss: 5.6417 Bio: 0.9264
Epoch [348/600] Total Loss: 94.1781
Epoch [349/600] Step [0/17] Loss: 5.5402 Bio: 0.7796
Epoch [349/600] Total Loss: 95.2990
Epoch [350/600] Step [0/17] Loss: 5.4471 Bio: 0.8025
Epoch [350/600] Total Loss: 94.1159
Epoch [351/600] Step [0/17] Loss: 5.8068 Bio: 1.1112
Epoch [351/600] Total Loss: 92.7771
Epoch [352/600] Step [0/17] Loss: 5.5733 Bio: 0.9013
Epoch [352/600] Total Loss: 93.7814
Epoch [353/600] Step [0/17] Loss: 5.8569 Bio: 0.9818
Epoch [353/600] Total Loss: 93.8681
Epoch [354/600] Step [0/17] Loss: 5.7415 Bio: 0.8565
Epoch [354/600] Total Loss: 94.2440
Epoch [355/600] Step [0/17] Loss: 5.6489 Bio: 0.7353
Epoch [355/600] Total Loss: 94.1942
Epoch [356/600] Step [0/17] Loss: 5.5663 Bio: 0.9616
Epoch [356/600] Total Loss: 92.5149
Epoch [357/600] Step [0/17] Loss: 5.5630 Bio: 0.8632
Epoch [357/600] Total Loss: 94.1110
Epoch [358/600] Step [0/17] Loss: 5.8307 Bio: 1.0110
Epoch [358/600] Total Loss: 93.9910
Epoch [359/600] Step [0/17] Loss: 5.5909 Bio: 0.7865
Epoch [359/600] Total Loss: 92.8997
Epoch [360/600] Step [0/17] Loss: 5.5949 Bio: 0.8144
Epoch [360/600] Total Loss: 93.7281
Epoch [361/600] Step [0/17] Loss: 5.7295 Bio: 0.8568
Epoch [361/600] Total Loss: 93.0878
Epoch [362/600] Step [0/17] Loss: 5.6175 Bio: 1.0026
Epoch [362/600] Total Loss: 94.0746
Epoch [363/600] Step [0/17] Loss: 5.4627 Bio: 0.8599
Epoch [363/600] Total Loss: 92.3068
Epoch [364/600] Step [0/17] Loss: 5.8730 Bio: 0.7846
Epoch [364/600] Total Loss: 94.9636
Epoch [365/600] Step [0/17] Loss: 5.5391 Bio: 0.7309
Epoch [365/600] Total Loss: 93.4259
Epoch [366/600] Step [0/17] Loss: 5.9318 Bio: 0.9518
Epoch [366/600] Total Loss: 93.5976
Epoch [367/600] Step [0/17] Loss: 5.5983 Bio: 0.8919
Epoch [367/600] Total Loss: 92.9952
Epoch [368/600] Step [0/17] Loss: 5.6350 Bio: 0.9201
Epoch [368/600] Total Loss: 93.1962
Epoch [369/600] Step [0/17] Loss: 5.5586 Bio: 0.7555
Epoch [369/600] Total Loss: 93.7117
Epoch [370/600] Step [0/17] Loss: 5.8460 Bio: 0.9271
Epoch [370/600] Total Loss: 92.3624
Epoch [371/600] Step [0/17] Loss: 5.5418 Bio: 0.7043
Epoch [371/600] Total Loss: 94.8254
Epoch [372/600] Step [0/17] Loss: 5.8157 Bio: 0.8345
Epoch [372/600] Total Loss: 94.0712
Epoch [373/600] Step [0/17] Loss: 5.7031 Bio: 0.7143
Epoch [373/600] Total Loss: 93.5572
Epoch [374/600] Step [0/17] Loss: 5.6212 Bio: 1.0161
Epoch [374/600] Total Loss: 93.0402
Epoch [375/600] Step [0/17] Loss: 5.6086 Bio: 0.8112
Epoch [375/600] Total Loss: 94.0745
Epoch [376/600] Step [0/17] Loss: 5.5392 Bio: 0.9587
Epoch [376/600] Total Loss: 93.6598
Epoch [377/600] Step [0/17] Loss: 5.6233 Bio: 0.9659
Epoch [377/600] Total Loss: 94.3465
Epoch [378/600] Step [0/17] Loss: 5.6024 Bio: 0.9752
Epoch [378/600] Total Loss: 93.3108
Epoch [379/600] Step [0/17] Loss: 5.5211 Bio: 0.7345
Epoch [379/600] Total Loss: 93.5050
Epoch [380/600] Step [0/17] Loss: 5.7687 Bio: 0.7624
Epoch [380/600] Total Loss: 94.2800
Epoch [381/600] Step [0/17] Loss: 5.6771 Bio: 0.8365
Epoch [381/600] Total Loss: 94.4196
Epoch [382/600] Step [0/17] Loss: 5.6037 Bio: 0.8222
Epoch [382/600] Total Loss: 93.5810
Epoch [383/600] Step [0/17] Loss: 5.7091 Bio: 0.8314
Epoch [383/600] Total Loss: 92.5476
Epoch [384/600] Step [0/17] Loss: 5.7519 Bio: 0.9575
Epoch [384/600] Total Loss: 93.9323
Epoch [385/600] Step [0/17] Loss: 5.5627 Bio: 0.9276
Epoch [385/600] Total Loss: 94.2631
Epoch [386/600] Step [0/17] Loss: 5.6206 Bio: 0.9520
Epoch [386/600] Total Loss: 92.8008
Epoch [387/600] Step [0/17] Loss: 5.6841 Bio: 0.9204
Epoch [387/600] Total Loss: 93.5449
Epoch [388/600] Step [0/17] Loss: 5.4991 Bio: 0.8637
Epoch [388/600] Total Loss: 92.7018
Epoch [389/600] Step [0/17] Loss: 5.4261 Bio: 0.8478
Epoch [389/600] Total Loss: 93.2718
Epoch [390/600] Step [0/17] Loss: 5.5784 Bio: 0.7245
Epoch [390/600] Total Loss: 92.9728
Epoch [391/600] Step [0/17] Loss: 5.4501 Bio: 0.9256
Epoch [391/600] Total Loss: 94.0042
Epoch [392/600] Step [0/17] Loss: 5.8343 Bio: 0.8351
Epoch [392/600] Total Loss: 93.5430
Epoch [393/600] Step [0/17] Loss: 5.6819 Bio: 0.8867
Epoch [393/600] Total Loss: 94.8715
Epoch [394/600] Step [0/17] Loss: 5.9868 Bio: 0.8478
Epoch [394/600] Total Loss: 93.5497
Epoch [395/600] Step [0/17] Loss: 5.7599 Bio: 0.8216
Epoch [395/600] Total Loss: 93.5332
Epoch [396/600] Step [0/17] Loss: 5.6174 Bio: 0.7051
Epoch [396/600] Total Loss: 93.2609
Epoch [397/600] Step [0/17] Loss: 5.4696 Bio: 0.7643
Epoch [397/600] Total Loss: 93.7943
Epoch [398/600] Step [0/17] Loss: 5.6791 Bio: 0.8725
Epoch [398/600] Total Loss: 92.4227
Epoch [399/600] Step [0/17] Loss: 5.5459 Bio: 1.0433
Epoch [399/600] Total Loss: 93.3027
Epoch [400/600] Step [0/17] Loss: 5.6394 Bio: 0.7099
Epoch [400/600] Total Loss: 94.2162
Epoch [401/600] Step [0/17] Loss: 5.6479 Bio: 0.8316
Epoch [401/600] Total Loss: 93.2393
Epoch [402/600] Step [0/17] Loss: 5.4464 Bio: 0.8255
Epoch [402/600] Total Loss: 93.0327
Epoch [403/600] Step [0/17] Loss: 5.5617 Bio: 0.8512
Epoch [403/600] Total Loss: 92.8728
Epoch [404/600] Step [0/17] Loss: 5.5491 Bio: 0.8652
Epoch [404/600] Total Loss: 93.2379
Epoch [405/600] Step [0/17] Loss: 5.5828 Bio: 0.8386
Epoch [405/600] Total Loss: 93.5091
Epoch [406/600] Step [0/17] Loss: 5.4293 Bio: 0.9742
Epoch [406/600] Total Loss: 93.1715
Epoch [407/600] Step [0/17] Loss: 5.6528 Bio: 0.8913
Epoch [407/600] Total Loss: 93.1591
Epoch [408/600] Step [0/17] Loss: 5.5490 Bio: 0.8962
Epoch [408/600] Total Loss: 92.7466
Epoch [409/600] Step [0/17] Loss: 5.5116 Bio: 0.7238
Epoch [409/600] Total Loss: 94.8745
Epoch [410/600] Step [0/17] Loss: 5.7824 Bio: 0.8626
Epoch [410/600] Total Loss: 93.5551
Epoch [411/600] Step [0/17] Loss: 5.4753 Bio: 0.8316
Epoch [411/600] Total Loss: 92.5984
Epoch [412/600] Step [0/17] Loss: 5.5075 Bio: 0.9463
Epoch [412/600] Total Loss: 93.4559
Epoch [413/600] Step [0/17] Loss: 5.4655 Bio: 0.8410
Epoch [413/600] Total Loss: 92.3769
Epoch [414/600] Step [0/17] Loss: 5.7004 Bio: 1.0239
Epoch [414/600] Total Loss: 93.7651
Epoch [415/600] Step [0/17] Loss: 5.5932 Bio: 0.9202
Epoch [415/600] Total Loss: 94.2013
Epoch [416/600] Step [0/17] Loss: 5.7319 Bio: 0.7967
Epoch [416/600] Total Loss: 94.0710
Epoch [417/600] Step [0/17] Loss: 5.6911 Bio: 0.8217
Epoch [417/600] Total Loss: 93.7719
Epoch [418/600] Step [0/17] Loss: 5.7391 Bio: 0.9053
Epoch [418/600] Total Loss: 93.6308
Epoch [419/600] Step [0/17] Loss: 5.7262 Bio: 0.8993
Epoch [419/600] Total Loss: 94.0972
Epoch [420/600] Step [0/17] Loss: 5.6086 Bio: 0.7351
Epoch [420/600] Total Loss: 93.5774
Epoch [421/600] Step [0/17] Loss: 5.6021 Bio: 0.7778
Epoch [421/600] Total Loss: 93.1987
Epoch [422/600] Step [0/17] Loss: 5.6488 Bio: 0.8774
Epoch [422/600] Total Loss: 93.2268
Epoch [423/600] Step [0/17] Loss: 5.6645 Bio: 0.8110
Epoch [423/600] Total Loss: 94.6224
Epoch [424/600] Step [0/17] Loss: 5.6254 Bio: 0.9055
Epoch [424/600] Total Loss: 93.4629
Epoch [425/600] Step [0/17] Loss: 5.6569 Bio: 0.8009
Epoch [425/600] Total Loss: 95.9933
Epoch [426/600] Step [0/17] Loss: 5.4930 Bio: 0.8618
Epoch [426/600] Total Loss: 92.8670
Epoch [427/600] Step [0/17] Loss: 5.6255 Bio: 0.9601
Epoch [427/600] Total Loss: 92.4393
Epoch [428/600] Step [0/17] Loss: 5.5147 Bio: 0.8179
Epoch [428/600] Total Loss: 93.7412
Epoch [429/600] Step [0/17] Loss: 5.7145 Bio: 0.9049
Epoch [429/600] Total Loss: 94.0964
Epoch [430/600] Step [0/17] Loss: 5.4567 Bio: 0.8839
Epoch [430/600] Total Loss: 92.7553
Epoch [431/600] Step [0/17] Loss: 5.6122 Bio: 0.8811
Epoch [431/600] Total Loss: 92.2300
Epoch [432/600] Step [0/17] Loss: 5.5932 Bio: 0.8617
Epoch [432/600] Total Loss: 91.8384
Epoch [433/600] Step [0/17] Loss: 5.7781 Bio: 0.8290
Epoch [433/600] Total Loss: 93.6949
Epoch [434/600] Step [0/17] Loss: 5.5789 Bio: 0.8651
Epoch [434/600] Total Loss: 92.7266
Epoch [435/600] Step [0/17] Loss: 5.7245 Bio: 0.8714
Epoch [435/600] Total Loss: 92.8396
Epoch [436/600] Step [0/17] Loss: 5.4887 Bio: 0.8562
Epoch [436/600] Total Loss: 92.9270
Epoch [437/600] Step [0/17] Loss: 5.5173 Bio: 0.7776
Epoch [437/600] Total Loss: 92.4330
Epoch [438/600] Step [0/17] Loss: 5.5234 Bio: 0.8443
Epoch [438/600] Total Loss: 93.3338
Epoch [439/600] Step [0/17] Loss: 5.8040 Bio: 0.9701
Epoch [439/600] Total Loss: 92.2018
Epoch [440/600] Step [0/17] Loss: 5.5541 Bio: 0.9599
Epoch [440/600] Total Loss: 92.8216
Epoch [441/600] Step [0/17] Loss: 5.5309 Bio: 0.8148
Epoch [441/600] Total Loss: 92.9683
Epoch [442/600] Step [0/17] Loss: 5.5694 Bio: 1.1025
Epoch [442/600] Total Loss: 93.3369
Epoch [443/600] Step [0/17] Loss: 5.4852 Bio: 0.7521
Epoch [443/600] Total Loss: 92.7475
Epoch [444/600] Step [0/17] Loss: 5.5828 Bio: 0.9345
Epoch [444/600] Total Loss: 93.6535
Epoch [445/600] Step [0/17] Loss: 5.6839 Bio: 0.8696
Epoch [445/600] Total Loss: 92.3041
Epoch [446/600] Step [0/17] Loss: 5.5832 Bio: 0.7734
Epoch [446/600] Total Loss: 91.9216
Epoch [447/600] Step [0/17] Loss: 5.4881 Bio: 0.9940
Epoch [447/600] Total Loss: 92.6616
Epoch [448/600] Step [0/17] Loss: 5.5553 Bio: 0.7846
Epoch [448/600] Total Loss: 93.5444
Epoch [449/600] Step [0/17] Loss: 5.6388 Bio: 0.8464
Epoch [449/600] Total Loss: 93.7858
Epoch [450/600] Step [0/17] Loss: 5.5888 Bio: 0.8789
Epoch [450/600] Total Loss: 93.8402
Epoch [451/600] Step [0/17] Loss: 5.7611 Bio: 0.8454
Epoch [451/600] Total Loss: 92.9938
Epoch [452/600] Step [0/17] Loss: 5.5203 Bio: 0.9533
Epoch [452/600] Total Loss: 93.5903
Epoch [453/600] Step [0/17] Loss: 5.8200 Bio: 0.7653
Epoch [453/600] Total Loss: 93.1822
Epoch [454/600] Step [0/17] Loss: 5.6045 Bio: 0.8911
Epoch [454/600] Total Loss: 93.5269
Epoch [455/600] Step [0/17] Loss: 5.5403 Bio: 0.7155
Epoch [455/600] Total Loss: 93.1826
Epoch [456/600] Step [0/17] Loss: 5.4140 Bio: 0.7917
Epoch [456/600] Total Loss: 94.5284
Epoch [457/600] Step [0/17] Loss: 5.5537 Bio: 0.8849
Epoch [457/600] Total Loss: 93.1203
Epoch [458/600] Step [0/17] Loss: 5.7538 Bio: 0.9989
Epoch [458/600] Total Loss: 93.1860
Epoch [459/600] Step [0/17] Loss: 5.8127 Bio: 0.8036
Epoch [459/600] Total Loss: 93.0269
Epoch [460/600] Step [0/17] Loss: 5.8249 Bio: 0.8701
Epoch [460/600] Total Loss: 93.7976
Epoch [461/600] Step [0/17] Loss: 5.5194 Bio: 0.9762
Epoch [461/600] Total Loss: 92.7497
Epoch [462/600] Step [0/17] Loss: 5.6600 Bio: 1.0813
Epoch [462/600] Total Loss: 93.4108
Epoch [463/600] Step [0/17] Loss: 5.4934 Bio: 0.8612
Epoch [463/600] Total Loss: 92.0105
Epoch [464/600] Step [0/17] Loss: 5.4424 Bio: 0.8847
Epoch [464/600] Total Loss: 93.6685
Epoch [465/600] Step [0/17] Loss: 5.7297 Bio: 0.8071
Epoch [465/600] Total Loss: 92.5584
Epoch [466/600] Step [0/17] Loss: 5.6127 Bio: 0.7425
Epoch [466/600] Total Loss: 93.4259
Epoch [467/600] Step [0/17] Loss: 5.6245 Bio: 0.7676
Epoch [467/600] Total Loss: 92.0609
Epoch [468/600] Step [0/17] Loss: 5.7385 Bio: 0.7438
Epoch [468/600] Total Loss: 93.2366
Epoch [469/600] Step [0/17] Loss: 5.4976 Bio: 0.8405
Epoch [469/600] Total Loss: 93.0504
Epoch [470/600] Step [0/17] Loss: 5.4707 Bio: 0.8127
Epoch [470/600] Total Loss: 92.6113
Epoch [471/600] Step [0/17] Loss: 5.7399 Bio: 0.8239
Epoch [471/600] Total Loss: 92.9659
Epoch [472/600] Step [0/17] Loss: 5.6457 Bio: 0.9047
Epoch [472/600] Total Loss: 93.8263
Epoch [473/600] Step [0/17] Loss: 5.6165 Bio: 0.8665
Epoch [473/600] Total Loss: 92.2440
Epoch [474/600] Step [0/17] Loss: 5.4615 Bio: 1.0027
Epoch [474/600] Total Loss: 92.4066
Epoch [475/600] Step [0/17] Loss: 5.4259 Bio: 0.9546
Epoch [475/600] Total Loss: 92.8578
Epoch [476/600] Step [0/17] Loss: 5.6281 Bio: 0.8216
Epoch [476/600] Total Loss: 92.9237
Epoch [477/600] Step [0/17] Loss: 5.5812 Bio: 0.9490
Epoch [477/600] Total Loss: 93.4892
Epoch [478/600] Step [0/17] Loss: 5.5109 Bio: 0.8485
Epoch [478/600] Total Loss: 93.7854
Epoch [479/600] Step [0/17] Loss: 5.5057 Bio: 0.8252
Epoch [479/600] Total Loss: 92.6006
Epoch [480/600] Step [0/17] Loss: 5.4468 Bio: 0.8110
Epoch [480/600] Total Loss: 93.3406
Epoch [481/600] Step [0/17] Loss: 5.6487 Bio: 0.8008
Epoch [481/600] Total Loss: 94.0411
Epoch [482/600] Step [0/17] Loss: 5.5020 Bio: 0.8415
Epoch [482/600] Total Loss: 93.3823
Epoch [483/600] Step [0/17] Loss: 5.7629 Bio: 0.7390
Epoch [483/600] Total Loss: 94.5854
Epoch [484/600] Step [0/17] Loss: 5.6867 Bio: 0.8883
Epoch [484/600] Total Loss: 93.0354
Epoch [485/600] Step [0/17] Loss: 5.5020 Bio: 0.9586
Epoch [485/600] Total Loss: 93.3236
Epoch [486/600] Step [0/17] Loss: 5.7809 Bio: 1.1225
Epoch [486/600] Total Loss: 93.5928
Epoch [487/600] Step [0/17] Loss: 5.3899 Bio: 0.7225
Epoch [487/600] Total Loss: 93.6909
Epoch [488/600] Step [0/17] Loss: 5.5578 Bio: 0.8701
Epoch [488/600] Total Loss: 92.9649
Epoch [489/600] Step [0/17] Loss: 5.7064 Bio: 0.7679
Epoch [489/600] Total Loss: 94.5051
Epoch [490/600] Step [0/17] Loss: 5.5878 Bio: 0.7722
Epoch [490/600] Total Loss: 93.8239
Epoch [491/600] Step [0/17] Loss: 5.5694 Bio: 0.8687
Epoch [491/600] Total Loss: 92.6989
Epoch [492/600] Step [0/17] Loss: 5.5289 Bio: 0.9014
Epoch [492/600] Total Loss: 92.9548
Epoch [493/600] Step [0/17] Loss: 5.6086 Bio: 0.8276
Epoch [493/600] Total Loss: 93.1804
Epoch [494/600] Step [0/17] Loss: 5.4702 Bio: 0.9240
Epoch [494/600] Total Loss: 92.4405
Epoch [495/600] Step [0/17] Loss: 5.5222 Bio: 0.9009
Epoch [495/600] Total Loss: 94.1533
Epoch [496/600] Step [0/17] Loss: 5.5656 Bio: 0.8949
Epoch [496/600] Total Loss: 93.2872
Epoch [497/600] Step [0/17] Loss: 5.5830 Bio: 0.8454
Epoch [497/600] Total Loss: 92.3298
Epoch [498/600] Step [0/17] Loss: 5.6647 Bio: 0.9009
Epoch [498/600] Total Loss: 92.2352
Epoch [499/600] Step [0/17] Loss: 5.5767 Bio: 0.8030
Epoch [499/600] Total Loss: 92.7708
Epoch [500/600] Step [0/17] Loss: 5.5054 Bio: 0.8918
Epoch [500/600] Total Loss: 93.4650
Epoch [501/600] Step [0/17] Loss: 5.5225 Bio: 0.8433
Epoch [501/600] Total Loss: 92.7338
Epoch [502/600] Step [0/17] Loss: 5.3848 Bio: 0.9355
Epoch [502/600] Total Loss: 94.1656
Epoch [503/600] Step [0/17] Loss: 5.4922 Bio: 0.8179
Epoch [503/600] Total Loss: 91.9315
Epoch [504/600] Step [0/17] Loss: 5.6252 Bio: 0.7885
Epoch [504/600] Total Loss: 92.0833
Epoch [505/600] Step [0/17] Loss: 5.5155 Bio: 1.1126
Epoch [505/600] Total Loss: 91.9974
Epoch [506/600] Step [0/17] Loss: 5.4934 Bio: 0.8431
Epoch [506/600] Total Loss: 92.9896
Epoch [507/600] Step [0/17] Loss: 5.5555 Bio: 0.8084
Epoch [507/600] Total Loss: 92.8251
Epoch [508/600] Step [0/17] Loss: 5.3940 Bio: 0.8197
Epoch [508/600] Total Loss: 92.0330
Epoch [509/600] Step [0/17] Loss: 5.6092 Bio: 0.8643
Epoch [509/600] Total Loss: 91.6544
Epoch [510/600] Step [0/17] Loss: 5.4992 Bio: 0.8617
Epoch [510/600] Total Loss: 92.6546
Epoch [511/600] Step [0/17] Loss: 5.6659 Bio: 0.8957
Epoch [511/600] Total Loss: 92.4353
Epoch [512/600] Step [0/17] Loss: 5.6617 Bio: 0.6879
Epoch [512/600] Total Loss: 92.9668
Epoch [513/600] Step [0/17] Loss: 5.5042 Bio: 0.9136
Epoch [513/600] Total Loss: 92.0775
Epoch [514/600] Step [0/17] Loss: 5.4745 Bio: 0.8172
Epoch [514/600] Total Loss: 92.7475
Epoch [515/600] Step [0/17] Loss: 5.4655 Bio: 0.7666
Epoch [515/600] Total Loss: 92.5153
Epoch [516/600] Step [0/17] Loss: 5.5677 Bio: 0.8015
Epoch [516/600] Total Loss: 91.9965
Epoch [517/600] Step [0/17] Loss: 5.5899 Bio: 0.8303
Epoch [517/600] Total Loss: 92.5261
Epoch [518/600] Step [0/17] Loss: 5.4350 Bio: 0.7824
Epoch [518/600] Total Loss: 92.8352
Epoch [519/600] Step [0/17] Loss: 5.6582 Bio: 0.8335
Epoch [519/600] Total Loss: 93.3438
Epoch [520/600] Step [0/17] Loss: 5.5018 Bio: 0.8492
Epoch [520/600] Total Loss: 92.5747
Epoch [521/600] Step [0/17] Loss: 5.6307 Bio: 0.8695
Epoch [521/600] Total Loss: 92.8494
Epoch [522/600] Step [0/17] Loss: 5.5268 Bio: 0.8885
Epoch [522/600] Total Loss: 93.1524
Epoch [523/600] Step [0/17] Loss: 5.5020 Bio: 0.6809
Epoch [523/600] Total Loss: 93.8708
Epoch [524/600] Step [0/17] Loss: 5.4951 Bio: 0.9967
Epoch [524/600] Total Loss: 91.7340
Epoch [525/600] Step [0/17] Loss: 5.5732 Bio: 0.7508
Epoch [525/600] Total Loss: 92.9552
Epoch [526/600] Step [0/17] Loss: 5.3951 Bio: 0.8131
Epoch [526/600] Total Loss: 93.1527
Epoch [527/600] Step [0/17] Loss: 5.5882 Bio: 0.8810
Epoch [527/600] Total Loss: 92.3181
Epoch [528/600] Step [0/17] Loss: 5.5694 Bio: 0.8423
Epoch [528/600] Total Loss: 92.8005
Epoch [529/600] Step [0/17] Loss: 5.4477 Bio: 0.9369
Epoch [529/600] Total Loss: 92.9798
Epoch [530/600] Step [0/17] Loss: 5.3782 Bio: 0.8655
Epoch [530/600] Total Loss: 91.6357
Epoch [531/600] Step [0/17] Loss: 5.6010 Bio: 0.7364
Epoch [531/600] Total Loss: 92.1251
Epoch [532/600] Step [0/17] Loss: 5.4832 Bio: 0.7532
Epoch [532/600] Total Loss: 92.5259
Epoch [533/600] Step [0/17] Loss: 5.5313 Bio: 0.8637
Epoch [533/600] Total Loss: 93.1942
Epoch [534/600] Step [0/17] Loss: 5.4991 Bio: 0.9663
Epoch [534/600] Total Loss: 92.3540
Epoch [535/600] Step [0/17] Loss: 5.5367 Bio: 0.8207
Epoch [535/600] Total Loss: 94.1178
Epoch [536/600] Step [0/17] Loss: 5.7106 Bio: 0.9703
Epoch [536/600] Total Loss: 94.0207
Epoch [537/600] Step [0/17] Loss: 5.4972 Bio: 0.8591
Epoch [537/600] Total Loss: 92.4332
Epoch [538/600] Step [0/17] Loss: 5.5705 Bio: 0.9887
Epoch [538/600] Total Loss: 93.0764
Epoch [539/600] Step [0/17] Loss: 5.6001 Bio: 1.0380
Epoch [539/600] Total Loss: 91.5965
Epoch [540/600] Step [0/17] Loss: 5.4858 Bio: 0.8003
Epoch [540/600] Total Loss: 92.8104
Epoch [541/600] Step [0/17] Loss: 5.3313 Bio: 0.8277
Epoch [541/600] Total Loss: 92.7900
Epoch [542/600] Step [0/17] Loss: 5.6859 Bio: 0.8727
Epoch [542/600] Total Loss: 93.1251
Epoch [543/600] Step [0/17] Loss: 5.4337 Bio: 0.8900
Epoch [543/600] Total Loss: 91.6172
Epoch [544/600] Step [0/17] Loss: 5.4714 Bio: 0.8715
Epoch [544/600] Total Loss: 93.8815
Epoch [545/600] Step [0/17] Loss: 5.7992 Bio: 0.8254
Epoch [545/600] Total Loss: 93.5553
Epoch [546/600] Step [0/17] Loss: 5.7814 Bio: 0.7856
Epoch [546/600] Total Loss: 92.7116
Epoch [547/600] Step [0/17] Loss: 5.3439 Bio: 0.8672
Epoch [547/600] Total Loss: 93.1199
Epoch [548/600] Step [0/17] Loss: 5.5708 Bio: 0.8446
Epoch [548/600] Total Loss: 92.5954
Epoch [549/600] Step [0/17] Loss: 5.6074 Bio: 0.7592
Epoch [549/600] Total Loss: 91.8727
Epoch [550/600] Step [0/17] Loss: 5.6132 Bio: 0.7759
Epoch [550/600] Total Loss: 93.2201
Epoch [551/600] Step [0/17] Loss: 5.5086 Bio: 0.7570
Epoch [551/600] Total Loss: 92.5732
Epoch [552/600] Step [0/17] Loss: 5.3219 Bio: 0.9161
Epoch [552/600] Total Loss: 92.8229
Epoch [553/600] Step [0/17] Loss: 5.5108 Bio: 0.8557
Epoch [553/600] Total Loss: 91.6761
Epoch [554/600] Step [0/17] Loss: 5.5791 Bio: 0.7904
Epoch [554/600] Total Loss: 93.0001
Epoch [555/600] Step [0/17] Loss: 5.7329 Bio: 0.9544
Epoch [555/600] Total Loss: 92.1224
Epoch [556/600] Step [0/17] Loss: 5.7189 Bio: 0.8415
Epoch [556/600] Total Loss: 91.6491
Epoch [557/600] Step [0/17] Loss: 5.5585 Bio: 0.6731
Epoch [557/600] Total Loss: 93.1690
Epoch [558/600] Step [0/17] Loss: 5.6355 Bio: 0.8516
Epoch [558/600] Total Loss: 92.5661
Epoch [559/600] Step [0/17] Loss: 5.4056 Bio: 0.7557
Epoch [559/600] Total Loss: 92.9491
Epoch [560/600] Step [0/17] Loss: 5.6814 Bio: 0.7382
Epoch [560/600] Total Loss: 92.6551
Epoch [561/600] Step [0/17] Loss: 5.6200 Bio: 0.8804
Epoch [561/600] Total Loss: 91.8805
Epoch [562/600] Step [0/17] Loss: 5.7330 Bio: 1.0299
Epoch [562/600] Total Loss: 91.5435
Epoch [563/600] Step [0/17] Loss: 5.5294 Bio: 0.7677
Epoch [563/600] Total Loss: 92.0831
Epoch [564/600] Step [0/17] Loss: 5.4333 Bio: 0.9673
Epoch [564/600] Total Loss: 91.6594
Epoch [565/600] Step [0/17] Loss: 5.3392 Bio: 0.8843
Epoch [565/600] Total Loss: 91.2680
Epoch [566/600] Step [0/17] Loss: 5.6608 Bio: 0.7536
Epoch [566/600] Total Loss: 91.5767
Epoch [567/600] Step [0/17] Loss: 5.5710 Bio: 0.8597
Epoch [567/600] Total Loss: 92.1895
Epoch [568/600] Step [0/17] Loss: 5.5163 Bio: 0.7549
Epoch [568/600] Total Loss: 92.3945
Epoch [569/600] Step [0/17] Loss: 5.5313 Bio: 0.7484
Epoch [569/600] Total Loss: 92.4541
Epoch [570/600] Step [0/17] Loss: 5.3841 Bio: 0.8443
Epoch [570/600] Total Loss: 91.8008
Epoch [571/600] Step [0/17] Loss: 5.5530 Bio: 0.8324
Epoch [571/600] Total Loss: 91.1103
Epoch [572/600] Step [0/17] Loss: 5.4508 Bio: 0.7811
Epoch [572/600] Total Loss: 93.7073
Epoch [573/600] Step [0/17] Loss: 5.4920 Bio: 0.9042
Epoch [573/600] Total Loss: 93.5314
Epoch [574/600] Step [0/17] Loss: 5.7374 Bio: 0.8559
Epoch [574/600] Total Loss: 91.7912
Epoch [575/600] Step [0/17] Loss: 5.5350 Bio: 0.8520
Epoch [575/600] Total Loss: 92.6670
Epoch [576/600] Step [0/17] Loss: 5.3562 Bio: 0.8425
Epoch [576/600] Total Loss: 92.1617
Epoch [577/600] Step [0/17] Loss: 5.6796 Bio: 0.8650
Epoch [577/600] Total Loss: 92.5609
Epoch [578/600] Step [0/17] Loss: 5.4303 Bio: 0.8714
Epoch [578/600] Total Loss: 92.1086
Epoch [579/600] Step [0/17] Loss: 5.5228 Bio: 0.8284
Epoch [579/600] Total Loss: 92.3482
Epoch [580/600] Step [0/17] Loss: 5.4253 Bio: 0.8172
Epoch [580/600] Total Loss: 92.3170
Epoch [581/600] Step [0/17] Loss: 5.8551 Bio: 0.7760
Epoch [581/600] Total Loss: 91.8993
Epoch [582/600] Step [0/17] Loss: 5.4846 Bio: 0.8623
Epoch [582/600] Total Loss: 92.4902
Epoch [583/600] Step [0/17] Loss: 5.3308 Bio: 0.6770
Epoch [583/600] Total Loss: 92.3548
Epoch [584/600] Step [0/17] Loss: 5.5272 Bio: 0.7467
Epoch [584/600] Total Loss: 91.8314
Epoch [585/600] Step [0/17] Loss: 5.5829 Bio: 1.0185
Epoch [585/600] Total Loss: 93.0672
Epoch [586/600] Step [0/17] Loss: 5.6625 Bio: 0.7780
Epoch [586/600] Total Loss: 92.7215
Epoch [587/600] Step [0/17] Loss: 5.5053 Bio: 0.8208
Epoch [587/600] Total Loss: 91.7539
Epoch [588/600] Step [0/17] Loss: 5.4149 Bio: 0.8010
Epoch [588/600] Total Loss: 92.4627
Epoch [589/600] Step [0/17] Loss: 5.4723 Bio: 0.9606
Epoch [589/600] Total Loss: 92.6690
Epoch [590/600] Step [0/17] Loss: 5.4385 Bio: 0.8385
Epoch [590/600] Total Loss: 92.1547
Epoch [591/600] Step [0/17] Loss: 5.4961 Bio: 0.7706
Epoch [591/600] Total Loss: 91.7355
Epoch [592/600] Step [0/17] Loss: 5.5459 Bio: 0.8260
Epoch [592/600] Total Loss: 92.6364
Epoch [593/600] Step [0/17] Loss: 5.5621 Bio: 0.8953
Epoch [593/600] Total Loss: 91.9763
Epoch [594/600] Step [0/17] Loss: 5.4252 Bio: 0.8915
Epoch [594/600] Total Loss: 91.4002
Epoch [595/600] Step [0/17] Loss: 5.3393 Bio: 0.8461
Epoch [595/600] Total Loss: 91.2801
Epoch [596/600] Step [0/17] Loss: 5.4688 Bio: 0.7597
Epoch [596/600] Total Loss: 92.1828
Epoch [597/600] Step [0/17] Loss: 5.7164 Bio: 0.8310
Epoch [597/600] Total Loss: 93.0262
Epoch [598/600] Step [0/17] Loss: 5.5261 Bio: 0.7719
Epoch [598/600] Total Loss: 91.3962
Epoch [599/600] Step [0/17] Loss: 5.4414 Bio: 1.1078
Epoch [599/600] Total Loss: 93.2945
Linear training complete.
Training completed at: Wed Mar  4 02:43:25 EST 2026
============================================================
CLUSTERING EVALUATION
============================================================
✅ Loaded ground truth from ground_truth_BRCA.csv
   Total patients with labels: 803

📂 Loading model from save/model_combo_linear_3plus_apoptosis_600ep/checkpoint_600.tar...
✅ Model loaded successfully

📊 Loading data for BRCA...
[dataloader] No bio_anchor_file specified — loading omics only
✅ Data loaded successfully

🔮 Getting predictions...
✅ Predictions obtained: 1031 samples

🔍 Filtering to patients with ground truth...
   Patients with both predictions and ground truth: 803
   Final evaluation size: 803 patients

📈 Computing metrics...

============================================================
RESULTS
============================================================
ARI                 : 0.2974
NMI                 : 0.4577
V-measure           : 0.4577
============================================================

📊 Creating visualizations...
Saved confusion matrix to results/BRCA_confusion_matrix.png
Saved distribution plot to results/BRCA_cluster_distribution.png
Computing t-SNE (this may take a minute)...
Saved t-SNE plot to results/BRCA_tsne.png

💾 Saved results to results/BRCA_evaluation.csv

✅ Evaluation complete!
=== Apoptosis 600ep Complete ===
Job finished at: Wed Mar  4 02:43:44 EST 2026
