evaluate_clustering.py:18: FutureWarning: You are using `torch.load` with `weights_only=False` (the current default value), which uses the default pickle module implicitly. It is possible to construct malicious pickle data which will execute arbitrary code during unpickling (See https://github.com/pytorch/pytorch/blob/main/SECURITY.md#untrusted-models for more details). In a future release, the default value for `weights_only` will be flipped to `True`. This limits the functions that could be executed during unpickling. Arbitrary objects will no longer be allowed to be loaded via this mode unless they are explicitly allowlisted by the user via `torch.serialization.add_safe_globals`. We recommend you start setting `weights_only=True` for any use case where you don't have full control of the loaded file. Please open an issue on GitHub for any issues related to this experimental feature.
  checkpoint = torch.load(model_path, map_location=device)
Traceback (most recent call last):
  File "evaluate_clustering.py", line 190, in <module>
    fea_data = pd.read_csv(fea_file, header=0, index_col=0, sep=',')
  File "/gpfs/home/ug25b/.conda/envs/bios/lib/python3.8/site-packages/pandas/io/parsers/readers.py", line 912, in read_csv
    return _read(filepath_or_buffer, kwds)
  File "/gpfs/home/ug25b/.conda/envs/bios/lib/python3.8/site-packages/pandas/io/parsers/readers.py", line 577, in _read
    parser = TextFileReader(filepath_or_buffer, **kwds)
  File "/gpfs/home/ug25b/.conda/envs/bios/lib/python3.8/site-packages/pandas/io/parsers/readers.py", line 1407, in __init__
    self._engine = self._make_engine(f, self.engine)
  File "/gpfs/home/ug25b/.conda/envs/bios/lib/python3.8/site-packages/pandas/io/parsers/readers.py", line 1661, in _make_engine
    self.handles = get_handle(
  File "/gpfs/home/ug25b/.conda/envs/bios/lib/python3.8/site-packages/pandas/io/common.py", line 859, in get_handle
    handle = open(
FileNotFoundError: [Errno 2] No such file or directory: '../subtype_file/BRCA/CN.fea'
mv: cannot stat 'results/BRCA_evaluation.csv': No such file or directory
mv: cannot stat 'results/BRCA_confusion_matrix.png': No such file or directory
mv: cannot stat 'results/BRCA_cluster_distribution.png': No such file or directory
mv: cannot stat 'results/BRCA_tsne.png': No such file or directory
