Head type    : attention
Cancer       : BRCA | bio_dim: 4 | lambda_bio: 0.1
Bio anchor   : data/bio_anchors/bio_anchors_BRCA_gsva_decorr_M4.csv
Cluster num  : 5
Epochs       : 400
[dataloader] Loaded bio-anchors from data/bio_anchors/bio_anchors_BRCA_gsva_decorr_M4.csv: torch.Size([1031, 4])
Device       : cpu
Model params : 73,951,302
Resumed from epoch 251
Epoch [251/400] Step [0/17] Loss: 5.9079 Bio: 0.6549
Epoch [251/400] Total Loss: 94.5157
Epoch [252/400] Step [0/17] Loss: 5.7459 Bio: 0.6125
Epoch [252/400] Total Loss: 94.1238
Epoch [253/400] Step [0/17] Loss: 5.7108 Bio: 0.5873
Epoch [253/400] Total Loss: 94.6282
Epoch [254/400] Step [0/17] Loss: 5.7106 Bio: 0.6933
Epoch [254/400] Total Loss: 94.2664
Epoch [255/400] Step [0/17] Loss: 5.7410 Bio: 0.6105
Epoch [255/400] Total Loss: 95.4883
Epoch [256/400] Step [0/17] Loss: 5.5655 Bio: 0.6846
Epoch [256/400] Total Loss: 93.8341
Epoch [257/400] Step [0/17] Loss: 5.8509 Bio: 0.5526
Epoch [257/400] Total Loss: 93.1598
Epoch [258/400] Step [0/17] Loss: 5.5640 Bio: 0.6389
Epoch [258/400] Total Loss: 92.8860
Epoch [259/400] Step [0/17] Loss: 5.6171 Bio: 0.6093
Epoch [259/400] Total Loss: 94.0421
Epoch [260/400] Step [0/17] Loss: 5.6354 Bio: 0.7114
Epoch [260/400] Total Loss: 94.3403
Epoch [261/400] Step [0/17] Loss: 5.7014 Bio: 0.7538
Epoch [261/400] Total Loss: 95.1160
Epoch [262/400] Step [0/17] Loss: 5.7102 Bio: 0.6302
Epoch [262/400] Total Loss: 93.6057
Epoch [263/400] Step [0/17] Loss: 5.8856 Bio: 0.6181
Epoch [263/400] Total Loss: 93.3962
Epoch [264/400] Step [0/17] Loss: 5.6726 Bio: 0.6496
Epoch [264/400] Total Loss: 93.5578
Epoch [265/400] Step [0/17] Loss: 5.8088 Bio: 0.7034
Epoch [265/400] Total Loss: 94.7459
Epoch [266/400] Step [0/17] Loss: 5.5842 Bio: 0.6941
Epoch [266/400] Total Loss: 94.9843
Epoch [267/400] Step [0/17] Loss: 5.5436 Bio: 0.5866
Epoch [267/400] Total Loss: 95.2875
Epoch [268/400] Step [0/17] Loss: 5.8456 Bio: 0.6510
Epoch [268/400] Total Loss: 93.6297
Epoch [269/400] Step [0/17] Loss: 5.8001 Bio: 0.6163
Epoch [269/400] Total Loss: 93.6490
Epoch [270/400] Step [0/17] Loss: 5.7329 Bio: 0.5650
Epoch [270/400] Total Loss: 93.7716
Epoch [271/400] Step [0/17] Loss: 5.7790 Bio: 0.7100
Epoch [271/400] Total Loss: 93.8946
Epoch [272/400] Step [0/17] Loss: 5.3897 Bio: 0.5540
Epoch [272/400] Total Loss: 94.6097
Epoch [273/400] Step [0/17] Loss: 5.5972 Bio: 0.6613
Epoch [273/400] Total Loss: 92.9391
Epoch [274/400] Step [0/17] Loss: 5.6105 Bio: 0.6366
Epoch [274/400] Total Loss: 93.6528
Epoch [275/400] Step [0/17] Loss: 5.6816 Bio: 0.6629
Epoch [275/400] Total Loss: 95.0832
Epoch [276/400] Step [0/17] Loss: 5.7223 Bio: 0.5947
Epoch [276/400] Total Loss: 94.9198
Epoch [277/400] Step [0/17] Loss: 5.5392 Bio: 0.6006
Epoch [277/400] Total Loss: 94.1241
Epoch [278/400] Step [0/17] Loss: 5.5949 Bio: 0.5021
Epoch [278/400] Total Loss: 93.7041
Epoch [279/400] Step [0/17] Loss: 5.6639 Bio: 0.6016
Epoch [279/400] Total Loss: 94.1712
Epoch [280/400] Step [0/17] Loss: 5.4908 Bio: 0.6325
Epoch [280/400] Total Loss: 93.8013
Epoch [281/400] Step [0/17] Loss: 5.5959 Bio: 0.7027
Epoch [281/400] Total Loss: 93.5093
Epoch [282/400] Step [0/17] Loss: 5.5631 Bio: 0.5161
Epoch [282/400] Total Loss: 93.0821
Epoch [283/400] Step [0/17] Loss: 5.6455 Bio: 0.5990
Epoch [283/400] Total Loss: 93.8336
Epoch [284/400] Step [0/17] Loss: 5.3829 Bio: 0.5191
Epoch [284/400] Total Loss: 92.6448
Epoch [285/400] Step [0/17] Loss: 5.6768 Bio: 0.6116
Epoch [285/400] Total Loss: 92.7365
Epoch [286/400] Step [0/17] Loss: 5.9769 Bio: 0.6995
Epoch [286/400] Total Loss: 94.0961
Epoch [287/400] Step [0/17] Loss: 5.5676 Bio: 0.6240
Epoch [287/400] Total Loss: 94.1055
Epoch [288/400] Step [0/17] Loss: 5.4567 Bio: 0.5931
Epoch [288/400] Total Loss: 92.8173
Epoch [289/400] Step [0/17] Loss: 5.5803 Bio: 0.6737
Epoch [289/400] Total Loss: 93.3817
Epoch [290/400] Step [0/17] Loss: 5.6504 Bio: 0.5405
Epoch [290/400] Total Loss: 93.8003
Epoch [291/400] Step [0/17] Loss: 5.4220 Bio: 0.6027
Epoch [291/400] Total Loss: 93.6940
Epoch [292/400] Step [0/17] Loss: 5.7736 Bio: 0.6683
Epoch [292/400] Total Loss: 93.9173
Epoch [293/400] Step [0/17] Loss: 5.8283 Bio: 0.5436
Epoch [293/400] Total Loss: 92.7526
Epoch [294/400] Step [0/17] Loss: 5.6134 Bio: 0.6751
Epoch [294/400] Total Loss: 93.9303
Epoch [295/400] Step [0/17] Loss: 5.7667 Bio: 0.5213
Epoch [295/400] Total Loss: 93.5925
Epoch [296/400] Step [0/17] Loss: 5.9580 Bio: 0.5144
Epoch [296/400] Total Loss: 94.0455
Epoch [297/400] Step [0/17] Loss: 5.7318 Bio: 0.6816
Epoch [297/400] Total Loss: 92.7869
Epoch [298/400] Step [0/17] Loss: 5.7289 Bio: 0.7169
Epoch [298/400] Total Loss: 92.3911
Epoch [299/400] Step [0/17] Loss: 5.6422 Bio: 0.8062
Epoch [299/400] Total Loss: 92.3015
Epoch [300/400] Step [0/17] Loss: 5.6961 Bio: 0.6300
Epoch [300/400] Total Loss: 92.5055
Epoch [301/400] Step [0/17] Loss: 5.6202 Bio: 0.6810
Epoch [301/400] Total Loss: 92.6572
Epoch [302/400] Step [0/17] Loss: 5.7740 Bio: 0.5765
Epoch [302/400] Total Loss: 93.9928
Epoch [303/400] Step [0/17] Loss: 5.6784 Bio: 0.5977
Epoch [303/400] Total Loss: 92.9601
Epoch [304/400] Step [0/17] Loss: 5.5463 Bio: 0.7214
Epoch [304/400] Total Loss: 92.5118
Epoch [305/400] Step [0/17] Loss: 5.7773 Bio: 0.6167
Epoch [305/400] Total Loss: 94.0259
Epoch [306/400] Step [0/17] Loss: 5.4158 Bio: 0.5934
Epoch [306/400] Total Loss: 92.6424
Epoch [307/400] Step [0/17] Loss: 5.5063 Bio: 0.5629
Epoch [307/400] Total Loss: 92.2877
Epoch [308/400] Step [0/17] Loss: 5.6127 Bio: 0.6229
Epoch [308/400] Total Loss: 92.3342
Epoch [309/400] Step [0/17] Loss: 5.3815 Bio: 0.5986
Epoch [309/400] Total Loss: 92.8260
Epoch [310/400] Step [0/17] Loss: 5.5017 Bio: 0.6899
Epoch [310/400] Total Loss: 92.8714
Epoch [311/400] Step [0/17] Loss: 5.4839 Bio: 0.6947
Epoch [311/400] Total Loss: 93.5940
Epoch [312/400] Step [0/17] Loss: 5.4644 Bio: 0.6361
Epoch [312/400] Total Loss: 92.2941
Epoch [313/400] Step [0/17] Loss: 5.6129 Bio: 0.6286
Epoch [313/400] Total Loss: 93.1817
Epoch [314/400] Step [0/17] Loss: 5.6190 Bio: 0.7135
Epoch [314/400] Total Loss: 91.8437
Epoch [315/400] Step [0/17] Loss: 5.5891 Bio: 0.5491
Epoch [315/400] Total Loss: 93.2060
Epoch [316/400] Step [0/17] Loss: 5.5107 Bio: 0.5990
Epoch [316/400] Total Loss: 92.2370
Epoch [317/400] Step [0/17] Loss: 5.5994 Bio: 0.5887
Epoch [317/400] Total Loss: 92.6262
Epoch [318/400] Step [0/17] Loss: 5.3934 Bio: 0.5832
Epoch [318/400] Total Loss: 92.2555
Epoch [319/400] Step [0/17] Loss: 5.5584 Bio: 0.6005
Epoch [319/400] Total Loss: 93.2691
Epoch [320/400] Step [0/17] Loss: 5.5033 Bio: 0.7128
Epoch [320/400] Total Loss: 91.6999
Epoch [321/400] Step [0/17] Loss: 5.4155 Bio: 0.7180
Epoch [321/400] Total Loss: 92.8769
Epoch [322/400] Step [0/17] Loss: 5.4668 Bio: 0.5973
Epoch [322/400] Total Loss: 92.6813
Epoch [323/400] Step [0/17] Loss: 5.6086 Bio: 0.6758
Epoch [323/400] Total Loss: 93.1457
Epoch [324/400] Step [0/17] Loss: 5.7167 Bio: 0.7523
Epoch [324/400] Total Loss: 92.4133
Epoch [325/400] Step [0/17] Loss: 5.6892 Bio: 0.5538
Epoch [325/400] Total Loss: 92.9804
Epoch [326/400] Step [0/17] Loss: 5.8680 Bio: 0.6201
Epoch [326/400] Total Loss: 92.4239
Epoch [327/400] Step [0/17] Loss: 5.7028 Bio: 0.6249
Epoch [327/400] Total Loss: 92.3005
Epoch [328/400] Step [0/17] Loss: 5.7050 Bio: 0.5774
Epoch [328/400] Total Loss: 93.2616
Epoch [329/400] Step [0/17] Loss: 5.5872 Bio: 0.6852
Epoch [329/400] Total Loss: 93.3975
Epoch [330/400] Step [0/17] Loss: 5.5627 Bio: 0.5901
Epoch [330/400] Total Loss: 94.5721
Epoch [331/400] Step [0/17] Loss: 5.4654 Bio: 0.7641
Epoch [331/400] Total Loss: 92.8432
Epoch [332/400] Step [0/17] Loss: 5.8038 Bio: 0.7374
Epoch [332/400] Total Loss: 92.8610
Epoch [333/400] Step [0/17] Loss: 5.4874 Bio: 0.6603
Epoch [333/400] Total Loss: 93.7707
Epoch [334/400] Step [0/17] Loss: 5.4298 Bio: 0.6581
Epoch [334/400] Total Loss: 92.3512
Epoch [335/400] Step [0/17] Loss: 5.5254 Bio: 0.5908
Epoch [335/400] Total Loss: 92.4732
Epoch [336/400] Step [0/17] Loss: 5.5416 Bio: 0.7775
Epoch [336/400] Total Loss: 93.0147
Epoch [337/400] Step [0/17] Loss: 5.4312 Bio: 0.6750
Epoch [337/400] Total Loss: 91.8320
Epoch [338/400] Step [0/17] Loss: 5.5171 Bio: 0.6556
Epoch [338/400] Total Loss: 91.3915
Epoch [339/400] Step [0/17] Loss: 5.5706 Bio: 0.5157
Epoch [339/400] Total Loss: 92.0241
Epoch [340/400] Step [0/17] Loss: 5.6161 Bio: 0.6253
Epoch [340/400] Total Loss: 91.7546
Epoch [341/400] Step [0/17] Loss: 5.6802 Bio: 0.5907
Epoch [341/400] Total Loss: 91.6472
Epoch [342/400] Step [0/17] Loss: 5.9017 Bio: 0.6596
Epoch [342/400] Total Loss: 93.0843
Epoch [343/400] Step [0/17] Loss: 5.6166 Bio: 0.5791
Epoch [343/400] Total Loss: 92.8807
Epoch [344/400] Step [0/17] Loss: 5.3932 Bio: 0.6073
Epoch [344/400] Total Loss: 92.1051
Epoch [345/400] Step [0/17] Loss: 5.8174 Bio: 0.7440
Epoch [345/400] Total Loss: 91.7881
Epoch [346/400] Step [0/17] Loss: 5.6002 Bio: 0.6084
Epoch [346/400] Total Loss: 91.3863
Epoch [347/400] Step [0/17] Loss: 5.3683 Bio: 0.6235
Epoch [347/400] Total Loss: 92.2332
Epoch [348/400] Step [0/17] Loss: 5.7247 Bio: 0.6372
Epoch [348/400] Total Loss: 92.9486
Epoch [349/400] Step [0/17] Loss: 5.6061 Bio: 0.5616
Epoch [349/400] Total Loss: 92.6774
Epoch [350/400] Step [0/17] Loss: 5.3953 Bio: 0.6261
Epoch [350/400] Total Loss: 91.5173
Epoch [351/400] Step [0/17] Loss: 5.6070 Bio: 0.5700
Epoch [351/400] Total Loss: 91.7645
Epoch [352/400] Step [0/17] Loss: 5.5515 Bio: 0.5803
Epoch [352/400] Total Loss: 93.0062
Epoch [353/400] Step [0/17] Loss: 5.5621 Bio: 0.5321
Epoch [353/400] Total Loss: 92.4314
Epoch [354/400] Step [0/17] Loss: 5.4069 Bio: 0.5358
Epoch [354/400] Total Loss: 91.5982
Epoch [355/400] Step [0/17] Loss: 5.6433 Bio: 0.5781
Epoch [355/400] Total Loss: 91.9986
Epoch [356/400] Step [0/17] Loss: 5.5083 Bio: 0.6027
Epoch [356/400] Total Loss: 93.7811
Epoch [357/400] Step [0/17] Loss: 5.6162 Bio: 0.6363
Epoch [357/400] Total Loss: 91.8668
Epoch [358/400] Step [0/17] Loss: 5.8218 Bio: 0.5766
Epoch [358/400] Total Loss: 92.4352
Epoch [359/400] Step [0/17] Loss: 5.6182 Bio: 0.5738
Epoch [359/400] Total Loss: 93.6684
Epoch [360/400] Step [0/17] Loss: 5.5286 Bio: 0.5220
Epoch [360/400] Total Loss: 92.1517
Epoch [361/400] Step [0/17] Loss: 5.5835 Bio: 0.6807
Epoch [361/400] Total Loss: 92.3648
Epoch [362/400] Step [0/17] Loss: 5.5459 Bio: 0.6327
Epoch [362/400] Total Loss: 92.3330
Epoch [363/400] Step [0/17] Loss: 5.4254 Bio: 0.6312
Epoch [363/400] Total Loss: 91.4391
Epoch [364/400] Step [0/17] Loss: 5.6833 Bio: 0.7629
Epoch [364/400] Total Loss: 92.4176
Epoch [365/400] Step [0/17] Loss: 5.5318 Bio: 0.6413
Epoch [365/400] Total Loss: 91.3660
Epoch [366/400] Step [0/17] Loss: 5.3961 Bio: 0.6924
Epoch [366/400] Total Loss: 91.2023
Epoch [367/400] Step [0/17] Loss: 5.6100 Bio: 0.6408
Epoch [367/400] Total Loss: 91.0737
Epoch [368/400] Step [0/17] Loss: 5.3103 Bio: 0.6009
Epoch [368/400] Total Loss: 92.2935
Epoch [369/400] Step [0/17] Loss: 5.3750 Bio: 0.5891
Epoch [369/400] Total Loss: 93.7118
Epoch [370/400] Step [0/17] Loss: 5.6685 Bio: 0.5420
Epoch [370/400] Total Loss: 93.0334
Epoch [371/400] Step [0/17] Loss: 5.4163 Bio: 0.6734
Epoch [371/400] Total Loss: 91.6434
Epoch [372/400] Step [0/17] Loss: 5.8302 Bio: 0.6818
Epoch [372/400] Total Loss: 92.7879
Epoch [373/400] Step [0/17] Loss: 5.5556 Bio: 0.5897
Epoch [373/400] Total Loss: 91.5297
Epoch [374/400] Step [0/17] Loss: 5.7072 Bio: 0.6416
Epoch [374/400] Total Loss: 91.2086
Epoch [375/400] Step [0/17] Loss: 5.6996 Bio: 0.6534
Epoch [375/400] Total Loss: 92.8984
Epoch [376/400] Step [0/17] Loss: 5.4453 Bio: 0.6387
Epoch [376/400] Total Loss: 91.2901
Epoch [377/400] Step [0/17] Loss: 5.5207 Bio: 0.6739
Epoch [377/400] Total Loss: 91.5892
Epoch [378/400] Step [0/17] Loss: 5.5274 Bio: 0.6335
Epoch [378/400] Total Loss: 92.0443
Epoch [379/400] Step [0/17] Loss: 5.5124 Bio: 0.5653
Epoch [379/400] Total Loss: 90.9610
Epoch [380/400] Step [0/17] Loss: 5.4141 Bio: 0.6576
Epoch [380/400] Total Loss: 92.1812
Epoch [381/400] Step [0/17] Loss: 5.5820 Bio: 0.6122
Epoch [381/400] Total Loss: 91.3608
Epoch [382/400] Step [0/17] Loss: 5.2335 Bio: 0.5946
Epoch [382/400] Total Loss: 91.7447
Epoch [383/400] Step [0/17] Loss: 5.4641 Bio: 0.6520
Epoch [383/400] Total Loss: 91.2606
Epoch [384/400] Step [0/17] Loss: 5.6018 Bio: 0.5438
Epoch [384/400] Total Loss: 92.2396
Epoch [385/400] Step [0/17] Loss: 5.4761 Bio: 0.6084
Epoch [385/400] Total Loss: 91.9506
Epoch [386/400] Step [0/17] Loss: 5.3268 Bio: 0.5676
Epoch [386/400] Total Loss: 91.3872
Epoch [387/400] Step [0/17] Loss: 5.5356 Bio: 0.6209
Epoch [387/400] Total Loss: 92.0128
Epoch [388/400] Step [0/17] Loss: 5.4791 Bio: 0.6594
Epoch [388/400] Total Loss: 91.1264
Epoch [389/400] Step [0/17] Loss: 5.4666 Bio: 0.6267
Epoch [389/400] Total Loss: 91.3057
Epoch [390/400] Step [0/17] Loss: 5.2660 Bio: 0.6224
Epoch [390/400] Total Loss: 91.6640
Epoch [391/400] Step [0/17] Loss: 5.6764 Bio: 0.6002
Epoch [391/400] Total Loss: 90.4137
Epoch [392/400] Step [0/17] Loss: 5.3660 Bio: 0.5589
Epoch [392/400] Total Loss: 91.5371
Epoch [393/400] Step [0/17] Loss: 5.6496 Bio: 0.7460
Epoch [393/400] Total Loss: 90.9845
Epoch [394/400] Step [0/17] Loss: 5.4920 Bio: 0.5620
Epoch [394/400] Total Loss: 91.1754
Epoch [395/400] Step [0/17] Loss: 5.8242 Bio: 0.5434
Epoch [395/400] Total Loss: 92.2371
Epoch [396/400] Step [0/17] Loss: 5.4195 Bio: 0.6993
Epoch [396/400] Total Loss: 91.4914
Epoch [397/400] Step [0/17] Loss: 5.3678 Bio: 0.5467
Epoch [397/400] Total Loss: 90.6469
Epoch [398/400] Step [0/17] Loss: 5.4857 Bio: 0.5686
Epoch [398/400] Total Loss: 92.4077
Epoch [399/400] Step [0/17] Loss: 5.4638 Bio: 0.6258
Epoch [399/400] Total Loss: 91.8847

=== Loss Summary ===
  Epoch   1: 94.5157
  Epoch  38: 92.8173
  Epoch  75: 92.9804
  Epoch 112: 92.3330
  Epoch 149: 91.8847
  Delta (last 25% = 37 ep): 0.4456
  If delta > -1.0, model has converged
attention training complete.
Training done at: Tue May 12 12:14:33 EDT 2026
=== epoch 260 ===
ARI                 : 0.2997
V-measure           : 0.4458
=== epoch 270 ===
ARI                 : 0.3418
V-measure           : 0.4636
=== epoch 280 ===
ARI                 : 0.3289
V-measure           : 0.4663
=== epoch 290 ===
ARI                 : 0.3031
V-measure           : 0.4516
=== epoch 300 ===
ARI                 : 0.3334
V-measure           : 0.4745
=== epoch 320 ===
ARI                 : 0.3268
V-measure           : 0.4609
=== epoch 340 ===
ARI                 : 0.3421
V-measure           : 0.4681
=== epoch 360 ===
ARI                 : 0.3299
V-measure           : 0.4593
=== epoch 380 ===
ARI                 : 0.3083
V-measure           : 0.4787
=== epoch 400 ===
ARI                 : 0.2771
V-measure           : 0.4235
