Traceback (most recent call last):
  File "scripts/train/train_bioanchor.py", line 183, in <module>
    DL = get_feature(
  File "/gpfs/research/fangroup/ug25b/BIOS/Subtype-DCC/dataloader.py", line 49, in get_feature
    dataset = TensorDataset(feature, anchor_values) if anchor_values is not None else TensorDataset(feature)
  File "/gpfs/home/ug25b/.conda/envs/bios/lib/python3.8/site-packages/torch/utils/data/dataset.py", line 205, in __init__
    assert all(
AssertionError: Size mismatch between tensors
scripts/evaluate/evaluate_clustering.py:44: FutureWarning: You are using `torch.load` with `weights_only=False` (the current default value), which uses the default pickle module implicitly. It is possible to construct malicious pickle data which will execute arbitrary code during unpickling (See https://github.com/pytorch/pytorch/blob/main/SECURITY.md#untrusted-models for more details). In a future release, the default value for `weights_only` will be flipped to `True`. This limits the functions that could be executed during unpickling. Arbitrary objects will no longer be allowed to be loaded via this mode unless they are explicitly allowlisted by the user via `torch.serialization.add_safe_globals`. We recommend you start setting `weights_only=True` for any use case where you don't have full control of the loaded file. Please open an issue on GitHub for any issues related to this experimental feature.
  checkpoint = torch.load(model_path, map_location=device)
Traceback (most recent call last):
  File "scripts/evaluate/evaluate_clustering.py", line 199, in <module>
    model = load_model(args.model_path, args.feature_dim, cluster_num, device)
  File "scripts/evaluate/evaluate_clustering.py", line 44, in load_model
    checkpoint = torch.load(model_path, map_location=device)
  File "/gpfs/home/ug25b/.conda/envs/bios/lib/python3.8/site-packages/torch/serialization.py", line 1065, in load
    with _open_file_like(f, 'rb') as opened_file:
  File "/gpfs/home/ug25b/.conda/envs/bios/lib/python3.8/site-packages/torch/serialization.py", line 468, in _open_file_like
    return _open_file(name_or_buffer, mode)
  File "/gpfs/home/ug25b/.conda/envs/bios/lib/python3.8/site-packages/torch/serialization.py", line 449, in __init__
    super().__init__(open(name, mode))
FileNotFoundError: [Errno 2] No such file or directory: 'save/model_bioanchor_gsva_linear_M8/best_checkpoint.tar'
mv: cannot stat 'results/BRCA_evaluation.csv': No such file or directory
