=== Linear Bio-Anchor Head ===
Job started at: Mon Mar  2 16:53:45 EST 2026
Running on node: hpc-m36-3-9.local
Job ID: 11740917
Linear Bio-Anchor Head
Cancer: BRCA | bio_dim: 8 | lambda_bio: 0.1
Bio anchor file: bio_anchors_BRCA_8dim.csv
[dataloader] Loaded bio-anchors from bio_anchors_BRCA_8dim.csv: torch.Size([1031, 8])
Cluster number: 5
Epoch [0/200] Step [0/33] Loss: 6.4180 Bio: 0.9377
Epoch [0/200] Total Loss: 210.3996
Epoch [1/200] Step [0/33] Loss: 6.3786 Bio: 0.8753
Epoch [1/200] Total Loss: 207.5678
Epoch [2/200] Step [0/33] Loss: 6.1472 Bio: 1.0554
Epoch [2/200] Total Loss: 203.6362
Epoch [3/200] Step [0/33] Loss: 6.1220 Bio: 1.2009
Epoch [3/200] Total Loss: 199.6019
Epoch [4/200] Step [0/33] Loss: 6.0364 Bio: 0.9335
Epoch [4/200] Total Loss: 198.1461
Epoch [5/200] Step [0/33] Loss: 5.9557 Bio: 1.2924
Epoch [5/200] Total Loss: 196.0179
Epoch [6/200] Step [0/33] Loss: 5.9435 Bio: 1.0427
Epoch [6/200] Total Loss: 196.5787
Epoch [7/200] Step [0/33] Loss: 6.0288 Bio: 1.0762
Epoch [7/200] Total Loss: 194.6062
Epoch [8/200] Step [0/33] Loss: 6.0671 Bio: 1.1057
Epoch [8/200] Total Loss: 192.5825
Epoch [9/200] Step [0/33] Loss: 5.9373 Bio: 0.9710
Epoch [9/200] Total Loss: 192.0560
Epoch [10/200] Step [0/33] Loss: 6.1946 Bio: 0.7774
Epoch [10/200] Total Loss: 192.5434
Epoch [11/200] Step [0/33] Loss: 5.6651 Bio: 1.0697
Epoch [11/200] Total Loss: 188.0417
Epoch [12/200] Step [0/33] Loss: 5.6031 Bio: 1.0003
Epoch [12/200] Total Loss: 189.5368
Epoch [13/200] Step [0/33] Loss: 5.4757 Bio: 1.2081
Epoch [13/200] Total Loss: 190.3159
Epoch [14/200] Step [0/33] Loss: 5.6185 Bio: 0.8800
Epoch [14/200] Total Loss: 186.6975
Epoch [15/200] Step [0/33] Loss: 6.0157 Bio: 0.9501
Epoch [15/200] Total Loss: 186.5108
Epoch [16/200] Step [0/33] Loss: 5.7276 Bio: 0.9539
Epoch [16/200] Total Loss: 185.2160
Epoch [17/200] Step [0/33] Loss: 5.3137 Bio: 0.8423
Epoch [17/200] Total Loss: 186.7925
Epoch [18/200] Step [0/33] Loss: 5.6040 Bio: 1.1178
Epoch [18/200] Total Loss: 182.9061
Epoch [19/200] Step [0/33] Loss: 5.2770 Bio: 1.1331
Epoch [19/200] Total Loss: 184.5482
Epoch [20/200] Step [0/33] Loss: 5.7286 Bio: 1.1990
Epoch [20/200] Total Loss: 185.2247
Epoch [21/200] Step [0/33] Loss: 5.6092 Bio: 1.0415
Epoch [21/200] Total Loss: 183.3583
Epoch [22/200] Step [0/33] Loss: 5.8369 Bio: 0.7751
Epoch [22/200] Total Loss: 182.6481
Epoch [23/200] Step [0/33] Loss: 6.7752 Bio: 0.8669
Epoch [23/200] Total Loss: 185.1542
Epoch [24/200] Step [0/33] Loss: 5.3215 Bio: 0.9865
Epoch [24/200] Total Loss: 183.3476
Epoch [25/200] Step [0/33] Loss: 5.7798 Bio: 1.0063
Epoch [25/200] Total Loss: 181.7341
Epoch [26/200] Step [0/33] Loss: 5.6553 Bio: 0.8666
Epoch [26/200] Total Loss: 181.8714
Epoch [27/200] Step [0/33] Loss: 6.0364 Bio: 0.9185
Epoch [27/200] Total Loss: 184.1181
Epoch [28/200] Step [0/33] Loss: 5.7356 Bio: 1.1130
Epoch [28/200] Total Loss: 182.5873
Epoch [29/200] Step [0/33] Loss: 5.4718 Bio: 0.9582
Epoch [29/200] Total Loss: 182.5107
Epoch [30/200] Step [0/33] Loss: 5.4087 Bio: 0.9782
Epoch [30/200] Total Loss: 183.8643
Epoch [31/200] Step [0/33] Loss: 5.5791 Bio: 1.0724
Epoch [31/200] Total Loss: 181.8731
Epoch [32/200] Step [0/33] Loss: 5.6116 Bio: 0.9454
Epoch [32/200] Total Loss: 182.6742
Epoch [33/200] Step [0/33] Loss: 5.5950 Bio: 0.9027
Epoch [33/200] Total Loss: 181.3993
Epoch [34/200] Step [0/33] Loss: 5.4234 Bio: 1.0167
Epoch [34/200] Total Loss: 178.9034
Epoch [35/200] Step [0/33] Loss: 6.3285 Bio: 1.0628
Epoch [35/200] Total Loss: 180.9321
Epoch [36/200] Step [0/33] Loss: 5.8579 Bio: 0.9405
Epoch [36/200] Total Loss: 182.1347
Epoch [37/200] Step [0/33] Loss: 5.1190 Bio: 1.0334
Epoch [37/200] Total Loss: 177.9384
Epoch [38/200] Step [0/33] Loss: 5.6586 Bio: 0.9808
Epoch [38/200] Total Loss: 178.6997
Epoch [39/200] Step [0/33] Loss: 5.3458 Bio: 1.1033
Epoch [39/200] Total Loss: 181.0284
Epoch [40/200] Step [0/33] Loss: 5.4370 Bio: 0.8323
Epoch [40/200] Total Loss: 180.0645
Epoch [41/200] Step [0/33] Loss: 5.4815 Bio: 1.3330
Epoch [41/200] Total Loss: 180.1736
Epoch [42/200] Step [0/33] Loss: 5.3706 Bio: 0.8424
Epoch [42/200] Total Loss: 178.0374
Epoch [43/200] Step [0/33] Loss: 5.9551 Bio: 1.1637
Epoch [43/200] Total Loss: 179.0503
Epoch [44/200] Step [0/33] Loss: 5.5714 Bio: 1.0697
Epoch [44/200] Total Loss: 178.7379
Epoch [45/200] Step [0/33] Loss: 5.2360 Bio: 1.2181
Epoch [45/200] Total Loss: 177.9221
Epoch [46/200] Step [0/33] Loss: 5.2340 Bio: 1.1093
Epoch [46/200] Total Loss: 174.9462
Epoch [47/200] Step [0/33] Loss: 5.4507 Bio: 1.0911
Epoch [47/200] Total Loss: 177.0956
Epoch [48/200] Step [0/33] Loss: 5.2605 Bio: 1.0745
Epoch [48/200] Total Loss: 177.0107
Epoch [49/200] Step [0/33] Loss: 5.2311 Bio: 0.9343
Epoch [49/200] Total Loss: 177.1559
Epoch [50/200] Step [0/33] Loss: 5.3164 Bio: 1.0813
Epoch [50/200] Total Loss: 175.8884
Epoch [51/200] Step [0/33] Loss: 5.5879 Bio: 1.2199
Epoch [51/200] Total Loss: 175.6435
Epoch [52/200] Step [0/33] Loss: 5.2480 Bio: 1.1475
Epoch [52/200] Total Loss: 177.1880
Epoch [53/200] Step [0/33] Loss: 5.1306 Bio: 1.1259
Epoch [53/200] Total Loss: 176.0081
Epoch [54/200] Step [0/33] Loss: 5.3100 Bio: 1.0171
Epoch [54/200] Total Loss: 173.5886
Epoch [55/200] Step [0/33] Loss: 5.7302 Bio: 1.1333
Epoch [55/200] Total Loss: 173.0375
Epoch [56/200] Step [0/33] Loss: 5.3983 Bio: 0.8844
Epoch [56/200] Total Loss: 172.0029
Epoch [57/200] Step [0/33] Loss: 5.4101 Bio: 0.8357
Epoch [57/200] Total Loss: 173.9922
Epoch [58/200] Step [0/33] Loss: 5.3500 Bio: 1.0019
Epoch [58/200] Total Loss: 173.4344
Epoch [59/200] Step [0/33] Loss: 5.0077 Bio: 1.0636
Epoch [59/200] Total Loss: 170.6226
Epoch [60/200] Step [0/33] Loss: 5.3015 Bio: 1.3997
Epoch [60/200] Total Loss: 173.5064
Epoch [61/200] Step [0/33] Loss: 4.9791 Bio: 0.8788
Epoch [61/200] Total Loss: 172.1842
Epoch [62/200] Step [0/33] Loss: 5.0415 Bio: 0.9702
Epoch [62/200] Total Loss: 173.5726
Epoch [63/200] Step [0/33] Loss: 5.1606 Bio: 1.1334
Epoch [63/200] Total Loss: 173.8025
Epoch [64/200] Step [0/33] Loss: 5.0526 Bio: 0.7716
Epoch [64/200] Total Loss: 172.4714
Epoch [65/200] Step [0/33] Loss: 5.1159 Bio: 1.0067
Epoch [65/200] Total Loss: 172.8496
Epoch [66/200] Step [0/33] Loss: 4.9954 Bio: 1.0757
Epoch [66/200] Total Loss: 173.4218
Epoch [67/200] Step [0/33] Loss: 5.4541 Bio: 0.9273
Epoch [67/200] Total Loss: 173.2321
Epoch [68/200] Step [0/33] Loss: 5.0065 Bio: 1.0346
Epoch [68/200] Total Loss: 172.0972
Epoch [69/200] Step [0/33] Loss: 5.0357 Bio: 1.1441
Epoch [69/200] Total Loss: 172.7180
Epoch [70/200] Step [0/33] Loss: 5.2626 Bio: 0.9345
Epoch [70/200] Total Loss: 172.3365
Epoch [71/200] Step [0/33] Loss: 5.2640 Bio: 0.9949
Epoch [71/200] Total Loss: 172.4672
Epoch [72/200] Step [0/33] Loss: 5.3604 Bio: 0.7781
Epoch [72/200] Total Loss: 171.3002
Epoch [73/200] Step [0/33] Loss: 5.3090 Bio: 1.3416
Epoch [73/200] Total Loss: 171.6491
Epoch [74/200] Step [0/33] Loss: 5.4909 Bio: 1.1160
Epoch [74/200] Total Loss: 169.9764
Epoch [75/200] Step [0/33] Loss: 5.0340 Bio: 1.0261
Epoch [75/200] Total Loss: 169.9179
Epoch [76/200] Step [0/33] Loss: 5.1034 Bio: 0.7889
Epoch [76/200] Total Loss: 171.3486
Epoch [77/200] Step [0/33] Loss: 4.9581 Bio: 1.0595
Epoch [77/200] Total Loss: 171.5081
Epoch [78/200] Step [0/33] Loss: 5.2876 Bio: 1.1468
Epoch [78/200] Total Loss: 169.4889
Epoch [79/200] Step [0/33] Loss: 5.2151 Bio: 1.2066
Epoch [79/200] Total Loss: 172.1739
Epoch [80/200] Step [0/33] Loss: 5.1046 Bio: 0.8793
Epoch [80/200] Total Loss: 172.0391
Epoch [81/200] Step [0/33] Loss: 4.9410 Bio: 0.8912
Epoch [81/200] Total Loss: 170.9256
Epoch [82/200] Step [0/33] Loss: 5.0837 Bio: 1.0808
Epoch [82/200] Total Loss: 172.0369
Epoch [83/200] Step [0/33] Loss: 5.1362 Bio: 1.0176
Epoch [83/200] Total Loss: 170.0703
Epoch [84/200] Step [0/33] Loss: 5.1316 Bio: 0.9663
Epoch [84/200] Total Loss: 169.5754
Epoch [85/200] Step [0/33] Loss: 4.9471 Bio: 0.9823
Epoch [85/200] Total Loss: 171.0776
Epoch [86/200] Step [0/33] Loss: 5.5517 Bio: 1.0607
Epoch [86/200] Total Loss: 170.5799
Epoch [87/200] Step [0/33] Loss: 5.0357 Bio: 1.0189
Epoch [87/200] Total Loss: 168.6019
Epoch [88/200] Step [0/33] Loss: 4.9133 Bio: 0.8530
Epoch [88/200] Total Loss: 170.1171
Epoch [89/200] Step [0/33] Loss: 5.3058 Bio: 0.9087
Epoch [89/200] Total Loss: 169.8257
Epoch [90/200] Step [0/33] Loss: 5.1951 Bio: 1.2322
Epoch [90/200] Total Loss: 169.3747
Epoch [91/200] Step [0/33] Loss: 5.3826 Bio: 1.0198
Epoch [91/200] Total Loss: 169.6506
Epoch [92/200] Step [0/33] Loss: 5.2467 Bio: 0.8863
Epoch [92/200] Total Loss: 168.6447
Epoch [93/200] Step [0/33] Loss: 5.0281 Bio: 1.2058
Epoch [93/200] Total Loss: 171.7921
Epoch [94/200] Step [0/33] Loss: 5.4009 Bio: 1.0113
Epoch [94/200] Total Loss: 169.7258
Epoch [95/200] Step [0/33] Loss: 4.8505 Bio: 1.0267
Epoch [95/200] Total Loss: 168.9493
Epoch [96/200] Step [0/33] Loss: 5.0909 Bio: 0.9174
Epoch [96/200] Total Loss: 167.7907
Epoch [97/200] Step [0/33] Loss: 5.0383 Bio: 0.8063
Epoch [97/200] Total Loss: 169.3993
Epoch [98/200] Step [0/33] Loss: 4.9990 Bio: 0.8183
Epoch [98/200] Total Loss: 168.5172
Epoch [99/200] Step [0/33] Loss: 5.0873 Bio: 1.0283
Epoch [99/200] Total Loss: 167.6067
Epoch [100/200] Step [0/33] Loss: 5.5071 Bio: 1.1470
Epoch [100/200] Total Loss: 168.8951
Epoch [101/200] Step [0/33] Loss: 5.1858 Bio: 0.9723
Epoch [101/200] Total Loss: 169.7330
Epoch [102/200] Step [0/33] Loss: 5.2943 Bio: 0.9449
Epoch [102/200] Total Loss: 171.7511
Epoch [103/200] Step [0/33] Loss: 5.2460 Bio: 1.1179
Epoch [103/200] Total Loss: 169.0876
Epoch [104/200] Step [0/33] Loss: 4.9541 Bio: 1.0119
Epoch [104/200] Total Loss: 168.0933
Epoch [105/200] Step [0/33] Loss: 5.3011 Bio: 1.2269
Epoch [105/200] Total Loss: 168.4744
Epoch [106/200] Step [0/33] Loss: 5.5215 Bio: 1.1831
Epoch [106/200] Total Loss: 168.8891
Epoch [107/200] Step [0/33] Loss: 5.3233 Bio: 1.3871
Epoch [107/200] Total Loss: 167.8905
Epoch [108/200] Step [0/33] Loss: 5.0305 Bio: 1.0240
Epoch [108/200] Total Loss: 167.4186
Epoch [109/200] Step [0/33] Loss: 4.9195 Bio: 0.8565
Epoch [109/200] Total Loss: 167.6280
Epoch [110/200] Step [0/33] Loss: 5.1089 Bio: 0.9484
Epoch [110/200] Total Loss: 166.2664
Epoch [111/200] Step [0/33] Loss: 4.9035 Bio: 1.1746
Epoch [111/200] Total Loss: 168.6159
Epoch [112/200] Step [0/33] Loss: 5.2082 Bio: 1.2916
Epoch [112/200] Total Loss: 168.0765
Epoch [113/200] Step [0/33] Loss: 5.1709 Bio: 0.9943
Epoch [113/200] Total Loss: 168.5649
Epoch [114/200] Step [0/33] Loss: 5.0932 Bio: 1.2136
Epoch [114/200] Total Loss: 167.8699
Epoch [115/200] Step [0/33] Loss: 4.9994 Bio: 0.8694
Epoch [115/200] Total Loss: 167.8345
Epoch [116/200] Step [0/33] Loss: 5.3553 Bio: 0.8198
Epoch [116/200] Total Loss: 168.0961
Epoch [117/200] Step [0/33] Loss: 5.0326 Bio: 0.8744
Epoch [117/200] Total Loss: 169.3042
Epoch [118/200] Step [0/33] Loss: 5.0989 Bio: 0.8783
Epoch [118/200] Total Loss: 168.0269
Epoch [119/200] Step [0/33] Loss: 4.9485 Bio: 1.0950
Epoch [119/200] Total Loss: 168.8247
Epoch [120/200] Step [0/33] Loss: 5.1971 Bio: 1.0345
Epoch [120/200] Total Loss: 167.8191
Epoch [121/200] Step [0/33] Loss: 5.2973 Bio: 1.0056
Epoch [121/200] Total Loss: 168.1824
Epoch [122/200] Step [0/33] Loss: 5.0906 Bio: 1.1110
Epoch [122/200] Total Loss: 166.6568
Epoch [123/200] Step [0/33] Loss: 5.2634 Bio: 0.8910
Epoch [123/200] Total Loss: 168.6117
Epoch [124/200] Step [0/33] Loss: 5.1547 Bio: 0.9978
Epoch [124/200] Total Loss: 168.3061
Epoch [125/200] Step [0/33] Loss: 5.0254 Bio: 1.0798
Epoch [125/200] Total Loss: 166.7540
Epoch [126/200] Step [0/33] Loss: 4.8119 Bio: 0.9636
Epoch [126/200] Total Loss: 169.4723
Epoch [127/200] Step [0/33] Loss: 4.8855 Bio: 0.9325
Epoch [127/200] Total Loss: 169.3730
Epoch [128/200] Step [0/33] Loss: 5.2051 Bio: 0.8613
Epoch [128/200] Total Loss: 167.9551
Epoch [129/200] Step [0/33] Loss: 5.0168 Bio: 0.9076
Epoch [129/200] Total Loss: 166.4012
Epoch [130/200] Step [0/33] Loss: 5.1144 Bio: 1.2948
Epoch [130/200] Total Loss: 167.0061
Epoch [131/200] Step [0/33] Loss: 5.3473 Bio: 1.0607
Epoch [131/200] Total Loss: 167.5597
Epoch [132/200] Step [0/33] Loss: 5.3006 Bio: 1.1403
Epoch [132/200] Total Loss: 165.7764
Epoch [133/200] Step [0/33] Loss: 5.1032 Bio: 1.0068
Epoch [133/200] Total Loss: 167.4972
Epoch [134/200] Step [0/33] Loss: 5.2731 Bio: 0.9083
Epoch [134/200] Total Loss: 167.0214
Epoch [135/200] Step [0/33] Loss: 4.9232 Bio: 0.9408
Epoch [135/200] Total Loss: 165.5674
Epoch [136/200] Step [0/33] Loss: 4.9740 Bio: 1.0302
Epoch [136/200] Total Loss: 166.0659
Epoch [137/200] Step [0/33] Loss: 4.7264 Bio: 0.9676
Epoch [137/200] Total Loss: 166.2117
Epoch [138/200] Step [0/33] Loss: 5.4441 Bio: 0.9389
Epoch [138/200] Total Loss: 167.9026
Epoch [139/200] Step [0/33] Loss: 4.8411 Bio: 0.8996
Epoch [139/200] Total Loss: 168.2970
Epoch [140/200] Step [0/33] Loss: 5.1901 Bio: 0.7536
Epoch [140/200] Total Loss: 165.8385
Epoch [141/200] Step [0/33] Loss: 5.1036 Bio: 1.0856
Epoch [141/200] Total Loss: 165.2568
Epoch [142/200] Step [0/33] Loss: 5.1760 Bio: 0.8605
Epoch [142/200] Total Loss: 165.3448
Epoch [143/200] Step [0/33] Loss: 4.9433 Bio: 1.1385
Epoch [143/200] Total Loss: 167.3829
Epoch [144/200] Step [0/33] Loss: 5.3645 Bio: 0.9170
Epoch [144/200] Total Loss: 165.1113
Epoch [145/200] Step [0/33] Loss: 5.3046 Bio: 1.2437
Epoch [145/200] Total Loss: 166.6898
Epoch [146/200] Step [0/33] Loss: 5.4830 Bio: 0.9735
Epoch [146/200] Total Loss: 167.8320
Epoch [147/200] Step [0/33] Loss: 4.8825 Bio: 0.9497
Epoch [147/200] Total Loss: 167.7321
Epoch [148/200] Step [0/33] Loss: 5.0502 Bio: 0.9688
Epoch [148/200] Total Loss: 165.3828
Epoch [149/200] Step [0/33] Loss: 5.5017 Bio: 0.9921
Epoch [149/200] Total Loss: 166.1290
Epoch [150/200] Step [0/33] Loss: 4.8758 Bio: 1.1388
Epoch [150/200] Total Loss: 166.1982
Epoch [151/200] Step [0/33] Loss: 4.8392 Bio: 0.7777
Epoch [151/200] Total Loss: 166.4043
Epoch [152/200] Step [0/33] Loss: 5.1780 Bio: 1.0739
Epoch [152/200] Total Loss: 167.4495
Epoch [153/200] Step [0/33] Loss: 5.1881 Bio: 0.9581
Epoch [153/200] Total Loss: 164.3003
Epoch [154/200] Step [0/33] Loss: 5.0165 Bio: 0.7825
Epoch [154/200] Total Loss: 164.7809
Epoch [155/200] Step [0/33] Loss: 4.9432 Bio: 1.0860
Epoch [155/200] Total Loss: 166.8506
Epoch [156/200] Step [0/33] Loss: 5.0009 Bio: 0.9951
Epoch [156/200] Total Loss: 164.8615
Epoch [157/200] Step [0/33] Loss: 5.1533 Bio: 1.1673
Epoch [157/200] Total Loss: 165.0340
Epoch [158/200] Step [0/33] Loss: 4.9316 Bio: 1.0219
Epoch [158/200] Total Loss: 166.3177
Epoch [159/200] Step [0/33] Loss: 5.1178 Bio: 1.1681
Epoch [159/200] Total Loss: 166.6596
Epoch [160/200] Step [0/33] Loss: 5.2108 Bio: 1.1114
Epoch [160/200] Total Loss: 167.0289
Epoch [161/200] Step [0/33] Loss: 5.0831 Bio: 0.8199
Epoch [161/200] Total Loss: 166.0795
Epoch [162/200] Step [0/33] Loss: 4.9810 Bio: 0.8759
Epoch [162/200] Total Loss: 166.3944
Epoch [163/200] Step [0/33] Loss: 5.0166 Bio: 0.9210
Epoch [163/200] Total Loss: 164.6408
Epoch [164/200] Step [0/33] Loss: 5.1317 Bio: 1.0090
Epoch [164/200] Total Loss: 166.2592
Epoch [165/200] Step [0/33] Loss: 5.0751 Bio: 1.1740
Epoch [165/200] Total Loss: 166.8992
Epoch [166/200] Step [0/33] Loss: 4.9496 Bio: 1.1804
Epoch [166/200] Total Loss: 165.4786
Epoch [167/200] Step [0/33] Loss: 4.9212 Bio: 0.9953
Epoch [167/200] Total Loss: 167.3385
Epoch [168/200] Step [0/33] Loss: 5.0809 Bio: 1.2196
Epoch [168/200] Total Loss: 165.8153
Epoch [169/200] Step [0/33] Loss: 4.8457 Bio: 1.0243
Epoch [169/200] Total Loss: 164.4155
Epoch [170/200] Step [0/33] Loss: 5.3294 Bio: 0.8397
Epoch [170/200] Total Loss: 166.4956
Epoch [171/200] Step [0/33] Loss: 5.2500 Bio: 0.8981
Epoch [171/200] Total Loss: 164.1582
Epoch [172/200] Step [0/33] Loss: 5.2750 Bio: 0.9004
Epoch [172/200] Total Loss: 166.4323
Epoch [173/200] Step [0/33] Loss: 5.1652 Bio: 0.8229
Epoch [173/200] Total Loss: 167.4626
Epoch [174/200] Step [0/33] Loss: 5.5319 Bio: 0.8658
Epoch [174/200] Total Loss: 166.3623
Epoch [175/200] Step [0/33] Loss: 4.9300 Bio: 1.0512
Epoch [175/200] Total Loss: 166.6491
Epoch [176/200] Step [0/33] Loss: 5.1393 Bio: 1.0038
Epoch [176/200] Total Loss: 167.3191
Epoch [177/200] Step [0/33] Loss: 5.1621 Bio: 0.9546
Epoch [177/200] Total Loss: 165.7254
Epoch [178/200] Step [0/33] Loss: 5.2912 Bio: 0.9427
Epoch [178/200] Total Loss: 166.6761
Epoch [179/200] Step [0/33] Loss: 5.6460 Bio: 0.8309
Epoch [179/200] Total Loss: 166.2310
Epoch [180/200] Step [0/33] Loss: 4.8766 Bio: 0.9996
Epoch [180/200] Total Loss: 164.3699
Epoch [181/200] Step [0/33] Loss: 4.9336 Bio: 0.9128
Epoch [181/200] Total Loss: 165.2445
Epoch [182/200] Step [0/33] Loss: 4.7721 Bio: 0.8811
Epoch [182/200] Total Loss: 165.6957
Epoch [183/200] Step [0/33] Loss: 4.9607 Bio: 0.8791
Epoch [183/200] Total Loss: 164.9368
Epoch [184/200] Step [0/33] Loss: 5.0674 Bio: 1.1969
Epoch [184/200] Total Loss: 163.9946
Epoch [185/200] Step [0/33] Loss: 4.9687 Bio: 1.1624
Epoch [185/200] Total Loss: 164.9147
Epoch [186/200] Step [0/33] Loss: 5.4455 Bio: 1.1337
Epoch [186/200] Total Loss: 165.3141
Epoch [187/200] Step [0/33] Loss: 5.0835 Bio: 0.8712
Epoch [187/200] Total Loss: 165.1795
Epoch [188/200] Step [0/33] Loss: 5.1347 Bio: 1.0370
Epoch [188/200] Total Loss: 165.1632
Epoch [189/200] Step [0/33] Loss: 4.9524 Bio: 1.0053
Epoch [189/200] Total Loss: 166.0027
Epoch [190/200] Step [0/33] Loss: 5.1331 Bio: 0.9787
Epoch [190/200] Total Loss: 165.5223
Epoch [191/200] Step [0/33] Loss: 4.6909 Bio: 0.8588
Epoch [191/200] Total Loss: 164.8530
Epoch [192/200] Step [0/33] Loss: 5.2682 Bio: 0.9301
Epoch [192/200] Total Loss: 165.1500
Epoch [193/200] Step [0/33] Loss: 5.1761 Bio: 0.7625
Epoch [193/200] Total Loss: 167.7033
Epoch [194/200] Step [0/33] Loss: 4.8549 Bio: 1.0376
Epoch [194/200] Total Loss: 165.4868
Epoch [195/200] Step [0/33] Loss: 4.9526 Bio: 1.1216
Epoch [195/200] Total Loss: 164.5083
Epoch [196/200] Step [0/33] Loss: 5.1722 Bio: 1.0335
Epoch [196/200] Total Loss: 163.0115
Epoch [197/200] Step [0/33] Loss: 4.9614 Bio: 1.0876
Epoch [197/200] Total Loss: 166.3553
Epoch [198/200] Step [0/33] Loss: 5.0372 Bio: 0.9679
Epoch [198/200] Total Loss: 167.5409
Epoch [199/200] Step [0/33] Loss: 5.1730 Bio: 0.9971
Epoch [199/200] Total Loss: 165.4356
Linear training complete.
Training completed at: Mon Mar  2 17:43:43 EST 2026
============================================================
CLUSTERING EVALUATION
============================================================
✅ Loaded ground truth from ground_truth_BRCA.csv
   Total patients with labels: 803

📂 Loading model from save/model_bioanchor_linear_8dim_200ep/checkpoint_200.tar...
✅ Model loaded successfully

📊 Loading data for BRCA...
[dataloader] No bio_anchor_file specified — loading omics only
✅ Data loaded successfully

🔮 Getting predictions...
✅ Predictions obtained: 1031 samples

🔍 Filtering to patients with ground truth...
   Patients with both predictions and ground truth: 803
   Final evaluation size: 803 patients

📈 Computing metrics...

============================================================
RESULTS
============================================================
ARI                 : 0.3362
NMI                 : 0.4620
V-measure           : 0.4620
============================================================

📊 Creating visualizations...
Saved confusion matrix to results/BRCA_confusion_matrix.png
Saved distribution plot to results/BRCA_cluster_distribution.png
Computing t-SNE (this may take a minute)...
Saved t-SNE plot to results/BRCA_tsne.png

💾 Saved results to results/BRCA_evaluation.csv

✅ Evaluation complete!
=== Scenario 1 Complete ===
Job finished at: Mon Mar  2 17:44:06 EST 2026
