=== Scenario 1: Direct Linear Bio-Anchor Head ===
Job started at: Tue Feb 24 01:02:08 EST 2026
Running on node: hpc-m35-6-11.local
Job ID: 11712669
Scenario 1: Direct Linear Head
Cancer: BRCA | bio_dim: 6 | lambda_bio: 0.1
Bio anchor file: bio_anchors_BRCA_6dim.csv
[dataloader] Loaded bio-anchors from bio_anchors_BRCA_6dim.csv: torch.Size([1031, 6])
Cluster number: 5
Epoch [0/200] Step [0/33] Loss: 6.4318 Bio: 1.0674
Epoch [0/200] Total Loss: 209.9780
Epoch [1/200] Step [0/33] Loss: 6.4107 Bio: 0.9378
Epoch [1/200] Total Loss: 207.6244
Epoch [2/200] Step [0/33] Loss: 6.0125 Bio: 0.7947
Epoch [2/200] Total Loss: 200.5003
Epoch [3/200] Step [0/33] Loss: 6.3551 Bio: 0.8048
Epoch [3/200] Total Loss: 198.4557
Epoch [4/200] Step [0/33] Loss: 5.9448 Bio: 0.7820
Epoch [4/200] Total Loss: 197.8638
Epoch [5/200] Step [0/33] Loss: 6.0670 Bio: 0.9869
Epoch [5/200] Total Loss: 195.7714
Epoch [6/200] Step [0/33] Loss: 5.8770 Bio: 0.7445
Epoch [6/200] Total Loss: 191.9878
Epoch [7/200] Step [0/33] Loss: 6.1548 Bio: 1.0418
Epoch [7/200] Total Loss: 192.5500
Epoch [8/200] Step [0/33] Loss: 5.8029 Bio: 0.7400
Epoch [8/200] Total Loss: 192.6459
Epoch [9/200] Step [0/33] Loss: 5.6814 Bio: 0.7755
Epoch [9/200] Total Loss: 189.1709
Epoch [10/200] Step [0/33] Loss: 5.7179 Bio: 0.7783
Epoch [10/200] Total Loss: 190.9827
Epoch [11/200] Step [0/33] Loss: 5.6208 Bio: 0.6763
Epoch [11/200] Total Loss: 189.0003
Epoch [12/200] Step [0/33] Loss: 5.8402 Bio: 0.5795
Epoch [12/200] Total Loss: 190.0840
Epoch [13/200] Step [0/33] Loss: 5.5190 Bio: 1.1012
Epoch [13/200] Total Loss: 187.5985
Epoch [14/200] Step [0/33] Loss: 5.7835 Bio: 0.6201
Epoch [14/200] Total Loss: 187.4104
Epoch [15/200] Step [0/33] Loss: 5.5769 Bio: 0.6206
Epoch [15/200] Total Loss: 187.7895
Epoch [16/200] Step [0/33] Loss: 5.8775 Bio: 0.6630
Epoch [16/200] Total Loss: 186.5227
Epoch [17/200] Step [0/33] Loss: 5.8187 Bio: 0.6715
Epoch [17/200] Total Loss: 187.1114
Epoch [18/200] Step [0/33] Loss: 5.5225 Bio: 0.6510
Epoch [18/200] Total Loss: 185.7550
Epoch [19/200] Step [0/33] Loss: 5.6186 Bio: 0.8776
Epoch [19/200] Total Loss: 186.2730
Epoch [20/200] Step [0/33] Loss: 5.7952 Bio: 0.5939
Epoch [20/200] Total Loss: 184.8478
Epoch [21/200] Step [0/33] Loss: 5.8261 Bio: 0.6327
Epoch [21/200] Total Loss: 183.1759
Epoch [22/200] Step [0/33] Loss: 5.4761 Bio: 0.6696
Epoch [22/200] Total Loss: 185.7978
Epoch [23/200] Step [0/33] Loss: 5.4264 Bio: 0.5685
Epoch [23/200] Total Loss: 182.4305
Epoch [24/200] Step [0/33] Loss: 5.5099 Bio: 0.6253
Epoch [24/200] Total Loss: 184.1556
Epoch [25/200] Step [0/33] Loss: 5.6290 Bio: 0.9997
Epoch [25/200] Total Loss: 182.3284
Epoch [26/200] Step [0/33] Loss: 5.5407 Bio: 0.6479
Epoch [26/200] Total Loss: 185.2793
Epoch [27/200] Step [0/33] Loss: 5.2946 Bio: 0.6645
Epoch [27/200] Total Loss: 184.5874
Epoch [28/200] Step [0/33] Loss: 5.8356 Bio: 0.6949
Epoch [28/200] Total Loss: 181.8523
Epoch [29/200] Step [0/33] Loss: 5.6101 Bio: 0.7150
Epoch [29/200] Total Loss: 181.3555
Epoch [30/200] Step [0/33] Loss: 5.5080 Bio: 0.7331
Epoch [30/200] Total Loss: 181.4351
Epoch [31/200] Step [0/33] Loss: 5.2753 Bio: 0.6121
Epoch [31/200] Total Loss: 180.1196
Epoch [32/200] Step [0/33] Loss: 5.4597 Bio: 0.7356
Epoch [32/200] Total Loss: 180.5055
Epoch [33/200] Step [0/33] Loss: 5.3873 Bio: 0.6641
Epoch [33/200] Total Loss: 180.4889
Epoch [34/200] Step [0/33] Loss: 5.1769 Bio: 0.6165
Epoch [34/200] Total Loss: 181.0071
Epoch [35/200] Step [0/33] Loss: 5.6873 Bio: 0.6243
Epoch [35/200] Total Loss: 180.2165
Epoch [36/200] Step [0/33] Loss: 5.4711 Bio: 0.6812
Epoch [36/200] Total Loss: 180.3275
Epoch [37/200] Step [0/33] Loss: 5.7162 Bio: 1.0130
Epoch [37/200] Total Loss: 180.2072
Epoch [38/200] Step [0/33] Loss: 5.6300 Bio: 0.7511
Epoch [38/200] Total Loss: 180.9512
Epoch [39/200] Step [0/33] Loss: 5.6159 Bio: 0.6169
Epoch [39/200] Total Loss: 179.7984
Epoch [40/200] Step [0/33] Loss: 5.2545 Bio: 0.6492
Epoch [40/200] Total Loss: 179.2633
Epoch [41/200] Step [0/33] Loss: 5.2784 Bio: 0.7181
Epoch [41/200] Total Loss: 178.2090
Epoch [42/200] Step [0/33] Loss: 5.1580 Bio: 0.6366
Epoch [42/200] Total Loss: 179.2030
Epoch [43/200] Step [0/33] Loss: 5.4864 Bio: 0.6408
Epoch [43/200] Total Loss: 177.0760
Epoch [44/200] Step [0/33] Loss: 5.3805 Bio: 0.7345
Epoch [44/200] Total Loss: 174.9455
Epoch [45/200] Step [0/33] Loss: 5.4456 Bio: 0.4815
Epoch [45/200] Total Loss: 176.2217
Epoch [46/200] Step [0/33] Loss: 5.3072 Bio: 0.5538
Epoch [46/200] Total Loss: 176.0517
Epoch [47/200] Step [0/33] Loss: 5.2925 Bio: 0.7451
Epoch [47/200] Total Loss: 173.7738
Epoch [48/200] Step [0/33] Loss: 5.3128 Bio: 0.6343
Epoch [48/200] Total Loss: 174.1913
Epoch [49/200] Step [0/33] Loss: 5.0323 Bio: 0.5974
Epoch [49/200] Total Loss: 173.5387
Epoch [50/200] Step [0/33] Loss: 5.4477 Bio: 0.6003
Epoch [50/200] Total Loss: 176.2354
Epoch [51/200] Step [0/33] Loss: 5.4160 Bio: 0.9006
Epoch [51/200] Total Loss: 174.9600
Epoch [52/200] Step [0/33] Loss: 5.3317 Bio: 0.5890
Epoch [52/200] Total Loss: 174.0122
Epoch [53/200] Step [0/33] Loss: 5.3899 Bio: 0.6605
Epoch [53/200] Total Loss: 174.0129
Epoch [54/200] Step [0/33] Loss: 5.1757 Bio: 0.6810
Epoch [54/200] Total Loss: 174.3139
Epoch [55/200] Step [0/33] Loss: 5.2320 Bio: 0.6140
Epoch [55/200] Total Loss: 174.1950
Epoch [56/200] Step [0/33] Loss: 5.3220 Bio: 0.6313
Epoch [56/200] Total Loss: 173.3500
Epoch [57/200] Step [0/33] Loss: 5.4615 Bio: 0.5489
Epoch [57/200] Total Loss: 174.2532
Epoch [58/200] Step [0/33] Loss: 5.3703 Bio: 0.6990
Epoch [58/200] Total Loss: 172.0387
Epoch [59/200] Step [0/33] Loss: 5.4633 Bio: 0.5958
Epoch [59/200] Total Loss: 170.5419
Epoch [60/200] Step [0/33] Loss: 4.8208 Bio: 0.5574
Epoch [60/200] Total Loss: 172.3383
Epoch [61/200] Step [0/33] Loss: 5.1663 Bio: 1.0364
Epoch [61/200] Total Loss: 173.6123
Epoch [62/200] Step [0/33] Loss: 5.2117 Bio: 0.7476
Epoch [62/200] Total Loss: 172.7192
Epoch [63/200] Step [0/33] Loss: 5.3542 Bio: 0.6560
Epoch [63/200] Total Loss: 171.7471
Epoch [64/200] Step [0/33] Loss: 5.1491 Bio: 0.8589
Epoch [64/200] Total Loss: 171.1199
Epoch [65/200] Step [0/33] Loss: 5.0208 Bio: 0.6701
Epoch [65/200] Total Loss: 172.4668
Epoch [66/200] Step [0/33] Loss: 5.2408 Bio: 0.6059
Epoch [66/200] Total Loss: 171.7646
Epoch [67/200] Step [0/33] Loss: 5.2126 Bio: 0.6040
Epoch [67/200] Total Loss: 170.8948
Epoch [68/200] Step [0/33] Loss: 5.2592 Bio: 0.7197
Epoch [68/200] Total Loss: 172.1050
Epoch [69/200] Step [0/33] Loss: 5.1136 Bio: 0.5917
Epoch [69/200] Total Loss: 172.2745
Epoch [70/200] Step [0/33] Loss: 5.0266 Bio: 0.5867
Epoch [70/200] Total Loss: 172.1717
Epoch [71/200] Step [0/33] Loss: 5.1581 Bio: 0.5854
Epoch [71/200] Total Loss: 169.1422
Epoch [72/200] Step [0/33] Loss: 5.4345 Bio: 0.6556
Epoch [72/200] Total Loss: 170.9679
Epoch [73/200] Step [0/33] Loss: 5.3647 Bio: 0.6748
Epoch [73/200] Total Loss: 171.0563
Epoch [74/200] Step [0/33] Loss: 5.2456 Bio: 0.5642
Epoch [74/200] Total Loss: 171.2542
Epoch [75/200] Step [0/33] Loss: 5.0973 Bio: 0.5815
Epoch [75/200] Total Loss: 169.6288
Epoch [76/200] Step [0/33] Loss: 4.9082 Bio: 0.7608
Epoch [76/200] Total Loss: 167.8418
Epoch [77/200] Step [0/33] Loss: 5.2849 Bio: 0.6559
Epoch [77/200] Total Loss: 169.0870
Epoch [78/200] Step [0/33] Loss: 5.1862 Bio: 1.2276
Epoch [78/200] Total Loss: 170.5112
Epoch [79/200] Step [0/33] Loss: 5.0505 Bio: 0.5969
Epoch [79/200] Total Loss: 168.9928
Epoch [80/200] Step [0/33] Loss: 5.1673 Bio: 0.6778
Epoch [80/200] Total Loss: 171.8596
Epoch [81/200] Step [0/33] Loss: 5.3592 Bio: 0.5733
Epoch [81/200] Total Loss: 167.4585
Epoch [82/200] Step [0/33] Loss: 5.8686 Bio: 0.5763
Epoch [82/200] Total Loss: 170.0049
Epoch [83/200] Step [0/33] Loss: 5.4708 Bio: 0.6788
Epoch [83/200] Total Loss: 170.3685
Epoch [84/200] Step [0/33] Loss: 5.5719 Bio: 0.6020
Epoch [84/200] Total Loss: 169.5780
Epoch [85/200] Step [0/33] Loss: 5.2188 Bio: 0.5510
Epoch [85/200] Total Loss: 168.8260
Epoch [86/200] Step [0/33] Loss: 4.9287 Bio: 0.6727
Epoch [86/200] Total Loss: 167.6156
Epoch [87/200] Step [0/33] Loss: 5.1623 Bio: 0.6237
Epoch [87/200] Total Loss: 167.7919
Epoch [88/200] Step [0/33] Loss: 5.1660 Bio: 0.7281
Epoch [88/200] Total Loss: 169.5233
Epoch [89/200] Step [0/33] Loss: 5.0676 Bio: 0.7347
Epoch [89/200] Total Loss: 170.2276
Epoch [90/200] Step [0/33] Loss: 5.1313 Bio: 0.6654
Epoch [90/200] Total Loss: 169.8159
Epoch [91/200] Step [0/33] Loss: 5.0044 Bio: 0.5775
Epoch [91/200] Total Loss: 168.2249
Epoch [92/200] Step [0/33] Loss: 5.0696 Bio: 0.5572
Epoch [92/200] Total Loss: 169.0674
Epoch [93/200] Step [0/33] Loss: 5.0628 Bio: 0.7574
Epoch [93/200] Total Loss: 166.4057
Epoch [94/200] Step [0/33] Loss: 4.9812 Bio: 0.6436
Epoch [94/200] Total Loss: 168.0888
Epoch [95/200] Step [0/33] Loss: 5.2158 Bio: 0.6647
Epoch [95/200] Total Loss: 168.7372
Epoch [96/200] Step [0/33] Loss: 4.9938 Bio: 0.5812
Epoch [96/200] Total Loss: 169.0092
Epoch [97/200] Step [0/33] Loss: 5.0267 Bio: 0.6056
Epoch [97/200] Total Loss: 165.2832
Epoch [98/200] Step [0/33] Loss: 5.1305 Bio: 0.5351
Epoch [98/200] Total Loss: 167.5803
Epoch [99/200] Step [0/33] Loss: 4.9353 Bio: 0.5907
Epoch [99/200] Total Loss: 167.0465
Epoch [100/200] Step [0/33] Loss: 5.0878 Bio: 0.6715
Epoch [100/200] Total Loss: 167.8348
Epoch [101/200] Step [0/33] Loss: 5.3961 Bio: 0.5684
Epoch [101/200] Total Loss: 168.4849
Epoch [102/200] Step [0/33] Loss: 5.3762 Bio: 0.5793
Epoch [102/200] Total Loss: 165.4161
Epoch [103/200] Step [0/33] Loss: 4.7809 Bio: 0.5498
Epoch [103/200] Total Loss: 165.4759
Epoch [104/200] Step [0/33] Loss: 5.0382 Bio: 0.6098
Epoch [104/200] Total Loss: 167.0478
Epoch [105/200] Step [0/33] Loss: 4.7880 Bio: 0.6218
Epoch [105/200] Total Loss: 168.1224
Epoch [106/200] Step [0/33] Loss: 5.4012 Bio: 0.6181
Epoch [106/200] Total Loss: 169.6949
Epoch [107/200] Step [0/33] Loss: 5.0287 Bio: 0.6412
Epoch [107/200] Total Loss: 166.7684
Epoch [108/200] Step [0/33] Loss: 5.1200 Bio: 0.7995
Epoch [108/200] Total Loss: 168.4483
Epoch [109/200] Step [0/33] Loss: 5.1544 Bio: 0.6274
Epoch [109/200] Total Loss: 167.0400
Epoch [110/200] Step [0/33] Loss: 4.8755 Bio: 0.5810
Epoch [110/200] Total Loss: 164.5173
Epoch [111/200] Step [0/33] Loss: 4.9629 Bio: 0.5392
Epoch [111/200] Total Loss: 167.4678
Epoch [112/200] Step [0/33] Loss: 5.1383 Bio: 0.5468
Epoch [112/200] Total Loss: 166.7172
Epoch [113/200] Step [0/33] Loss: 4.9719 Bio: 0.7152
Epoch [113/200] Total Loss: 166.1588
Epoch [114/200] Step [0/33] Loss: 5.0771 Bio: 0.6633
Epoch [114/200] Total Loss: 166.1834
Epoch [115/200] Step [0/33] Loss: 4.8926 Bio: 0.6707
Epoch [115/200] Total Loss: 165.1434
Epoch [116/200] Step [0/33] Loss: 5.1364 Bio: 0.5818
Epoch [116/200] Total Loss: 164.8957
Epoch [117/200] Step [0/33] Loss: 5.1798 Bio: 0.4708
Epoch [117/200] Total Loss: 166.4497
Epoch [118/200] Step [0/33] Loss: 4.7421 Bio: 0.7660
Epoch [118/200] Total Loss: 167.8417
Epoch [119/200] Step [0/33] Loss: 5.0652 Bio: 0.6711
Epoch [119/200] Total Loss: 167.5980
Epoch [120/200] Step [0/33] Loss: 4.8144 Bio: 0.6696
Epoch [120/200] Total Loss: 166.6334
Epoch [121/200] Step [0/33] Loss: 4.7557 Bio: 0.6105
Epoch [121/200] Total Loss: 166.0852
Epoch [122/200] Step [0/33] Loss: 4.7778 Bio: 0.6924
Epoch [122/200] Total Loss: 165.6581
Epoch [123/200] Step [0/33] Loss: 5.1128 Bio: 0.5917
Epoch [123/200] Total Loss: 165.1572
Epoch [124/200] Step [0/33] Loss: 4.9978 Bio: 0.6274
Epoch [124/200] Total Loss: 165.9927
Epoch [125/200] Step [0/33] Loss: 5.0106 Bio: 1.0652
Epoch [125/200] Total Loss: 166.6739
Epoch [126/200] Step [0/33] Loss: 4.8001 Bio: 0.5353
Epoch [126/200] Total Loss: 164.8456
Epoch [127/200] Step [0/33] Loss: 5.1648 Bio: 0.5487
Epoch [127/200] Total Loss: 165.3214
Epoch [128/200] Step [0/33] Loss: 5.2161 Bio: 0.6630
Epoch [128/200] Total Loss: 165.0089
Epoch [129/200] Step [0/33] Loss: 4.9302 Bio: 0.6042
Epoch [129/200] Total Loss: 166.0017
Epoch [130/200] Step [0/33] Loss: 5.0925 Bio: 0.5502
Epoch [130/200] Total Loss: 165.3829
Epoch [131/200] Step [0/33] Loss: 5.0965 Bio: 0.5083
Epoch [131/200] Total Loss: 164.3707
Epoch [132/200] Step [0/33] Loss: 4.7195 Bio: 0.8389
Epoch [132/200] Total Loss: 165.7759
Epoch [133/200] Step [0/33] Loss: 5.2142 Bio: 0.5288
Epoch [133/200] Total Loss: 164.9732
Epoch [134/200] Step [0/33] Loss: 4.9814 Bio: 0.5784
Epoch [134/200] Total Loss: 166.7022
Epoch [135/200] Step [0/33] Loss: 5.0215 Bio: 0.6221
Epoch [135/200] Total Loss: 166.4406
Epoch [136/200] Step [0/33] Loss: 5.1450 Bio: 0.7450
Epoch [136/200] Total Loss: 165.0362
Epoch [137/200] Step [0/33] Loss: 4.9346 Bio: 0.6489
Epoch [137/200] Total Loss: 165.7094
Epoch [138/200] Step [0/33] Loss: 5.3223 Bio: 0.5749
Epoch [138/200] Total Loss: 165.1184
Epoch [139/200] Step [0/33] Loss: 4.8506 Bio: 0.5769
Epoch [139/200] Total Loss: 166.2843
Epoch [140/200] Step [0/33] Loss: 5.1782 Bio: 0.6076
Epoch [140/200] Total Loss: 167.1788
Epoch [141/200] Step [0/33] Loss: 5.1594 Bio: 0.6080
Epoch [141/200] Total Loss: 165.9076
Epoch [142/200] Step [0/33] Loss: 4.7260 Bio: 0.6000
Epoch [142/200] Total Loss: 165.2641
Epoch [143/200] Step [0/33] Loss: 4.7832 Bio: 0.4356
Epoch [143/200] Total Loss: 164.1575
Epoch [144/200] Step [0/33] Loss: 5.0197 Bio: 0.7488
Epoch [144/200] Total Loss: 166.6292
Epoch [145/200] Step [0/33] Loss: 5.0623 Bio: 0.6409
Epoch [145/200] Total Loss: 164.0189
Epoch [146/200] Step [0/33] Loss: 5.0105 Bio: 0.7505
Epoch [146/200] Total Loss: 165.3881
Epoch [147/200] Step [0/33] Loss: 5.4404 Bio: 0.7707
Epoch [147/200] Total Loss: 164.8562
Epoch [148/200] Step [0/33] Loss: 4.8004 Bio: 0.6064
Epoch [148/200] Total Loss: 165.1254
Epoch [149/200] Step [0/33] Loss: 5.1355 Bio: 0.6948
Epoch [149/200] Total Loss: 164.9811
Epoch [150/200] Step [0/33] Loss: 5.2261 Bio: 0.4679
Epoch [150/200] Total Loss: 165.6391
Epoch [151/200] Step [0/33] Loss: 4.8767 Bio: 0.5463
Epoch [151/200] Total Loss: 163.0625
Epoch [152/200] Step [0/33] Loss: 4.8219 Bio: 0.6314
Epoch [152/200] Total Loss: 164.2179
Epoch [153/200] Step [0/33] Loss: 5.0777 Bio: 0.5693
Epoch [153/200] Total Loss: 165.9584
Epoch [154/200] Step [0/33] Loss: 5.2173 Bio: 0.5339
Epoch [154/200] Total Loss: 165.9924
Epoch [155/200] Step [0/33] Loss: 5.2503 Bio: 0.5820
Epoch [155/200] Total Loss: 165.3211
Epoch [156/200] Step [0/33] Loss: 5.0753 Bio: 0.6130
Epoch [156/200] Total Loss: 164.8925
Epoch [157/200] Step [0/33] Loss: 5.1379 Bio: 0.6618
Epoch [157/200] Total Loss: 164.9814
Epoch [158/200] Step [0/33] Loss: 4.9647 Bio: 0.5719
Epoch [158/200] Total Loss: 164.8946
Epoch [159/200] Step [0/33] Loss: 4.8387 Bio: 0.6758
Epoch [159/200] Total Loss: 165.2313
Epoch [160/200] Step [0/33] Loss: 4.5404 Bio: 0.6176
Epoch [160/200] Total Loss: 164.7239
Epoch [161/200] Step [0/33] Loss: 4.7942 Bio: 0.5248
Epoch [161/200] Total Loss: 163.8050
Epoch [162/200] Step [0/33] Loss: 4.9966 Bio: 0.5333
Epoch [162/200] Total Loss: 165.0454
Epoch [163/200] Step [0/33] Loss: 4.9895 Bio: 0.5866
Epoch [163/200] Total Loss: 164.3816
Epoch [164/200] Step [0/33] Loss: 5.2768 Bio: 0.6919
Epoch [164/200] Total Loss: 167.3985
Epoch [165/200] Step [0/33] Loss: 4.9188 Bio: 0.6407
Epoch [165/200] Total Loss: 164.4910
Epoch [166/200] Step [0/33] Loss: 4.8011 Bio: 0.4625
Epoch [166/200] Total Loss: 164.2811
Epoch [167/200] Step [0/33] Loss: 5.4193 Bio: 0.6213
Epoch [167/200] Total Loss: 165.8076
Epoch [168/200] Step [0/33] Loss: 4.6201 Bio: 0.5630
Epoch [168/200] Total Loss: 163.2409
Epoch [169/200] Step [0/33] Loss: 5.4027 Bio: 0.4896
Epoch [169/200] Total Loss: 164.5221
Epoch [170/200] Step [0/33] Loss: 5.0360 Bio: 0.6147
Epoch [170/200] Total Loss: 162.8763
Epoch [171/200] Step [0/33] Loss: 4.7027 Bio: 0.7078
Epoch [171/200] Total Loss: 162.4943
Epoch [172/200] Step [0/33] Loss: 4.9925 Bio: 0.6192
Epoch [172/200] Total Loss: 165.5514
Epoch [173/200] Step [0/33] Loss: 5.1859 Bio: 0.8035
Epoch [173/200] Total Loss: 164.3762
Epoch [174/200] Step [0/33] Loss: 4.9606 Bio: 0.5370
Epoch [174/200] Total Loss: 165.8541
Epoch [175/200] Step [0/33] Loss: 5.1298 Bio: 0.9613
Epoch [175/200] Total Loss: 162.9489
Epoch [176/200] Step [0/33] Loss: 5.1453 Bio: 0.6187
Epoch [176/200] Total Loss: 164.3381
Epoch [177/200] Step [0/33] Loss: 4.8801 Bio: 0.5654
Epoch [177/200] Total Loss: 165.8359
Epoch [178/200] Step [0/33] Loss: 5.0348 Bio: 0.5438
Epoch [178/200] Total Loss: 163.5348
Epoch [179/200] Step [0/33] Loss: 4.9432 Bio: 0.6331
Epoch [179/200] Total Loss: 166.6498
Epoch [180/200] Step [0/33] Loss: 5.1818 Bio: 0.5840
Epoch [180/200] Total Loss: 163.7485
Epoch [181/200] Step [0/33] Loss: 4.6488 Bio: 0.4920
Epoch [181/200] Total Loss: 162.4899
Epoch [182/200] Step [0/33] Loss: 4.7236 Bio: 0.6835
Epoch [182/200] Total Loss: 163.9309
Epoch [183/200] Step [0/33] Loss: 5.0068 Bio: 0.7041
Epoch [183/200] Total Loss: 163.9709
Epoch [184/200] Step [0/33] Loss: 4.8702 Bio: 0.6012
Epoch [184/200] Total Loss: 162.8158
Epoch [185/200] Step [0/33] Loss: 4.9831 Bio: 0.5594
Epoch [185/200] Total Loss: 164.1007
Epoch [186/200] Step [0/33] Loss: 4.9206 Bio: 0.6011
Epoch [186/200] Total Loss: 163.3228
Epoch [187/200] Step [0/33] Loss: 5.2182 Bio: 0.6354
Epoch [187/200] Total Loss: 163.3770
Epoch [188/200] Step [0/33] Loss: 5.2204 Bio: 0.6340
Epoch [188/200] Total Loss: 163.5955
Epoch [189/200] Step [0/33] Loss: 5.4889 Bio: 0.5107
Epoch [189/200] Total Loss: 162.6613
Epoch [190/200] Step [0/33] Loss: 5.2534 Bio: 0.9420
Epoch [190/200] Total Loss: 164.0783
Epoch [191/200] Step [0/33] Loss: 5.4352 Bio: 0.6553
Epoch [191/200] Total Loss: 163.2870
Epoch [192/200] Step [0/33] Loss: 4.9364 Bio: 0.8765
Epoch [192/200] Total Loss: 162.9894
Epoch [193/200] Step [0/33] Loss: 4.9363 Bio: 0.6151
Epoch [193/200] Total Loss: 164.8263
Epoch [194/200] Step [0/33] Loss: 5.1027 Bio: 0.6023
Epoch [194/200] Total Loss: 163.4387
Epoch [195/200] Step [0/33] Loss: 4.9057 Bio: 0.6505
Epoch [195/200] Total Loss: 165.3292
Epoch [196/200] Step [0/33] Loss: 4.8361 Bio: 0.4941
Epoch [196/200] Total Loss: 162.4030
Epoch [197/200] Step [0/33] Loss: 4.8104 Bio: 0.5466
Epoch [197/200] Total Loss: 162.0429
Epoch [198/200] Step [0/33] Loss: 4.9756 Bio: 0.5623
Epoch [198/200] Total Loss: 163.4943
Epoch [199/200] Step [0/33] Loss: 4.8219 Bio: 0.6260
Epoch [199/200] Total Loss: 164.7759
Scenario 1 training complete.
Training completed at: Tue Feb 24 01:38:04 EST 2026
============================================================
CLUSTERING EVALUATION
============================================================
✅ Loaded ground truth from ground_truth_BRCA.csv
   Total patients with labels: 803

📂 Loading model from save/model_bioanchor_scenario1/checkpoint_200.tar...
✅ Model loaded successfully

📊 Loading data for BRCA...
[dataloader] No bio_anchor_file specified — loading omics only
✅ Data loaded successfully

🔮 Getting predictions...
✅ Predictions obtained: 1031 samples

🔍 Filtering to patients with ground truth...
   Patients with both predictions and ground truth: 803
   Final evaluation size: 803 patients

📈 Computing metrics...

============================================================
RESULTS
============================================================
ARI                 : 0.3169
NMI                 : 0.4647
V-measure           : 0.4647
============================================================

📊 Creating visualizations...
Saved confusion matrix to results/BRCA_confusion_matrix.png
Saved distribution plot to results/BRCA_cluster_distribution.png
Computing t-SNE (this may take a minute)...
Saved t-SNE plot to results/BRCA_tsne.png

💾 Saved results to results/BRCA_evaluation.csv

✅ Evaluation complete!
=== Scenario 1 Complete ===
Job finished at: Tue Feb 24 01:38:23 EST 2026
