=== Scenario 1: Direct Linear Bio-Anchor Head ===
Job started at: Tue Feb 24 13:47:29 EST 2026
Running on node: hpc-m35-3-2.local
Job ID: 11717696
Scenario 1: Direct Linear Head
Cancer: BRCA | bio_dim: 6 | lambda_bio: 0.1
Bio anchor file: bio_anchors_BRCA_6dim_v2.csv
[dataloader] Loaded bio-anchors from bio_anchors_BRCA_6dim_v2.csv: torch.Size([1031, 6])
Cluster number: 5
Epoch [0/600] Step [0/33] Loss: 6.4323 Bio: 1.0731
Epoch [0/600] Total Loss: 209.7337
Epoch [1/600] Step [0/33] Loss: 6.4074 Bio: 1.2728
Epoch [1/600] Total Loss: 206.5488
Epoch [2/600] Step [0/33] Loss: 6.0436 Bio: 0.9165
Epoch [2/600] Total Loss: 199.7503
Epoch [3/600] Step [0/33] Loss: 6.1235 Bio: 0.9240
Epoch [3/600] Total Loss: 199.1006
Epoch [4/600] Step [0/33] Loss: 5.8328 Bio: 0.8256
Epoch [4/600] Total Loss: 194.4524
Epoch [5/600] Step [0/33] Loss: 5.8096 Bio: 1.0249
Epoch [5/600] Total Loss: 195.8053
Epoch [6/600] Step [0/33] Loss: 6.0151 Bio: 0.7197
Epoch [6/600] Total Loss: 193.7427
Epoch [7/600] Step [0/33] Loss: 5.9595 Bio: 1.1677
Epoch [7/600] Total Loss: 193.1367
Epoch [8/600] Step [0/33] Loss: 5.7913 Bio: 0.9269
Epoch [8/600] Total Loss: 192.0087
Epoch [9/600] Step [0/33] Loss: 5.7691 Bio: 0.7296
Epoch [9/600] Total Loss: 190.4602
Epoch [10/600] Step [0/33] Loss: 5.6825 Bio: 0.8457
Epoch [10/600] Total Loss: 190.6547
Epoch [11/600] Step [0/33] Loss: 5.6410 Bio: 0.6524
Epoch [11/600] Total Loss: 190.0885
Epoch [12/600] Step [0/33] Loss: 5.8939 Bio: 0.6628
Epoch [12/600] Total Loss: 188.1041
Epoch [13/600] Step [0/33] Loss: 5.7388 Bio: 1.3541
Epoch [13/600] Total Loss: 188.1867
Epoch [14/600] Step [0/33] Loss: 6.0692 Bio: 0.6372
Epoch [14/600] Total Loss: 187.8464
Epoch [15/600] Step [0/33] Loss: 5.6539 Bio: 0.6849
Epoch [15/600] Total Loss: 188.1293
Epoch [16/600] Step [0/33] Loss: 5.8153 Bio: 0.6564
Epoch [16/600] Total Loss: 187.5146
Epoch [17/600] Step [0/33] Loss: 5.7316 Bio: 0.6916
Epoch [17/600] Total Loss: 187.1861
Epoch [18/600] Step [0/33] Loss: 5.7518 Bio: 0.7294
Epoch [18/600] Total Loss: 185.4658
Epoch [19/600] Step [0/33] Loss: 5.3834 Bio: 0.8463
Epoch [19/600] Total Loss: 186.0091
Epoch [20/600] Step [0/33] Loss: 5.8233 Bio: 0.6974
Epoch [20/600] Total Loss: 184.7797
Epoch [21/600] Step [0/33] Loss: 5.6371 Bio: 1.0370
Epoch [21/600] Total Loss: 185.1478
Epoch [22/600] Step [0/33] Loss: 5.4924 Bio: 0.7420
Epoch [22/600] Total Loss: 183.0884
Epoch [23/600] Step [0/33] Loss: 5.7643 Bio: 0.7103
Epoch [23/600] Total Loss: 184.3243
Epoch [24/600] Step [0/33] Loss: 5.5285 Bio: 0.8611
Epoch [24/600] Total Loss: 184.2219
Epoch [25/600] Step [0/33] Loss: 5.7812 Bio: 1.1070
Epoch [25/600] Total Loss: 181.1732
Epoch [26/600] Step [0/33] Loss: 5.8095 Bio: 0.7807
Epoch [26/600] Total Loss: 182.0341
Epoch [27/600] Step [0/33] Loss: 5.4738 Bio: 0.7007
Epoch [27/600] Total Loss: 182.3868
Epoch [28/600] Step [0/33] Loss: 5.3241 Bio: 0.6745
Epoch [28/600] Total Loss: 180.1200
Epoch [29/600] Step [0/33] Loss: 5.3346 Bio: 0.7364
Epoch [29/600] Total Loss: 183.2261
Epoch [30/600] Step [0/33] Loss: 5.4288 Bio: 0.7583
Epoch [30/600] Total Loss: 182.0079
Epoch [31/600] Step [0/33] Loss: 5.4988 Bio: 0.7660
Epoch [31/600] Total Loss: 180.0640
Epoch [32/600] Step [0/33] Loss: 5.2360 Bio: 0.7316
Epoch [32/600] Total Loss: 181.8835
Epoch [33/600] Step [0/33] Loss: 5.2325 Bio: 0.6943
Epoch [33/600] Total Loss: 178.8844
Epoch [34/600] Step [0/33] Loss: 5.5343 Bio: 0.5443
Epoch [34/600] Total Loss: 180.3237
Epoch [35/600] Step [0/33] Loss: 5.6853 Bio: 0.6963
Epoch [35/600] Total Loss: 181.1597
Epoch [36/600] Step [0/33] Loss: 5.4154 Bio: 0.7895
Epoch [36/600] Total Loss: 179.6268
Epoch [37/600] Step [0/33] Loss: 5.7276 Bio: 1.2260
Epoch [37/600] Total Loss: 180.6868
Epoch [38/600] Step [0/33] Loss: 5.3577 Bio: 0.8978
Epoch [38/600] Total Loss: 179.2833
Epoch [39/600] Step [0/33] Loss: 5.4095 Bio: 0.6478
Epoch [39/600] Total Loss: 179.4239
Epoch [40/600] Step [0/33] Loss: 5.2491 Bio: 0.6830
Epoch [40/600] Total Loss: 180.7568
Epoch [41/600] Step [0/33] Loss: 5.2568 Bio: 0.8290
Epoch [41/600] Total Loss: 178.3187
Epoch [42/600] Step [0/33] Loss: 5.2469 Bio: 0.6395
Epoch [42/600] Total Loss: 179.2453
Epoch [43/600] Step [0/33] Loss: 5.4241 Bio: 0.6265
Epoch [43/600] Total Loss: 175.8820
Epoch [44/600] Step [0/33] Loss: 5.4820 Bio: 0.7109
Epoch [44/600] Total Loss: 175.8864
Epoch [45/600] Step [0/33] Loss: 5.4594 Bio: 0.5378
Epoch [45/600] Total Loss: 176.9360
Epoch [46/600] Step [0/33] Loss: 5.3022 Bio: 0.5319
Epoch [46/600] Total Loss: 177.0386
Epoch [47/600] Step [0/33] Loss: 5.3560 Bio: 0.8730
Epoch [47/600] Total Loss: 174.5946
Epoch [48/600] Step [0/33] Loss: 5.3033 Bio: 1.1304
Epoch [48/600] Total Loss: 175.0273
Epoch [49/600] Step [0/33] Loss: 4.9639 Bio: 0.6183
Epoch [49/600] Total Loss: 174.1281
Epoch [50/600] Step [0/33] Loss: 5.3311 Bio: 0.6495
Epoch [50/600] Total Loss: 176.4110
Epoch [51/600] Step [0/33] Loss: 5.3704 Bio: 0.8209
Epoch [51/600] Total Loss: 176.0174
Epoch [52/600] Step [0/33] Loss: 5.3645 Bio: 0.6697
Epoch [52/600] Total Loss: 174.1581
Epoch [53/600] Step [0/33] Loss: 5.4334 Bio: 0.9714
Epoch [53/600] Total Loss: 174.7538
Epoch [54/600] Step [0/33] Loss: 5.4375 Bio: 0.7406
Epoch [54/600] Total Loss: 175.8335
Epoch [55/600] Step [0/33] Loss: 5.2888 Bio: 0.7109
Epoch [55/600] Total Loss: 173.9182
Epoch [56/600] Step [0/33] Loss: 5.5765 Bio: 0.6378
Epoch [56/600] Total Loss: 174.1036
Epoch [57/600] Step [0/33] Loss: 5.4915 Bio: 0.6013
Epoch [57/600] Total Loss: 173.8454
Epoch [58/600] Step [0/33] Loss: 5.3115 Bio: 0.6909
Epoch [58/600] Total Loss: 172.8599
Epoch [59/600] Step [0/33] Loss: 5.4082 Bio: 0.7744
Epoch [59/600] Total Loss: 171.7266
Epoch [60/600] Step [0/33] Loss: 4.8471 Bio: 0.5843
Epoch [60/600] Total Loss: 172.5474
Epoch [61/600] Step [0/33] Loss: 5.3120 Bio: 1.4031
Epoch [61/600] Total Loss: 174.1471
Epoch [62/600] Step [0/33] Loss: 5.0495 Bio: 0.7336
Epoch [62/600] Total Loss: 174.0102
Epoch [63/600] Step [0/33] Loss: 5.4948 Bio: 0.9014
Epoch [63/600] Total Loss: 171.5975
Epoch [64/600] Step [0/33] Loss: 5.1661 Bio: 1.0245
Epoch [64/600] Total Loss: 172.6871
Epoch [65/600] Step [0/33] Loss: 5.4132 Bio: 0.7686
Epoch [65/600] Total Loss: 173.4827
Epoch [66/600] Step [0/33] Loss: 5.3119 Bio: 0.5934
Epoch [66/600] Total Loss: 172.8196
Epoch [67/600] Step [0/33] Loss: 5.3558 Bio: 0.6014
Epoch [67/600] Total Loss: 171.4702
Epoch [68/600] Step [0/33] Loss: 5.2278 Bio: 0.7232
Epoch [68/600] Total Loss: 170.8579
Epoch [69/600] Step [0/33] Loss: 5.1844 Bio: 0.5774
Epoch [69/600] Total Loss: 173.8767
Epoch [70/600] Step [0/33] Loss: 4.8958 Bio: 0.7068
Epoch [70/600] Total Loss: 171.1827
Epoch [71/600] Step [0/33] Loss: 5.0300 Bio: 0.6255
Epoch [71/600] Total Loss: 169.6391
Epoch [72/600] Step [0/33] Loss: 5.5027 Bio: 0.6496
Epoch [72/600] Total Loss: 172.3902
Epoch [73/600] Step [0/33] Loss: 5.4581 Bio: 0.6806
Epoch [73/600] Total Loss: 172.5441
Epoch [74/600] Step [0/33] Loss: 5.0917 Bio: 0.5710
Epoch [74/600] Total Loss: 171.2182
Epoch [75/600] Step [0/33] Loss: 5.1360 Bio: 0.8875
Epoch [75/600] Total Loss: 171.7927
Epoch [76/600] Step [0/33] Loss: 4.9376 Bio: 0.7233
Epoch [76/600] Total Loss: 170.6304
Epoch [77/600] Step [0/33] Loss: 5.3190 Bio: 0.6678
Epoch [77/600] Total Loss: 169.6038
Epoch [78/600] Step [0/33] Loss: 5.3614 Bio: 1.5377
Epoch [78/600] Total Loss: 170.3599
Epoch [79/600] Step [0/33] Loss: 5.0232 Bio: 0.6208
Epoch [79/600] Total Loss: 169.5905
Epoch [80/600] Step [0/33] Loss: 5.1089 Bio: 0.8771
Epoch [80/600] Total Loss: 171.4471
Epoch [81/600] Step [0/33] Loss: 5.4970 Bio: 0.8493
Epoch [81/600] Total Loss: 170.0934
Epoch [82/600] Step [0/33] Loss: 5.8528 Bio: 0.6527
Epoch [82/600] Total Loss: 170.5442
Epoch [83/600] Step [0/33] Loss: 5.3023 Bio: 0.7367
Epoch [83/600] Total Loss: 170.1640
Epoch [84/600] Step [0/33] Loss: 5.4199 Bio: 0.6254
Epoch [84/600] Total Loss: 169.6917
Epoch [85/600] Step [0/33] Loss: 5.0904 Bio: 0.6387
Epoch [85/600] Total Loss: 169.4509
Epoch [86/600] Step [0/33] Loss: 5.1803 Bio: 0.7827
Epoch [86/600] Total Loss: 168.2483
Epoch [87/600] Step [0/33] Loss: 5.1023 Bio: 0.6108
Epoch [87/600] Total Loss: 168.7090
Epoch [88/600] Step [0/33] Loss: 5.1888 Bio: 1.0212
Epoch [88/600] Total Loss: 169.3589
Epoch [89/600] Step [0/33] Loss: 5.0077 Bio: 0.9336
Epoch [89/600] Total Loss: 170.8800
Epoch [90/600] Step [0/33] Loss: 5.0234 Bio: 0.6506
Epoch [90/600] Total Loss: 169.0796
Epoch [91/600] Step [0/33] Loss: 4.9057 Bio: 0.6213
Epoch [91/600] Total Loss: 168.6147
Epoch [92/600] Step [0/33] Loss: 5.0463 Bio: 0.6359
Epoch [92/600] Total Loss: 170.5578
Epoch [93/600] Step [0/33] Loss: 5.0633 Bio: 0.9044
Epoch [93/600] Total Loss: 167.6228
Epoch [94/600] Step [0/33] Loss: 5.0828 Bio: 0.7282
Epoch [94/600] Total Loss: 168.1428
Epoch [95/600] Step [0/33] Loss: 5.0294 Bio: 0.7488
Epoch [95/600] Total Loss: 170.3158
Epoch [96/600] Step [0/33] Loss: 4.8830 Bio: 0.5956
Epoch [96/600] Total Loss: 169.0210
Epoch [97/600] Step [0/33] Loss: 4.8551 Bio: 0.6521
Epoch [97/600] Total Loss: 165.6953
Epoch [98/600] Step [0/33] Loss: 5.0121 Bio: 0.7832
Epoch [98/600] Total Loss: 167.8714
Epoch [99/600] Step [0/33] Loss: 4.9265 Bio: 0.7196
Epoch [99/600] Total Loss: 167.1000
Epoch [100/600] Step [0/33] Loss: 5.0878 Bio: 0.7255
Epoch [100/600] Total Loss: 167.5946
Epoch [101/600] Step [0/33] Loss: 5.5076 Bio: 0.6862
Epoch [101/600] Total Loss: 169.7082
Epoch [102/600] Step [0/33] Loss: 5.3230 Bio: 0.5967
Epoch [102/600] Total Loss: 166.5533
Epoch [103/600] Step [0/33] Loss: 4.8220 Bio: 0.7624
Epoch [103/600] Total Loss: 166.0246
Epoch [104/600] Step [0/33] Loss: 5.0406 Bio: 0.7261
Epoch [104/600] Total Loss: 168.1699
Epoch [105/600] Step [0/33] Loss: 4.6379 Bio: 0.6762
Epoch [105/600] Total Loss: 169.2126
Epoch [106/600] Step [0/33] Loss: 5.2989 Bio: 0.5866
Epoch [106/600] Total Loss: 169.2744
Epoch [107/600] Step [0/33] Loss: 4.9236 Bio: 0.6865
Epoch [107/600] Total Loss: 167.6919
Epoch [108/600] Step [0/33] Loss: 5.0568 Bio: 0.8331
Epoch [108/600] Total Loss: 168.2876
Epoch [109/600] Step [0/33] Loss: 5.3145 Bio: 0.6711
Epoch [109/600] Total Loss: 167.5853
Epoch [110/600] Step [0/33] Loss: 4.9256 Bio: 0.7951
Epoch [110/600] Total Loss: 165.1489
Epoch [111/600] Step [0/33] Loss: 5.1459 Bio: 0.7643
Epoch [111/600] Total Loss: 169.5014
Epoch [112/600] Step [0/33] Loss: 5.2124 Bio: 0.5850
Epoch [112/600] Total Loss: 167.7686
Epoch [113/600] Step [0/33] Loss: 5.0195 Bio: 0.9659
Epoch [113/600] Total Loss: 167.2474
Epoch [114/600] Step [0/33] Loss: 4.9386 Bio: 0.7801
Epoch [114/600] Total Loss: 167.6218
Epoch [115/600] Step [0/33] Loss: 5.0065 Bio: 0.9654
Epoch [115/600] Total Loss: 166.6780
Epoch [116/600] Step [0/33] Loss: 5.0082 Bio: 0.6059
Epoch [116/600] Total Loss: 166.3269
Epoch [117/600] Step [0/33] Loss: 5.0850 Bio: 0.5324
Epoch [117/600] Total Loss: 166.0098
Epoch [118/600] Step [0/33] Loss: 4.7880 Bio: 0.8766
Epoch [118/600] Total Loss: 168.5444
Epoch [119/600] Step [0/33] Loss: 5.0971 Bio: 0.7046
Epoch [119/600] Total Loss: 167.4678
Epoch [120/600] Step [0/33] Loss: 5.0318 Bio: 0.7936
Epoch [120/600] Total Loss: 166.0108
Epoch [121/600] Step [0/33] Loss: 4.8501 Bio: 0.6769
Epoch [121/600] Total Loss: 166.6205
Epoch [122/600] Step [0/33] Loss: 4.8984 Bio: 0.6995
Epoch [122/600] Total Loss: 166.6814
Epoch [123/600] Step [0/33] Loss: 5.0852 Bio: 0.6844
Epoch [123/600] Total Loss: 164.8829
Epoch [124/600] Step [0/33] Loss: 5.0229 Bio: 0.6787
Epoch [124/600] Total Loss: 166.6257
Epoch [125/600] Step [0/33] Loss: 4.9157 Bio: 1.1366
Epoch [125/600] Total Loss: 167.4313
Epoch [126/600] Step [0/33] Loss: 4.8561 Bio: 0.7957
Epoch [126/600] Total Loss: 165.6569
Epoch [127/600] Step [0/33] Loss: 5.0783 Bio: 0.5629
Epoch [127/600] Total Loss: 165.5920
Epoch [128/600] Step [0/33] Loss: 5.2888 Bio: 0.6553
Epoch [128/600] Total Loss: 164.4544
Epoch [129/600] Step [0/33] Loss: 4.9214 Bio: 0.6823
Epoch [129/600] Total Loss: 166.1737
Epoch [130/600] Step [0/33] Loss: 5.2422 Bio: 0.6479
Epoch [130/600] Total Loss: 164.5322
Epoch [131/600] Step [0/33] Loss: 5.0897 Bio: 0.5990
Epoch [131/600] Total Loss: 165.4101
Epoch [132/600] Step [0/33] Loss: 4.7735 Bio: 1.0279
Epoch [132/600] Total Loss: 167.0994
Epoch [133/600] Step [0/33] Loss: 5.2658 Bio: 0.6078
Epoch [133/600] Total Loss: 166.0783
Epoch [134/600] Step [0/33] Loss: 4.9548 Bio: 0.5619
Epoch [134/600] Total Loss: 166.9324
Epoch [135/600] Step [0/33] Loss: 5.1890 Bio: 0.6068
Epoch [135/600] Total Loss: 166.4794
Epoch [136/600] Step [0/33] Loss: 5.0897 Bio: 0.8272
Epoch [136/600] Total Loss: 165.5084
Epoch [137/600] Step [0/33] Loss: 5.0601 Bio: 0.7468
Epoch [137/600] Total Loss: 166.3466
Epoch [138/600] Step [0/33] Loss: 5.2514 Bio: 0.9248
Epoch [138/600] Total Loss: 165.0851
Epoch [139/600] Step [0/33] Loss: 4.8380 Bio: 0.6241
Epoch [139/600] Total Loss: 167.0117
Epoch [140/600] Step [0/33] Loss: 5.2222 Bio: 0.6756
Epoch [140/600] Total Loss: 167.7233
Epoch [141/600] Step [0/33] Loss: 5.3762 Bio: 0.8425
Epoch [141/600] Total Loss: 165.9516
Epoch [142/600] Step [0/33] Loss: 4.7165 Bio: 0.6348
Epoch [142/600] Total Loss: 165.4546
Epoch [143/600] Step [0/33] Loss: 4.7987 Bio: 0.4874
Epoch [143/600] Total Loss: 164.0733
Epoch [144/600] Step [0/33] Loss: 4.9848 Bio: 0.8505
Epoch [144/600] Total Loss: 166.2302
Epoch [145/600] Step [0/33] Loss: 5.1465 Bio: 0.7121
Epoch [145/600] Total Loss: 165.1263
Epoch [146/600] Step [0/33] Loss: 5.0320 Bio: 0.8225
Epoch [146/600] Total Loss: 167.1585
Epoch [147/600] Step [0/33] Loss: 5.4052 Bio: 0.8647
Epoch [147/600] Total Loss: 164.1685
Epoch [148/600] Step [0/33] Loss: 4.9091 Bio: 0.8004
Epoch [148/600] Total Loss: 166.8327
Epoch [149/600] Step [0/33] Loss: 5.0807 Bio: 0.7216
Epoch [149/600] Total Loss: 164.8476
Epoch [150/600] Step [0/33] Loss: 5.1785 Bio: 0.7226
Epoch [150/600] Total Loss: 167.1670
Epoch [151/600] Step [0/33] Loss: 4.8304 Bio: 0.6018
Epoch [151/600] Total Loss: 163.5845
Epoch [152/600] Step [0/33] Loss: 4.8570 Bio: 0.7345
Epoch [152/600] Total Loss: 165.2083
Epoch [153/600] Step [0/33] Loss: 5.0571 Bio: 0.6673
Epoch [153/600] Total Loss: 165.6861
Epoch [154/600] Step [0/33] Loss: 5.2188 Bio: 0.5321
Epoch [154/600] Total Loss: 167.3516
Epoch [155/600] Step [0/33] Loss: 5.4232 Bio: 0.6295
Epoch [155/600] Total Loss: 165.8722
Epoch [156/600] Step [0/33] Loss: 5.0755 Bio: 0.9167
Epoch [156/600] Total Loss: 165.5880
Epoch [157/600] Step [0/33] Loss: 5.1077 Bio: 0.7785
Epoch [157/600] Total Loss: 166.0231
Epoch [158/600] Step [0/33] Loss: 4.9922 Bio: 0.6206
Epoch [158/600] Total Loss: 165.6964
Epoch [159/600] Step [0/33] Loss: 4.7763 Bio: 0.7220
Epoch [159/600] Total Loss: 165.5483
Epoch [160/600] Step [0/33] Loss: 4.5995 Bio: 0.6615
Epoch [160/600] Total Loss: 165.3180
Epoch [161/600] Step [0/33] Loss: 4.8769 Bio: 0.5232
Epoch [161/600] Total Loss: 164.2675
Epoch [162/600] Step [0/33] Loss: 5.0304 Bio: 0.6354
Epoch [162/600] Total Loss: 166.1371
Epoch [163/600] Step [0/33] Loss: 5.0729 Bio: 0.6488
Epoch [163/600] Total Loss: 164.4835
Epoch [164/600] Step [0/33] Loss: 5.3766 Bio: 0.8179
Epoch [164/600] Total Loss: 166.9433
Epoch [165/600] Step [0/33] Loss: 4.9206 Bio: 0.7200
Epoch [165/600] Total Loss: 165.2276
Epoch [166/600] Step [0/33] Loss: 4.7604 Bio: 0.5528
Epoch [166/600] Total Loss: 164.4931
Epoch [167/600] Step [0/33] Loss: 5.2964 Bio: 0.6570
Epoch [167/600] Total Loss: 166.2302
Epoch [168/600] Step [0/33] Loss: 4.6801 Bio: 0.6324
Epoch [168/600] Total Loss: 163.6511
Epoch [169/600] Step [0/33] Loss: 5.3290 Bio: 0.5371
Epoch [169/600] Total Loss: 165.2745
Epoch [170/600] Step [0/33] Loss: 5.0447 Bio: 0.6648
Epoch [170/600] Total Loss: 163.4597
Epoch [171/600] Step [0/33] Loss: 4.8037 Bio: 0.7732
Epoch [171/600] Total Loss: 162.8954
Epoch [172/600] Step [0/33] Loss: 5.1433 Bio: 0.8603
Epoch [172/600] Total Loss: 166.3248
Epoch [173/600] Step [0/33] Loss: 5.0752 Bio: 0.8866
Epoch [173/600] Total Loss: 164.9292
Epoch [174/600] Step [0/33] Loss: 5.1539 Bio: 0.5982
Epoch [174/600] Total Loss: 166.4546
Epoch [175/600] Step [0/33] Loss: 5.1739 Bio: 1.1124
Epoch [175/600] Total Loss: 163.2218
Epoch [176/600] Step [0/33] Loss: 5.1720 Bio: 0.8155
Epoch [176/600] Total Loss: 165.0873
Epoch [177/600] Step [0/33] Loss: 4.8378 Bio: 0.7521
Epoch [177/600] Total Loss: 165.2077
Epoch [178/600] Step [0/33] Loss: 5.1657 Bio: 0.6039
Epoch [178/600] Total Loss: 164.6741
Epoch [179/600] Step [0/33] Loss: 5.0601 Bio: 0.7020
Epoch [179/600] Total Loss: 167.4439
Epoch [180/600] Step [0/33] Loss: 5.1665 Bio: 0.7010
Epoch [180/600] Total Loss: 164.2370
Epoch [181/600] Step [0/33] Loss: 4.6741 Bio: 0.6383
Epoch [181/600] Total Loss: 162.5392
Epoch [182/600] Step [0/33] Loss: 4.6685 Bio: 0.6812
Epoch [182/600] Total Loss: 163.8855
Epoch [183/600] Step [0/33] Loss: 4.9791 Bio: 0.9471
Epoch [183/600] Total Loss: 164.0181
Epoch [184/600] Step [0/33] Loss: 4.8430 Bio: 0.6251
Epoch [184/600] Total Loss: 162.4841
Epoch [185/600] Step [0/33] Loss: 5.1100 Bio: 0.5659
Epoch [185/600] Total Loss: 163.9379
Epoch [186/600] Step [0/33] Loss: 4.9700 Bio: 0.5850
Epoch [186/600] Total Loss: 163.9091
Epoch [187/600] Step [0/33] Loss: 5.2025 Bio: 0.8666
Epoch [187/600] Total Loss: 163.5981
Epoch [188/600] Step [0/33] Loss: 5.2643 Bio: 0.6497
Epoch [188/600] Total Loss: 163.5959
Epoch [189/600] Step [0/33] Loss: 5.5867 Bio: 0.5613
Epoch [189/600] Total Loss: 163.4479
Epoch [190/600] Step [0/33] Loss: 5.2350 Bio: 1.4618
Epoch [190/600] Total Loss: 164.6440
Epoch [191/600] Step [0/33] Loss: 5.2820 Bio: 0.6933
Epoch [191/600] Total Loss: 163.3472
Epoch [192/600] Step [0/33] Loss: 5.1194 Bio: 1.1504
Epoch [192/600] Total Loss: 162.8743
Epoch [193/600] Step [0/33] Loss: 4.9198 Bio: 0.7099
Epoch [193/600] Total Loss: 164.4397
Epoch [194/600] Step [0/33] Loss: 4.9818 Bio: 0.7356
Epoch [194/600] Total Loss: 164.0640
Epoch [195/600] Step [0/33] Loss: 4.9528 Bio: 0.7184
Epoch [195/600] Total Loss: 165.3203
Epoch [196/600] Step [0/33] Loss: 4.8948 Bio: 0.7827
Epoch [196/600] Total Loss: 163.3087
Epoch [197/600] Step [0/33] Loss: 4.8464 Bio: 0.8411
Epoch [197/600] Total Loss: 162.0611
Epoch [198/600] Step [0/33] Loss: 4.8868 Bio: 0.5986
Epoch [198/600] Total Loss: 162.9221
Epoch [199/600] Step [0/33] Loss: 4.7804 Bio: 0.7512
Epoch [199/600] Total Loss: 164.7502
Epoch [200/600] Step [0/33] Loss: 5.0485 Bio: 0.6349
Epoch [200/600] Total Loss: 164.3613
Epoch [201/600] Step [0/33] Loss: 5.2423 Bio: 0.7902
Epoch [201/600] Total Loss: 164.2843
Epoch [202/600] Step [0/33] Loss: 5.0514 Bio: 0.6904
Epoch [202/600] Total Loss: 163.7308
Epoch [203/600] Step [0/33] Loss: 5.1792 Bio: 0.8531
Epoch [203/600] Total Loss: 163.7633
Epoch [204/600] Step [0/33] Loss: 4.7419 Bio: 0.7299
Epoch [204/600] Total Loss: 163.6561
Epoch [205/600] Step [0/33] Loss: 4.5527 Bio: 0.5967
Epoch [205/600] Total Loss: 162.0054
Epoch [206/600] Step [0/33] Loss: 4.8947 Bio: 0.6624
Epoch [206/600] Total Loss: 164.7479
Epoch [207/600] Step [0/33] Loss: 5.1896 Bio: 0.8815
Epoch [207/600] Total Loss: 163.4116
Epoch [208/600] Step [0/33] Loss: 5.2355 Bio: 0.6288
Epoch [208/600] Total Loss: 165.1221
Epoch [209/600] Step [0/33] Loss: 4.6061 Bio: 0.5914
Epoch [209/600] Total Loss: 164.8651
Epoch [210/600] Step [0/33] Loss: 4.9388 Bio: 0.6905
Epoch [210/600] Total Loss: 162.7364
Epoch [211/600] Step [0/33] Loss: 5.2141 Bio: 0.6777
Epoch [211/600] Total Loss: 164.9512
Epoch [212/600] Step [0/33] Loss: 4.9969 Bio: 0.5852
Epoch [212/600] Total Loss: 163.9574
Epoch [213/600] Step [0/33] Loss: 5.1802 Bio: 0.6941
Epoch [213/600] Total Loss: 164.2238
Epoch [214/600] Step [0/33] Loss: 4.8474 Bio: 0.5605
Epoch [214/600] Total Loss: 163.1121
Epoch [215/600] Step [0/33] Loss: 5.4267 Bio: 1.2930
Epoch [215/600] Total Loss: 162.9506
Epoch [216/600] Step [0/33] Loss: 5.1384 Bio: 0.6226
Epoch [216/600] Total Loss: 163.9390
Epoch [217/600] Step [0/33] Loss: 5.0428 Bio: 0.5093
Epoch [217/600] Total Loss: 164.8741
Epoch [218/600] Step [0/33] Loss: 4.6890 Bio: 0.6801
Epoch [218/600] Total Loss: 165.3335
Epoch [219/600] Step [0/33] Loss: 5.1713 Bio: 0.8997
Epoch [219/600] Total Loss: 162.9468
Epoch [220/600] Step [0/33] Loss: 5.3466 Bio: 0.7283
Epoch [220/600] Total Loss: 163.3895
Epoch [221/600] Step [0/33] Loss: 4.9743 Bio: 0.9068
Epoch [221/600] Total Loss: 163.1097
Epoch [222/600] Step [0/33] Loss: 4.8075 Bio: 0.6500
Epoch [222/600] Total Loss: 165.2571
Epoch [223/600] Step [0/33] Loss: 4.9458 Bio: 1.2234
Epoch [223/600] Total Loss: 163.7311
Epoch [224/600] Step [0/33] Loss: 4.8114 Bio: 0.6871
Epoch [224/600] Total Loss: 161.2697
Epoch [225/600] Step [0/33] Loss: 4.8051 Bio: 0.7391
Epoch [225/600] Total Loss: 163.2219
Epoch [226/600] Step [0/33] Loss: 4.8978 Bio: 0.6648
Epoch [226/600] Total Loss: 164.4289
Epoch [227/600] Step [0/33] Loss: 4.8388 Bio: 0.9209
Epoch [227/600] Total Loss: 163.1205
Epoch [228/600] Step [0/33] Loss: 4.7399 Bio: 0.7069
Epoch [228/600] Total Loss: 162.3053
Epoch [229/600] Step [0/33] Loss: 5.1256 Bio: 0.6593
Epoch [229/600] Total Loss: 164.6878
Epoch [230/600] Step [0/33] Loss: 5.1082 Bio: 0.6008
Epoch [230/600] Total Loss: 163.2933
Epoch [231/600] Step [0/33] Loss: 5.0660 Bio: 0.5620
Epoch [231/600] Total Loss: 164.2641
Epoch [232/600] Step [0/33] Loss: 5.0414 Bio: 0.6058
Epoch [232/600] Total Loss: 163.7427
Epoch [233/600] Step [0/33] Loss: 4.8952 Bio: 0.7608
Epoch [233/600] Total Loss: 165.3337
Epoch [234/600] Step [0/33] Loss: 5.0933 Bio: 0.5305
Epoch [234/600] Total Loss: 163.9459
Epoch [235/600] Step [0/33] Loss: 5.1718 Bio: 0.5526
Epoch [235/600] Total Loss: 162.6163
Epoch [236/600] Step [0/33] Loss: 4.8931 Bio: 0.6563
Epoch [236/600] Total Loss: 163.4665
Epoch [237/600] Step [0/33] Loss: 5.1694 Bio: 0.5014
Epoch [237/600] Total Loss: 163.7254
Epoch [238/600] Step [0/33] Loss: 5.1107 Bio: 0.5959
Epoch [238/600] Total Loss: 161.0216
Epoch [239/600] Step [0/33] Loss: 5.1677 Bio: 0.5718
Epoch [239/600] Total Loss: 163.1718
Epoch [240/600] Step [0/33] Loss: 4.8339 Bio: 0.5965
Epoch [240/600] Total Loss: 163.4139
Epoch [241/600] Step [0/33] Loss: 5.1620 Bio: 0.6881
Epoch [241/600] Total Loss: 163.7581
Epoch [242/600] Step [0/33] Loss: 5.0328 Bio: 0.7976
Epoch [242/600] Total Loss: 165.2352
Epoch [243/600] Step [0/33] Loss: 4.6650 Bio: 0.5874
Epoch [243/600] Total Loss: 162.0124
Epoch [244/600] Step [0/33] Loss: 4.8193 Bio: 0.9958
Epoch [244/600] Total Loss: 161.4171
Epoch [245/600] Step [0/33] Loss: 5.0055 Bio: 0.6882
Epoch [245/600] Total Loss: 164.8838
Epoch [246/600] Step [0/33] Loss: 4.7914 Bio: 0.9691
Epoch [246/600] Total Loss: 163.0902
Epoch [247/600] Step [0/33] Loss: 4.9191 Bio: 0.6009
Epoch [247/600] Total Loss: 162.9321
Epoch [248/600] Step [0/33] Loss: 4.9565 Bio: 0.5913
Epoch [248/600] Total Loss: 163.0737
Epoch [249/600] Step [0/33] Loss: 4.6515 Bio: 0.6933
Epoch [249/600] Total Loss: 163.2779
Epoch [250/600] Step [0/33] Loss: 4.5911 Bio: 0.6366
Epoch [250/600] Total Loss: 162.3626
Epoch [251/600] Step [0/33] Loss: 4.5263 Bio: 0.6527
Epoch [251/600] Total Loss: 161.9661
Epoch [252/600] Step [0/33] Loss: 4.9162 Bio: 0.5750
Epoch [252/600] Total Loss: 161.1118
Epoch [253/600] Step [0/33] Loss: 4.7790 Bio: 0.7473
Epoch [253/600] Total Loss: 161.3027
Epoch [254/600] Step [0/33] Loss: 4.7636 Bio: 0.7864
Epoch [254/600] Total Loss: 163.1669
Epoch [255/600] Step [0/33] Loss: 4.9996 Bio: 0.9249
Epoch [255/600] Total Loss: 163.2659
Epoch [256/600] Step [0/33] Loss: 4.8576 Bio: 0.6310
Epoch [256/600] Total Loss: 162.5754
Epoch [257/600] Step [0/33] Loss: 4.7226 Bio: 0.5602
Epoch [257/600] Total Loss: 162.4491
Epoch [258/600] Step [0/33] Loss: 4.7745 Bio: 0.8378
Epoch [258/600] Total Loss: 163.3044
Epoch [259/600] Step [0/33] Loss: 5.2599 Bio: 0.8750
Epoch [259/600] Total Loss: 161.0035
Epoch [260/600] Step [0/33] Loss: 5.0559 Bio: 0.8850
Epoch [260/600] Total Loss: 162.6059
Epoch [261/600] Step [0/33] Loss: 4.9024 Bio: 0.5520
Epoch [261/600] Total Loss: 161.2962
Epoch [262/600] Step [0/33] Loss: 4.9130 Bio: 0.5461
Epoch [262/600] Total Loss: 161.8410
Epoch [263/600] Step [0/33] Loss: 4.9192 Bio: 1.1128
Epoch [263/600] Total Loss: 162.5709
Epoch [264/600] Step [0/33] Loss: 5.0402 Bio: 0.7319
Epoch [264/600] Total Loss: 162.6514
Epoch [265/600] Step [0/33] Loss: 5.0221 Bio: 0.5883
Epoch [265/600] Total Loss: 163.5469
Epoch [266/600] Step [0/33] Loss: 4.7617 Bio: 0.6004
Epoch [266/600] Total Loss: 162.4627
Epoch [267/600] Step [0/33] Loss: 4.8423 Bio: 0.6386
Epoch [267/600] Total Loss: 161.8533
Epoch [268/600] Step [0/33] Loss: 4.9668 Bio: 0.6398
Epoch [268/600] Total Loss: 162.2632
Epoch [269/600] Step [0/33] Loss: 4.7622 Bio: 0.5434
Epoch [269/600] Total Loss: 162.3522
Epoch [270/600] Step [0/33] Loss: 5.0016 Bio: 1.1032
Epoch [270/600] Total Loss: 162.1925
Epoch [271/600] Step [0/33] Loss: 5.4442 Bio: 0.5558
Epoch [271/600] Total Loss: 163.3552
Epoch [272/600] Step [0/33] Loss: 4.7372 Bio: 0.6707
Epoch [272/600] Total Loss: 162.5218
Epoch [273/600] Step [0/33] Loss: 5.1477 Bio: 0.9681
Epoch [273/600] Total Loss: 164.2922
Epoch [274/600] Step [0/33] Loss: 5.0318 Bio: 0.5399
Epoch [274/600] Total Loss: 163.3588
Epoch [275/600] Step [0/33] Loss: 4.9458 Bio: 0.5995
Epoch [275/600] Total Loss: 161.7526
Epoch [276/600] Step [0/33] Loss: 4.9022 Bio: 0.7106
Epoch [276/600] Total Loss: 160.2124
Epoch [277/600] Step [0/33] Loss: 4.6599 Bio: 0.6711
Epoch [277/600] Total Loss: 162.3307
Epoch [278/600] Step [0/33] Loss: 4.9620 Bio: 0.9537
Epoch [278/600] Total Loss: 161.5557
Epoch [279/600] Step [0/33] Loss: 5.4564 Bio: 1.0018
Epoch [279/600] Total Loss: 160.9970
Epoch [280/600] Step [0/33] Loss: 4.9827 Bio: 0.8240
Epoch [280/600] Total Loss: 163.0435
Epoch [281/600] Step [0/33] Loss: 4.8894 Bio: 0.8506
Epoch [281/600] Total Loss: 160.1540
Epoch [282/600] Step [0/33] Loss: 5.0379 Bio: 1.0283
Epoch [282/600] Total Loss: 163.0794
Epoch [283/600] Step [0/33] Loss: 4.8520 Bio: 0.6647
Epoch [283/600] Total Loss: 163.4069
Epoch [284/600] Step [0/33] Loss: 5.0692 Bio: 0.6404
Epoch [284/600] Total Loss: 162.9929
Epoch [285/600] Step [0/33] Loss: 4.7286 Bio: 0.7948
Epoch [285/600] Total Loss: 162.5238
Epoch [286/600] Step [0/33] Loss: 4.8550 Bio: 0.7408
Epoch [286/600] Total Loss: 162.6417
Epoch [287/600] Step [0/33] Loss: 4.9191 Bio: 0.5106
Epoch [287/600] Total Loss: 160.2537
Epoch [288/600] Step [0/33] Loss: 4.6983 Bio: 0.6197
Epoch [288/600] Total Loss: 162.1292
Epoch [289/600] Step [0/33] Loss: 5.0347 Bio: 0.4794
Epoch [289/600] Total Loss: 162.0463
Epoch [290/600] Step [0/33] Loss: 4.9052 Bio: 0.6648
Epoch [290/600] Total Loss: 162.2336
Epoch [291/600] Step [0/33] Loss: 5.0315 Bio: 1.1852
Epoch [291/600] Total Loss: 161.9221
Epoch [292/600] Step [0/33] Loss: 5.1199 Bio: 0.6473
Epoch [292/600] Total Loss: 160.6206
Epoch [293/600] Step [0/33] Loss: 4.8619 Bio: 0.6438
Epoch [293/600] Total Loss: 160.4156
Epoch [294/600] Step [0/33] Loss: 4.8470 Bio: 0.4495
Epoch [294/600] Total Loss: 162.4939
Epoch [295/600] Step [0/33] Loss: 5.0975 Bio: 0.8738
Epoch [295/600] Total Loss: 161.3915
Epoch [296/600] Step [0/33] Loss: 4.8059 Bio: 0.5278
Epoch [296/600] Total Loss: 160.8606
Epoch [297/600] Step [0/33] Loss: 4.9017 Bio: 0.6200
Epoch [297/600] Total Loss: 161.8124
Epoch [298/600] Step [0/33] Loss: 4.6661 Bio: 0.7258
Epoch [298/600] Total Loss: 161.2835
Epoch [299/600] Step [0/33] Loss: 4.9709 Bio: 0.6965
Epoch [299/600] Total Loss: 161.0913
Epoch [300/600] Step [0/33] Loss: 4.9704 Bio: 0.5331
Epoch [300/600] Total Loss: 160.9418
Epoch [301/600] Step [0/33] Loss: 5.2319 Bio: 0.6701
Epoch [301/600] Total Loss: 160.1269
Epoch [302/600] Step [0/33] Loss: 4.7513 Bio: 0.7527
Epoch [302/600] Total Loss: 162.1111
Epoch [303/600] Step [0/33] Loss: 4.8325 Bio: 0.5456
Epoch [303/600] Total Loss: 160.9565
Epoch [304/600] Step [0/33] Loss: 4.9090 Bio: 0.7914
Epoch [304/600] Total Loss: 160.3981
Epoch [305/600] Step [0/33] Loss: 4.7009 Bio: 0.7687
Epoch [305/600] Total Loss: 159.7065
Epoch [306/600] Step [0/33] Loss: 4.6331 Bio: 0.8074
Epoch [306/600] Total Loss: 160.0248
Epoch [307/600] Step [0/33] Loss: 4.9706 Bio: 0.7836
Epoch [307/600] Total Loss: 159.8797
Epoch [308/600] Step [0/33] Loss: 4.9286 Bio: 0.4511
Epoch [308/600] Total Loss: 161.8029
Epoch [309/600] Step [0/33] Loss: 4.8367 Bio: 0.6805
Epoch [309/600] Total Loss: 160.6306
Epoch [310/600] Step [0/33] Loss: 4.8802 Bio: 0.6131
Epoch [310/600] Total Loss: 161.9167
Epoch [311/600] Step [0/33] Loss: 5.1481 Bio: 0.5031
Epoch [311/600] Total Loss: 160.8403
Epoch [312/600] Step [0/33] Loss: 5.0516 Bio: 1.1164
Epoch [312/600] Total Loss: 160.3603
Epoch [313/600] Step [0/33] Loss: 4.8863 Bio: 0.9100
Epoch [313/600] Total Loss: 161.4291
Epoch [314/600] Step [0/33] Loss: 4.9475 Bio: 0.8536
Epoch [314/600] Total Loss: 159.1576
Epoch [315/600] Step [0/33] Loss: 5.0925 Bio: 0.5980
Epoch [315/600] Total Loss: 160.6445
Epoch [316/600] Step [0/33] Loss: 4.9555 Bio: 0.7354
Epoch [316/600] Total Loss: 159.2299
Epoch [317/600] Step [0/33] Loss: 5.1279 Bio: 0.5127
Epoch [317/600] Total Loss: 160.3843
Epoch [318/600] Step [0/33] Loss: 5.0334 Bio: 0.5431
Epoch [318/600] Total Loss: 161.1405
Epoch [319/600] Step [0/33] Loss: 4.7195 Bio: 0.6221
Epoch [319/600] Total Loss: 160.3344
Epoch [320/600] Step [0/33] Loss: 4.9117 Bio: 0.8334
Epoch [320/600] Total Loss: 161.6712
Epoch [321/600] Step [0/33] Loss: 4.8979 Bio: 0.6847
Epoch [321/600] Total Loss: 161.3492
Epoch [322/600] Step [0/33] Loss: 4.8149 Bio: 0.4993
Epoch [322/600] Total Loss: 159.6138
Epoch [323/600] Step [0/33] Loss: 4.9867 Bio: 1.1219
Epoch [323/600] Total Loss: 161.7546
Epoch [324/600] Step [0/33] Loss: 4.9179 Bio: 0.8340
Epoch [324/600] Total Loss: 161.7146
Epoch [325/600] Step [0/33] Loss: 4.4766 Bio: 0.5817
Epoch [325/600] Total Loss: 160.3330
Epoch [326/600] Step [0/33] Loss: 5.1859 Bio: 0.6931
Epoch [326/600] Total Loss: 160.4521
Epoch [327/600] Step [0/33] Loss: 4.5740 Bio: 0.7017
Epoch [327/600] Total Loss: 161.1589
Epoch [328/600] Step [0/33] Loss: 4.9527 Bio: 0.4981
Epoch [328/600] Total Loss: 161.2136
Epoch [329/600] Step [0/33] Loss: 4.7573 Bio: 0.5951
Epoch [329/600] Total Loss: 160.3784
Epoch [330/600] Step [0/33] Loss: 4.9495 Bio: 0.6576
Epoch [330/600] Total Loss: 161.2026
Epoch [331/600] Step [0/33] Loss: 5.1515 Bio: 0.6431
Epoch [331/600] Total Loss: 162.1852
Epoch [332/600] Step [0/33] Loss: 4.6281 Bio: 0.6173
Epoch [332/600] Total Loss: 160.9020
Epoch [333/600] Step [0/33] Loss: 4.7390 Bio: 0.6693
Epoch [333/600] Total Loss: 161.6781
Epoch [334/600] Step [0/33] Loss: 5.0651 Bio: 0.5366
Epoch [334/600] Total Loss: 160.8122
Epoch [335/600] Step [0/33] Loss: 4.4590 Bio: 0.6028
Epoch [335/600] Total Loss: 160.1150
Epoch [336/600] Step [0/33] Loss: 4.8517 Bio: 0.7213
Epoch [336/600] Total Loss: 160.7632
Epoch [337/600] Step [0/33] Loss: 5.1785 Bio: 1.1248
Epoch [337/600] Total Loss: 160.8483
Epoch [338/600] Step [0/33] Loss: 5.2271 Bio: 0.7135
Epoch [338/600] Total Loss: 161.8132
Epoch [339/600] Step [0/33] Loss: 5.0397 Bio: 0.9864
Epoch [339/600] Total Loss: 161.0741
Epoch [340/600] Step [0/33] Loss: 4.9522 Bio: 0.5761
Epoch [340/600] Total Loss: 160.5663
Epoch [341/600] Step [0/33] Loss: 5.0274 Bio: 0.6157
Epoch [341/600] Total Loss: 162.0475
Epoch [342/600] Step [0/33] Loss: 4.6572 Bio: 0.5343
Epoch [342/600] Total Loss: 159.9377
Epoch [343/600] Step [0/33] Loss: 4.9284 Bio: 0.5378
Epoch [343/600] Total Loss: 161.4702
Epoch [344/600] Step [0/33] Loss: 4.8639 Bio: 0.7234
Epoch [344/600] Total Loss: 158.4995
Epoch [345/600] Step [0/33] Loss: 4.9550 Bio: 0.8835
Epoch [345/600] Total Loss: 158.7889
Epoch [346/600] Step [0/33] Loss: 4.8130 Bio: 0.5778
Epoch [346/600] Total Loss: 159.7752
Epoch [347/600] Step [0/33] Loss: 4.5740 Bio: 0.5659
Epoch [347/600] Total Loss: 160.2063
Epoch [348/600] Step [0/33] Loss: 4.4601 Bio: 0.6050
Epoch [348/600] Total Loss: 159.5399
Epoch [349/600] Step [0/33] Loss: 5.0414 Bio: 0.7970
Epoch [349/600] Total Loss: 159.1923
Epoch [350/600] Step [0/33] Loss: 5.1040 Bio: 0.5773
Epoch [350/600] Total Loss: 160.0093
Epoch [351/600] Step [0/33] Loss: 4.7412 Bio: 0.5833
Epoch [351/600] Total Loss: 158.7276
Epoch [352/600] Step [0/33] Loss: 5.0489 Bio: 0.6988
Epoch [352/600] Total Loss: 161.3612
Epoch [353/600] Step [0/33] Loss: 4.9840 Bio: 0.5163
Epoch [353/600] Total Loss: 161.5656
Epoch [354/600] Step [0/33] Loss: 5.4211 Bio: 0.6253
Epoch [354/600] Total Loss: 160.8208
Epoch [355/600] Step [0/33] Loss: 5.3288 Bio: 0.6238
Epoch [355/600] Total Loss: 161.6042
Epoch [356/600] Step [0/33] Loss: 4.9817 Bio: 0.7988
Epoch [356/600] Total Loss: 158.6240
Epoch [357/600] Step [0/33] Loss: 4.7453 Bio: 0.5889
Epoch [357/600] Total Loss: 159.4855
Epoch [358/600] Step [0/33] Loss: 4.8956 Bio: 0.7098
Epoch [358/600] Total Loss: 159.5200
Epoch [359/600] Step [0/33] Loss: 4.8478 Bio: 0.8851
Epoch [359/600] Total Loss: 159.6030
Epoch [360/600] Step [0/33] Loss: 4.5687 Bio: 0.8510
Epoch [360/600] Total Loss: 160.0153
Epoch [361/600] Step [0/33] Loss: 4.6222 Bio: 0.6449
Epoch [361/600] Total Loss: 159.0356
Epoch [362/600] Step [0/33] Loss: 4.9526 Bio: 0.8169
Epoch [362/600] Total Loss: 159.5087
Epoch [363/600] Step [0/33] Loss: 4.7484 Bio: 0.5351
Epoch [363/600] Total Loss: 160.6858
Epoch [364/600] Step [0/33] Loss: 4.9526 Bio: 0.6269
Epoch [364/600] Total Loss: 158.7662
Epoch [365/600] Step [0/33] Loss: 5.0500 Bio: 0.7773
Epoch [365/600] Total Loss: 160.6815
Epoch [366/600] Step [0/33] Loss: 4.7568 Bio: 0.6629
Epoch [366/600] Total Loss: 161.1262
Epoch [367/600] Step [0/33] Loss: 5.0643 Bio: 0.5839
Epoch [367/600] Total Loss: 159.0852
Epoch [368/600] Step [0/33] Loss: 5.0353 Bio: 0.8479
Epoch [368/600] Total Loss: 159.1496
Epoch [369/600] Step [0/33] Loss: 5.0487 Bio: 0.5939
Epoch [369/600] Total Loss: 159.5873
Epoch [370/600] Step [0/33] Loss: 4.9121 Bio: 0.5421
Epoch [370/600] Total Loss: 161.3004
Epoch [371/600] Step [0/33] Loss: 4.8228 Bio: 0.5611
Epoch [371/600] Total Loss: 158.0466
Epoch [372/600] Step [0/33] Loss: 4.8963 Bio: 0.6485
Epoch [372/600] Total Loss: 158.1996
Epoch [373/600] Step [0/33] Loss: 4.7613 Bio: 0.9110
Epoch [373/600] Total Loss: 159.9750
Epoch [374/600] Step [0/33] Loss: 4.8009 Bio: 0.4864
Epoch [374/600] Total Loss: 158.1992
Epoch [375/600] Step [0/33] Loss: 5.0485 Bio: 0.8025
Epoch [375/600] Total Loss: 160.4332
Epoch [376/600] Step [0/33] Loss: 4.5983 Bio: 0.6512
Epoch [376/600] Total Loss: 159.7438
Epoch [377/600] Step [0/33] Loss: 4.9803 Bio: 0.4719
Epoch [377/600] Total Loss: 160.3142
Epoch [378/600] Step [0/33] Loss: 4.9561 Bio: 0.6502
Epoch [378/600] Total Loss: 160.2147
Epoch [379/600] Step [0/33] Loss: 4.8736 Bio: 0.5972
Epoch [379/600] Total Loss: 159.2163
Epoch [380/600] Step [0/33] Loss: 4.6948 Bio: 0.5746
Epoch [380/600] Total Loss: 158.1374
Epoch [381/600] Step [0/33] Loss: 5.1297 Bio: 1.1496
Epoch [381/600] Total Loss: 161.6256
Epoch [382/600] Step [0/33] Loss: 4.9051 Bio: 0.4962
Epoch [382/600] Total Loss: 158.4894
Epoch [383/600] Step [0/33] Loss: 4.9131 Bio: 0.6467
Epoch [383/600] Total Loss: 158.2113
Epoch [384/600] Step [0/33] Loss: 4.7639 Bio: 0.8628
Epoch [384/600] Total Loss: 159.5988
Epoch [385/600] Step [0/33] Loss: 4.8723 Bio: 0.7884
Epoch [385/600] Total Loss: 161.0500
Epoch [386/600] Step [0/33] Loss: 4.7606 Bio: 0.6715
Epoch [386/600] Total Loss: 160.7851
Epoch [387/600] Step [0/33] Loss: 5.3652 Bio: 0.5408
Epoch [387/600] Total Loss: 159.5324
Epoch [388/600] Step [0/33] Loss: 4.8027 Bio: 0.5029
Epoch [388/600] Total Loss: 159.2513
Epoch [389/600] Step [0/33] Loss: 4.8340 Bio: 0.5966
Epoch [389/600] Total Loss: 159.7872
Epoch [390/600] Step [0/33] Loss: 5.3229 Bio: 0.5864
Epoch [390/600] Total Loss: 160.3491
Epoch [391/600] Step [0/33] Loss: 5.1217 Bio: 0.8407
Epoch [391/600] Total Loss: 160.1440
Epoch [392/600] Step [0/33] Loss: 4.8912 Bio: 0.7009
Epoch [392/600] Total Loss: 161.2725
Epoch [393/600] Step [0/33] Loss: 4.9051 Bio: 0.6922
Epoch [393/600] Total Loss: 158.9197
Epoch [394/600] Step [0/33] Loss: 5.0400 Bio: 0.6381
Epoch [394/600] Total Loss: 160.7516
Epoch [395/600] Step [0/33] Loss: 4.6003 Bio: 0.6395
Epoch [395/600] Total Loss: 159.7578
Epoch [396/600] Step [0/33] Loss: 4.7874 Bio: 0.5847
Epoch [396/600] Total Loss: 157.9714
Epoch [397/600] Step [0/33] Loss: 4.4748 Bio: 0.5580
Epoch [397/600] Total Loss: 158.4371
Epoch [398/600] Step [0/33] Loss: 5.0181 Bio: 0.5585
Epoch [398/600] Total Loss: 159.7518
Epoch [399/600] Step [0/33] Loss: 4.8138 Bio: 0.7776
Epoch [399/600] Total Loss: 158.8662
Epoch [400/600] Step [0/33] Loss: 4.9963 Bio: 0.7723
Epoch [400/600] Total Loss: 160.0881
Epoch [401/600] Step [0/33] Loss: 4.9455 Bio: 0.5882
Epoch [401/600] Total Loss: 159.2293
Epoch [402/600] Step [0/33] Loss: 4.9289 Bio: 0.6791
Epoch [402/600] Total Loss: 159.3915
Epoch [403/600] Step [0/33] Loss: 4.9397 Bio: 0.8456
Epoch [403/600] Total Loss: 158.6575
Epoch [404/600] Step [0/33] Loss: 4.5881 Bio: 0.5474
Epoch [404/600] Total Loss: 159.3783
Epoch [405/600] Step [0/33] Loss: 4.8150 Bio: 0.7448
Epoch [405/600] Total Loss: 158.8207
Epoch [406/600] Step [0/33] Loss: 5.0018 Bio: 0.5071
Epoch [406/600] Total Loss: 161.3336
Epoch [407/600] Step [0/33] Loss: 4.8608 Bio: 0.5684
Epoch [407/600] Total Loss: 158.8546
Epoch [408/600] Step [0/33] Loss: 4.7031 Bio: 0.6908
Epoch [408/600] Total Loss: 160.2687
Epoch [409/600] Step [0/33] Loss: 4.8634 Bio: 0.4817
Epoch [409/600] Total Loss: 158.5220
Epoch [410/600] Step [0/33] Loss: 4.6659 Bio: 0.9112
Epoch [410/600] Total Loss: 160.8142
Epoch [411/600] Step [0/33] Loss: 4.9306 Bio: 0.5320
Epoch [411/600] Total Loss: 158.3239
Epoch [412/600] Step [0/33] Loss: 4.8583 Bio: 0.5113
Epoch [412/600] Total Loss: 159.8628
Epoch [413/600] Step [0/33] Loss: 4.8922 Bio: 0.6346
Epoch [413/600] Total Loss: 157.6152
Epoch [414/600] Step [0/33] Loss: 4.9887 Bio: 0.6986
Epoch [414/600] Total Loss: 159.2402
Epoch [415/600] Step [0/33] Loss: 5.3414 Bio: 0.6926
Epoch [415/600] Total Loss: 159.3980
Epoch [416/600] Step [0/33] Loss: 4.7999 Bio: 0.5718
Epoch [416/600] Total Loss: 159.0434
Epoch [417/600] Step [0/33] Loss: 5.1152 Bio: 0.5329
Epoch [417/600] Total Loss: 159.1587
Epoch [418/600] Step [0/33] Loss: 4.6648 Bio: 0.5382
Epoch [418/600] Total Loss: 158.3527
Epoch [419/600] Step [0/33] Loss: 4.9629 Bio: 0.6350
Epoch [419/600] Total Loss: 158.4577
Epoch [420/600] Step [0/33] Loss: 4.8014 Bio: 0.5962
Epoch [420/600] Total Loss: 158.7279
Epoch [421/600] Step [0/33] Loss: 4.7527 Bio: 0.6708
Epoch [421/600] Total Loss: 157.2265
Epoch [422/600] Step [0/33] Loss: 4.8042 Bio: 0.7862
Epoch [422/600] Total Loss: 156.0865
Epoch [423/600] Step [0/33] Loss: 4.9021 Bio: 0.9235
Epoch [423/600] Total Loss: 158.4662
Epoch [424/600] Step [0/33] Loss: 4.7688 Bio: 0.5177
Epoch [424/600] Total Loss: 158.2634
Epoch [425/600] Step [0/33] Loss: 5.1182 Bio: 0.7238
Epoch [425/600] Total Loss: 160.6698
Epoch [426/600] Step [0/33] Loss: 4.6656 Bio: 0.6858
Epoch [426/600] Total Loss: 161.4831
Epoch [427/600] Step [0/33] Loss: 5.0844 Bio: 0.8124
Epoch [427/600] Total Loss: 159.8850
Epoch [428/600] Step [0/33] Loss: 4.9391 Bio: 0.5662
Epoch [428/600] Total Loss: 160.2218
Epoch [429/600] Step [0/33] Loss: 4.9580 Bio: 0.7026
Epoch [429/600] Total Loss: 159.4944
Epoch [430/600] Step [0/33] Loss: 4.8067 Bio: 0.7317
Epoch [430/600] Total Loss: 161.5427
Epoch [431/600] Step [0/33] Loss: 4.7311 Bio: 0.5779
Epoch [431/600] Total Loss: 157.8676
Epoch [432/600] Step [0/33] Loss: 4.7526 Bio: 0.5859
Epoch [432/600] Total Loss: 158.7014
Epoch [433/600] Step [0/33] Loss: 4.5711 Bio: 0.8213
Epoch [433/600] Total Loss: 158.6586
Epoch [434/600] Step [0/33] Loss: 5.3321 Bio: 0.6154
Epoch [434/600] Total Loss: 158.6910
Epoch [435/600] Step [0/33] Loss: 4.8758 Bio: 0.5974
Epoch [435/600] Total Loss: 160.1631
Epoch [436/600] Step [0/33] Loss: 4.7754 Bio: 0.6057
Epoch [436/600] Total Loss: 157.3477
Epoch [437/600] Step [0/33] Loss: 4.8570 Bio: 0.5956
Epoch [437/600] Total Loss: 157.5821
Epoch [438/600] Step [0/33] Loss: 5.1160 Bio: 0.7087
Epoch [438/600] Total Loss: 156.5883
Epoch [439/600] Step [0/33] Loss: 5.2318 Bio: 0.6051
Epoch [439/600] Total Loss: 159.8956
Epoch [440/600] Step [0/33] Loss: 4.7692 Bio: 0.7953
Epoch [440/600] Total Loss: 157.3564
Epoch [441/600] Step [0/33] Loss: 4.6593 Bio: 0.6218
Epoch [441/600] Total Loss: 158.3731
Epoch [442/600] Step [0/33] Loss: 4.8836 Bio: 0.7234
Epoch [442/600] Total Loss: 159.0765
Epoch [443/600] Step [0/33] Loss: 4.6270 Bio: 0.5907
Epoch [443/600] Total Loss: 158.7391
Epoch [444/600] Step [0/33] Loss: 4.9030 Bio: 0.5124
Epoch [444/600] Total Loss: 158.9502
Epoch [445/600] Step [0/33] Loss: 4.6397 Bio: 0.5815
Epoch [445/600] Total Loss: 160.2867
Epoch [446/600] Step [0/33] Loss: 4.8851 Bio: 0.6569
Epoch [446/600] Total Loss: 159.6415
Epoch [447/600] Step [0/33] Loss: 4.6100 Bio: 0.6407
Epoch [447/600] Total Loss: 158.4498
Epoch [448/600] Step [0/33] Loss: 4.7755 Bio: 0.5306
Epoch [448/600] Total Loss: 158.2571
Epoch [449/600] Step [0/33] Loss: 5.1070 Bio: 0.6107
Epoch [449/600] Total Loss: 159.4208
Epoch [450/600] Step [0/33] Loss: 5.0940 Bio: 0.9318
Epoch [450/600] Total Loss: 158.0970
Epoch [451/600] Step [0/33] Loss: 4.8949 Bio: 0.6481
Epoch [451/600] Total Loss: 159.5557
Epoch [452/600] Step [0/33] Loss: 5.1342 Bio: 0.6067
Epoch [452/600] Total Loss: 158.7895
Epoch [453/600] Step [0/33] Loss: 4.9431 Bio: 0.7499
Epoch [453/600] Total Loss: 158.9849
Epoch [454/600] Step [0/33] Loss: 4.7844 Bio: 0.4975
Epoch [454/600] Total Loss: 158.1736
Epoch [455/600] Step [0/33] Loss: 4.5843 Bio: 0.6392
Epoch [455/600] Total Loss: 159.2261
Epoch [456/600] Step [0/33] Loss: 5.0126 Bio: 0.5233
Epoch [456/600] Total Loss: 158.8305
Epoch [457/600] Step [0/33] Loss: 4.6687 Bio: 0.8722
Epoch [457/600] Total Loss: 157.8595
Epoch [458/600] Step [0/33] Loss: 4.7283 Bio: 0.9465
Epoch [458/600] Total Loss: 156.9611
Epoch [459/600] Step [0/33] Loss: 4.8708 Bio: 0.8846
Epoch [459/600] Total Loss: 157.9971
Epoch [460/600] Step [0/33] Loss: 4.9859 Bio: 0.5423
Epoch [460/600] Total Loss: 159.0707
Epoch [461/600] Step [0/33] Loss: 4.8418 Bio: 0.6173
Epoch [461/600] Total Loss: 158.7686
Epoch [462/600] Step [0/33] Loss: 4.8160 Bio: 0.6040
Epoch [462/600] Total Loss: 156.5346
Epoch [463/600] Step [0/33] Loss: 4.9297 Bio: 0.5896
Epoch [463/600] Total Loss: 158.1405
Epoch [464/600] Step [0/33] Loss: 4.6675 Bio: 0.6343
Epoch [464/600] Total Loss: 159.9731
Epoch [465/600] Step [0/33] Loss: 5.0813 Bio: 0.6086
Epoch [465/600] Total Loss: 157.0802
Epoch [466/600] Step [0/33] Loss: 4.8491 Bio: 0.6065
Epoch [466/600] Total Loss: 157.4297
Epoch [467/600] Step [0/33] Loss: 4.8798 Bio: 0.5503
Epoch [467/600] Total Loss: 157.9449
Epoch [468/600] Step [0/33] Loss: 4.6812 Bio: 0.5643
Epoch [468/600] Total Loss: 158.3414
Epoch [469/600] Step [0/33] Loss: 4.5596 Bio: 0.6654
Epoch [469/600] Total Loss: 156.8989
Epoch [470/600] Step [0/33] Loss: 4.7734 Bio: 0.7749
Epoch [470/600] Total Loss: 158.0410
Epoch [471/600] Step [0/33] Loss: 5.0598 Bio: 0.5239
Epoch [471/600] Total Loss: 158.2613
Epoch [472/600] Step [0/33] Loss: 4.7659 Bio: 0.5802
Epoch [472/600] Total Loss: 158.2242
Epoch [473/600] Step [0/33] Loss: 4.9164 Bio: 0.5713
Epoch [473/600] Total Loss: 156.8920
Epoch [474/600] Step [0/33] Loss: 4.8351 Bio: 0.8036
Epoch [474/600] Total Loss: 158.7446
Epoch [475/600] Step [0/33] Loss: 4.7724 Bio: 0.5499
Epoch [475/600] Total Loss: 157.5140
Epoch [476/600] Step [0/33] Loss: 5.1937 Bio: 1.0877
Epoch [476/600] Total Loss: 158.7460
Epoch [477/600] Step [0/33] Loss: 4.9690 Bio: 0.8792
Epoch [477/600] Total Loss: 158.8559
Epoch [478/600] Step [0/33] Loss: 4.7522 Bio: 0.6284
Epoch [478/600] Total Loss: 156.0440
Epoch [479/600] Step [0/33] Loss: 5.2013 Bio: 0.8250
Epoch [479/600] Total Loss: 157.2448
Epoch [480/600] Step [0/33] Loss: 4.7935 Bio: 0.6113
Epoch [480/600] Total Loss: 156.5988
Epoch [481/600] Step [0/33] Loss: 4.5993 Bio: 0.4509
Epoch [481/600] Total Loss: 157.3728
Epoch [482/600] Step [0/33] Loss: 4.8035 Bio: 0.5425
Epoch [482/600] Total Loss: 157.2466
Epoch [483/600] Step [0/33] Loss: 4.8975 Bio: 0.4758
Epoch [483/600] Total Loss: 158.1850
Epoch [484/600] Step [0/33] Loss: 5.3144 Bio: 0.5469
Epoch [484/600] Total Loss: 157.8030
Epoch [485/600] Step [0/33] Loss: 4.9531 Bio: 0.5956
Epoch [485/600] Total Loss: 159.6117
Epoch [486/600] Step [0/33] Loss: 4.9073 Bio: 0.8916
Epoch [486/600] Total Loss: 157.7679
Epoch [487/600] Step [0/33] Loss: 5.1536 Bio: 0.5359
Epoch [487/600] Total Loss: 160.0652
Epoch [488/600] Step [0/33] Loss: 5.1412 Bio: 0.5714
Epoch [488/600] Total Loss: 159.1103
Epoch [489/600] Step [0/33] Loss: 5.1701 Bio: 0.5807
Epoch [489/600] Total Loss: 156.8280
Epoch [490/600] Step [0/33] Loss: 4.8433 Bio: 0.6359
Epoch [490/600] Total Loss: 157.9378
Epoch [491/600] Step [0/33] Loss: 4.7382 Bio: 0.6205
Epoch [491/600] Total Loss: 159.4621
Epoch [492/600] Step [0/33] Loss: 4.9544 Bio: 0.5722
Epoch [492/600] Total Loss: 159.6049
Epoch [493/600] Step [0/33] Loss: 4.8015 Bio: 0.8928
Epoch [493/600] Total Loss: 158.7122
Epoch [494/600] Step [0/33] Loss: 4.8706 Bio: 0.6003
Epoch [494/600] Total Loss: 157.1595
Epoch [495/600] Step [0/33] Loss: 4.9141 Bio: 0.5939
Epoch [495/600] Total Loss: 157.4527
Epoch [496/600] Step [0/33] Loss: 4.6159 Bio: 0.5938
Epoch [496/600] Total Loss: 159.7591
Epoch [497/600] Step [0/33] Loss: 5.1680 Bio: 0.6043
Epoch [497/600] Total Loss: 159.8095
Epoch [498/600] Step [0/33] Loss: 4.9154 Bio: 0.5900
Epoch [498/600] Total Loss: 157.6904
Epoch [499/600] Step [0/33] Loss: 4.9061 Bio: 0.7681
Epoch [499/600] Total Loss: 157.4338
Epoch [500/600] Step [0/33] Loss: 4.6017 Bio: 0.7434
Epoch [500/600] Total Loss: 158.7105
Epoch [501/600] Step [0/33] Loss: 4.7929 Bio: 0.6071
Epoch [501/600] Total Loss: 158.5006
Epoch [502/600] Step [0/33] Loss: 4.9077 Bio: 0.5301
Epoch [502/600] Total Loss: 156.2318
Epoch [503/600] Step [0/33] Loss: 4.9365 Bio: 0.7504
Epoch [503/600] Total Loss: 158.6551
Epoch [504/600] Step [0/33] Loss: 5.0704 Bio: 0.6521
Epoch [504/600] Total Loss: 158.1441
Epoch [505/600] Step [0/33] Loss: 4.7001 Bio: 0.7410
Epoch [505/600] Total Loss: 157.0658
Epoch [506/600] Step [0/33] Loss: 4.9808 Bio: 0.4469
Epoch [506/600] Total Loss: 157.2642
Epoch [507/600] Step [0/33] Loss: 4.5506 Bio: 1.0659
Epoch [507/600] Total Loss: 157.2438
Epoch [508/600] Step [0/33] Loss: 4.9461 Bio: 0.6067
Epoch [508/600] Total Loss: 157.5317
Epoch [509/600] Step [0/33] Loss: 4.6605 Bio: 0.6145
Epoch [509/600] Total Loss: 156.8096
Epoch [510/600] Step [0/33] Loss: 4.5723 Bio: 0.5960
Epoch [510/600] Total Loss: 157.4125
Epoch [511/600] Step [0/33] Loss: 4.6888 Bio: 0.6362
Epoch [511/600] Total Loss: 156.1891
Epoch [512/600] Step [0/33] Loss: 4.9250 Bio: 0.6255
Epoch [512/600] Total Loss: 156.3666
Epoch [513/600] Step [0/33] Loss: 4.9133 Bio: 0.8707
Epoch [513/600] Total Loss: 155.8866
Epoch [514/600] Step [0/33] Loss: 4.8534 Bio: 0.5699
Epoch [514/600] Total Loss: 157.7531
Epoch [515/600] Step [0/33] Loss: 4.9953 Bio: 0.6784
Epoch [515/600] Total Loss: 156.1811
Epoch [516/600] Step [0/33] Loss: 4.7596 Bio: 0.6365
Epoch [516/600] Total Loss: 156.9764
Epoch [517/600] Step [0/33] Loss: 4.8046 Bio: 0.5876
Epoch [517/600] Total Loss: 158.0584
Epoch [518/600] Step [0/33] Loss: 4.9753 Bio: 0.6993
Epoch [518/600] Total Loss: 156.4886
Epoch [519/600] Step [0/33] Loss: 4.8569 Bio: 0.5984
Epoch [519/600] Total Loss: 157.5235
Epoch [520/600] Step [0/33] Loss: 4.8739 Bio: 0.5335
Epoch [520/600] Total Loss: 156.6019
Epoch [521/600] Step [0/33] Loss: 4.7286 Bio: 0.6168
Epoch [521/600] Total Loss: 157.9242
Epoch [522/600] Step [0/33] Loss: 4.8162 Bio: 0.7639
Epoch [522/600] Total Loss: 159.1465
Epoch [523/600] Step [0/33] Loss: 4.7019 Bio: 0.8257
Epoch [523/600] Total Loss: 157.8032
Epoch [524/600] Step [0/33] Loss: 4.6926 Bio: 0.7645
Epoch [524/600] Total Loss: 156.5569
Epoch [525/600] Step [0/33] Loss: 5.3189 Bio: 1.2354
Epoch [525/600] Total Loss: 158.1577
Epoch [526/600] Step [0/33] Loss: 4.8461 Bio: 0.7894
Epoch [526/600] Total Loss: 157.2623
Epoch [527/600] Step [0/33] Loss: 4.7398 Bio: 0.5011
Epoch [527/600] Total Loss: 156.4499
Epoch [528/600] Step [0/33] Loss: 4.9568 Bio: 0.6828
Epoch [528/600] Total Loss: 157.4747
Epoch [529/600] Step [0/33] Loss: 4.7816 Bio: 0.5734
Epoch [529/600] Total Loss: 157.3090
Epoch [530/600] Step [0/33] Loss: 4.4944 Bio: 0.5090
Epoch [530/600] Total Loss: 159.1068
Epoch [531/600] Step [0/33] Loss: 5.0057 Bio: 0.7140
Epoch [531/600] Total Loss: 157.9960
Epoch [532/600] Step [0/33] Loss: 5.0506 Bio: 0.4667
Epoch [532/600] Total Loss: 157.7049
Epoch [533/600] Step [0/33] Loss: 4.7453 Bio: 0.6848
Epoch [533/600] Total Loss: 157.1025
Epoch [534/600] Step [0/33] Loss: 4.8356 Bio: 0.5425
Epoch [534/600] Total Loss: 156.8636
Epoch [535/600] Step [0/33] Loss: 4.8597 Bio: 0.5661
Epoch [535/600] Total Loss: 157.7823
Epoch [536/600] Step [0/33] Loss: 4.7712 Bio: 0.8483
Epoch [536/600] Total Loss: 157.5015
Epoch [537/600] Step [0/33] Loss: 4.7841 Bio: 0.5448
Epoch [537/600] Total Loss: 155.7934
Epoch [538/600] Step [0/33] Loss: 4.6221 Bio: 0.7047
Epoch [538/600] Total Loss: 155.0867
Epoch [539/600] Step [0/33] Loss: 4.7492 Bio: 0.5289
Epoch [539/600] Total Loss: 157.5535
Epoch [540/600] Step [0/33] Loss: 4.8320 Bio: 0.6495
Epoch [540/600] Total Loss: 157.8074
Epoch [541/600] Step [0/33] Loss: 4.3465 Bio: 0.6755
Epoch [541/600] Total Loss: 157.1203
Epoch [542/600] Step [0/33] Loss: 5.1525 Bio: 0.9243
Epoch [542/600] Total Loss: 158.2088
Epoch [543/600] Step [0/33] Loss: 4.6135 Bio: 0.6585
Epoch [543/600] Total Loss: 158.5271
Epoch [544/600] Step [0/33] Loss: 4.8118 Bio: 0.6035
Epoch [544/600] Total Loss: 159.1265
Epoch [545/600] Step [0/33] Loss: 4.6548 Bio: 0.5368
Epoch [545/600] Total Loss: 158.3342
Epoch [546/600] Step [0/33] Loss: 4.9776 Bio: 0.5635
Epoch [546/600] Total Loss: 157.2511
Epoch [547/600] Step [0/33] Loss: 4.8291 Bio: 0.5434
Epoch [547/600] Total Loss: 157.5624
Epoch [548/600] Step [0/33] Loss: 4.8011 Bio: 0.7651
Epoch [548/600] Total Loss: 159.1338
Epoch [549/600] Step [0/33] Loss: 4.7411 Bio: 0.8302
Epoch [549/600] Total Loss: 157.2386
Epoch [550/600] Step [0/33] Loss: 4.5713 Bio: 0.5611
Epoch [550/600] Total Loss: 158.6715
Epoch [551/600] Step [0/33] Loss: 4.8229 Bio: 0.4456
Epoch [551/600] Total Loss: 159.5427
Epoch [552/600] Step [0/33] Loss: 4.8832 Bio: 0.7309
Epoch [552/600] Total Loss: 158.1086
Epoch [553/600] Step [0/33] Loss: 4.7775 Bio: 0.9950
Epoch [553/600] Total Loss: 159.3455
Epoch [554/600] Step [0/33] Loss: 4.8066 Bio: 0.7211
Epoch [554/600] Total Loss: 157.7042
Epoch [555/600] Step [0/33] Loss: 4.7925 Bio: 0.6892
Epoch [555/600] Total Loss: 157.3350
Epoch [556/600] Step [0/33] Loss: 4.6515 Bio: 0.5600
Epoch [556/600] Total Loss: 158.0307
Epoch [557/600] Step [0/33] Loss: 4.5245 Bio: 0.7626
Epoch [557/600] Total Loss: 156.7942
Epoch [558/600] Step [0/33] Loss: 4.5928 Bio: 0.5490
Epoch [558/600] Total Loss: 156.6319
Epoch [559/600] Step [0/33] Loss: 4.8631 Bio: 0.6411
Epoch [559/600] Total Loss: 158.3257
Epoch [560/600] Step [0/33] Loss: 4.8003 Bio: 0.5046
Epoch [560/600] Total Loss: 158.4650
Epoch [561/600] Step [0/33] Loss: 4.9611 Bio: 0.5502
Epoch [561/600] Total Loss: 157.9778
Epoch [562/600] Step [0/33] Loss: 4.8294 Bio: 1.0312
Epoch [562/600] Total Loss: 157.2338
Epoch [563/600] Step [0/33] Loss: 4.6077 Bio: 0.6929
Epoch [563/600] Total Loss: 156.9837
Epoch [564/600] Step [0/33] Loss: 4.6527 Bio: 0.6308
Epoch [564/600] Total Loss: 156.3964
Epoch [565/600] Step [0/33] Loss: 4.7732 Bio: 0.5801
Epoch [565/600] Total Loss: 158.3752
Epoch [566/600] Step [0/33] Loss: 4.7626 Bio: 0.4763
Epoch [566/600] Total Loss: 157.3718
Epoch [567/600] Step [0/33] Loss: 4.8743 Bio: 0.5637
Epoch [567/600] Total Loss: 158.0711
Epoch [568/600] Step [0/33] Loss: 4.8183 Bio: 0.5415
Epoch [568/600] Total Loss: 157.3648
Epoch [569/600] Step [0/33] Loss: 4.6598 Bio: 0.8917
Epoch [569/600] Total Loss: 155.0770
Epoch [570/600] Step [0/33] Loss: 4.5046 Bio: 0.5243
Epoch [570/600] Total Loss: 157.0918
Epoch [571/600] Step [0/33] Loss: 4.9944 Bio: 0.5197
Epoch [571/600] Total Loss: 158.2830
Epoch [572/600] Step [0/33] Loss: 4.9751 Bio: 0.5698
Epoch [572/600] Total Loss: 156.0235
Epoch [573/600] Step [0/33] Loss: 4.7426 Bio: 0.8751
Epoch [573/600] Total Loss: 155.7144
Epoch [574/600] Step [0/33] Loss: 4.7305 Bio: 0.8032
Epoch [574/600] Total Loss: 157.6621
Epoch [575/600] Step [0/33] Loss: 4.9138 Bio: 0.6589
Epoch [575/600] Total Loss: 159.2092
Epoch [576/600] Step [0/33] Loss: 5.1217 Bio: 0.6157
Epoch [576/600] Total Loss: 156.8616
Epoch [577/600] Step [0/33] Loss: 4.7322 Bio: 0.6498
Epoch [577/600] Total Loss: 157.2353
Epoch [578/600] Step [0/33] Loss: 4.7060 Bio: 0.5878
Epoch [578/600] Total Loss: 158.9096
Epoch [579/600] Step [0/33] Loss: 4.8031 Bio: 0.4615
Epoch [579/600] Total Loss: 158.4443
Epoch [580/600] Step [0/33] Loss: 5.0097 Bio: 0.4538
Epoch [580/600] Total Loss: 157.5158
Epoch [581/600] Step [0/33] Loss: 4.5534 Bio: 0.6640
Epoch [581/600] Total Loss: 156.5533
Epoch [582/600] Step [0/33] Loss: 4.5825 Bio: 0.5364
Epoch [582/600] Total Loss: 155.5797
Epoch [583/600] Step [0/33] Loss: 5.0728 Bio: 1.1780
Epoch [583/600] Total Loss: 155.7690
Epoch [584/600] Step [0/33] Loss: 4.8678 Bio: 0.7021
Epoch [584/600] Total Loss: 157.3648
Epoch [585/600] Step [0/33] Loss: 4.8066 Bio: 0.7872
Epoch [585/600] Total Loss: 156.4578
Epoch [586/600] Step [0/33] Loss: 4.7489 Bio: 0.6180
Epoch [586/600] Total Loss: 157.4009
Epoch [587/600] Step [0/33] Loss: 4.7122 Bio: 0.6884
Epoch [587/600] Total Loss: 157.4449
Epoch [588/600] Step [0/33] Loss: 4.7572 Bio: 0.4710
Epoch [588/600] Total Loss: 158.3223
Epoch [589/600] Step [0/33] Loss: 5.1576 Bio: 0.9114
Epoch [589/600] Total Loss: 157.2054
Epoch [590/600] Step [0/33] Loss: 4.7314 Bio: 0.5485
Epoch [590/600] Total Loss: 157.6048
Epoch [591/600] Step [0/33] Loss: 4.4548 Bio: 0.5142
Epoch [591/600] Total Loss: 157.9851
Epoch [592/600] Step [0/33] Loss: 4.6114 Bio: 0.6933
Epoch [592/600] Total Loss: 155.4579
Epoch [593/600] Step [0/33] Loss: 4.5680 Bio: 0.7783
Epoch [593/600] Total Loss: 157.8047
Epoch [594/600] Step [0/33] Loss: 4.8848 Bio: 0.7674
Epoch [594/600] Total Loss: 158.1989
Epoch [595/600] Step [0/33] Loss: 4.9395 Bio: 0.7853
Epoch [595/600] Total Loss: 154.8931
Epoch [596/600] Step [0/33] Loss: 4.6905 Bio: 0.8334
Epoch [596/600] Total Loss: 158.5683
Epoch [597/600] Step [0/33] Loss: 4.8460 Bio: 0.5948
Epoch [597/600] Total Loss: 157.6393
Epoch [598/600] Step [0/33] Loss: 4.8633 Bio: 0.6335
Epoch [598/600] Total Loss: 156.4224
Epoch [599/600] Step [0/33] Loss: 4.6606 Bio: 0.6102
Epoch [599/600] Total Loss: 157.3158
Scenario 1 training complete.
Training completed at: Tue Feb 24 15:36:35 EST 2026
============================================================
CLUSTERING EVALUATION
============================================================
✅ Loaded ground truth from ground_truth_BRCA.csv
   Total patients with labels: 803

📂 Loading model from save/model_bioanchor_scenario1_600ep/checkpoint_600.tar...
✅ Model loaded successfully

📊 Loading data for BRCA...
[dataloader] No bio_anchor_file specified — loading omics only
✅ Data loaded successfully

🔮 Getting predictions...
✅ Predictions obtained: 1031 samples

🔍 Filtering to patients with ground truth...
   Patients with both predictions and ground truth: 803
   Final evaluation size: 803 patients

📈 Computing metrics...

============================================================
RESULTS
============================================================
ARI                 : 0.2674
NMI                 : 0.4399
V-measure           : 0.4399
============================================================

📊 Creating visualizations...
Saved confusion matrix to results/BRCA_confusion_matrix.png
Saved distribution plot to results/BRCA_cluster_distribution.png
Computing t-SNE (this may take a minute)...
Saved t-SNE plot to results/BRCA_tsne.png

💾 Saved results to results/BRCA_evaluation.csv

✅ Evaluation complete!
=== Scenario 1 Complete ===
Job finished at: Tue Feb 24 15:37:06 EST 2026
