=== Scenario 1: Direct Linear Bio-Anchor Head ===
Job started at: Tue Feb 24 01:26:32 EST 2026
Running on node: hpc-m35-6-2.local
Job ID: 11712671
Scenario 1: Direct Linear Head
Cancer: BRCA | bio_dim: 6 | lambda_bio: 0.1
Bio anchor file: bio_anchors_BRCA_6dim.csv
[dataloader] Loaded bio-anchors from bio_anchors_BRCA_6dim.csv: torch.Size([1031, 6])
Cluster number: 5
Epoch [0/600] Step [0/33] Loss: 6.4318 Bio: 1.0674
Epoch [0/600] Total Loss: 209.9780
Epoch [1/600] Step [0/33] Loss: 6.4107 Bio: 0.9378
Epoch [1/600] Total Loss: 207.6244
Epoch [2/600] Step [0/33] Loss: 6.0125 Bio: 0.7947
Epoch [2/600] Total Loss: 200.5003
Epoch [3/600] Step [0/33] Loss: 6.3551 Bio: 0.8048
Epoch [3/600] Total Loss: 198.4557
Epoch [4/600] Step [0/33] Loss: 5.9448 Bio: 0.7820
Epoch [4/600] Total Loss: 197.8638
Epoch [5/600] Step [0/33] Loss: 6.0670 Bio: 0.9869
Epoch [5/600] Total Loss: 195.7714
Epoch [6/600] Step [0/33] Loss: 5.8770 Bio: 0.7445
Epoch [6/600] Total Loss: 191.9878
Epoch [7/600] Step [0/33] Loss: 6.1548 Bio: 1.0418
Epoch [7/600] Total Loss: 192.5500
Epoch [8/600] Step [0/33] Loss: 5.8029 Bio: 0.7400
Epoch [8/600] Total Loss: 192.6459
Epoch [9/600] Step [0/33] Loss: 5.6814 Bio: 0.7755
Epoch [9/600] Total Loss: 189.1709
Epoch [10/600] Step [0/33] Loss: 5.7179 Bio: 0.7783
Epoch [10/600] Total Loss: 190.9827
Epoch [11/600] Step [0/33] Loss: 5.6208 Bio: 0.6763
Epoch [11/600] Total Loss: 189.0003
Epoch [12/600] Step [0/33] Loss: 5.8402 Bio: 0.5795
Epoch [12/600] Total Loss: 190.0840
Epoch [13/600] Step [0/33] Loss: 5.5190 Bio: 1.1012
Epoch [13/600] Total Loss: 187.5985
Epoch [14/600] Step [0/33] Loss: 5.7835 Bio: 0.6201
Epoch [14/600] Total Loss: 187.4104
Epoch [15/600] Step [0/33] Loss: 5.5769 Bio: 0.6206
Epoch [15/600] Total Loss: 187.7895
Epoch [16/600] Step [0/33] Loss: 5.8775 Bio: 0.6630
Epoch [16/600] Total Loss: 186.5227
Epoch [17/600] Step [0/33] Loss: 5.8187 Bio: 0.6715
Epoch [17/600] Total Loss: 187.1114
Epoch [18/600] Step [0/33] Loss: 5.5225 Bio: 0.6510
Epoch [18/600] Total Loss: 185.7550
Epoch [19/600] Step [0/33] Loss: 5.6186 Bio: 0.8776
Epoch [19/600] Total Loss: 186.2730
Epoch [20/600] Step [0/33] Loss: 5.7952 Bio: 0.5939
Epoch [20/600] Total Loss: 184.8478
Epoch [21/600] Step [0/33] Loss: 5.8261 Bio: 0.6327
Epoch [21/600] Total Loss: 183.1759
Epoch [22/600] Step [0/33] Loss: 5.4761 Bio: 0.6696
Epoch [22/600] Total Loss: 185.7978
Epoch [23/600] Step [0/33] Loss: 5.4264 Bio: 0.5685
Epoch [23/600] Total Loss: 182.4305
Epoch [24/600] Step [0/33] Loss: 5.5099 Bio: 0.6253
Epoch [24/600] Total Loss: 184.1556
Epoch [25/600] Step [0/33] Loss: 5.6290 Bio: 0.9997
Epoch [25/600] Total Loss: 182.3284
Epoch [26/600] Step [0/33] Loss: 5.5407 Bio: 0.6479
Epoch [26/600] Total Loss: 185.2793
Epoch [27/600] Step [0/33] Loss: 5.2946 Bio: 0.6645
Epoch [27/600] Total Loss: 184.5874
Epoch [28/600] Step [0/33] Loss: 5.8356 Bio: 0.6949
Epoch [28/600] Total Loss: 181.8523
Epoch [29/600] Step [0/33] Loss: 5.6101 Bio: 0.7150
Epoch [29/600] Total Loss: 181.3555
Epoch [30/600] Step [0/33] Loss: 5.5080 Bio: 0.7331
Epoch [30/600] Total Loss: 181.4351
Epoch [31/600] Step [0/33] Loss: 5.2753 Bio: 0.6121
Epoch [31/600] Total Loss: 180.1196
Epoch [32/600] Step [0/33] Loss: 5.4597 Bio: 0.7356
Epoch [32/600] Total Loss: 180.5055
Epoch [33/600] Step [0/33] Loss: 5.3873 Bio: 0.6641
Epoch [33/600] Total Loss: 180.4889
Epoch [34/600] Step [0/33] Loss: 5.1769 Bio: 0.6165
Epoch [34/600] Total Loss: 181.0071
Epoch [35/600] Step [0/33] Loss: 5.6873 Bio: 0.6243
Epoch [35/600] Total Loss: 180.2165
Epoch [36/600] Step [0/33] Loss: 5.4711 Bio: 0.6812
Epoch [36/600] Total Loss: 180.3275
Epoch [37/600] Step [0/33] Loss: 5.7162 Bio: 1.0130
Epoch [37/600] Total Loss: 180.2072
Epoch [38/600] Step [0/33] Loss: 5.6300 Bio: 0.7511
Epoch [38/600] Total Loss: 180.9512
Epoch [39/600] Step [0/33] Loss: 5.6159 Bio: 0.6169
Epoch [39/600] Total Loss: 179.7984
Epoch [40/600] Step [0/33] Loss: 5.2545 Bio: 0.6492
Epoch [40/600] Total Loss: 179.2633
Epoch [41/600] Step [0/33] Loss: 5.2784 Bio: 0.7181
Epoch [41/600] Total Loss: 178.2090
Epoch [42/600] Step [0/33] Loss: 5.1580 Bio: 0.6366
Epoch [42/600] Total Loss: 179.2030
Epoch [43/600] Step [0/33] Loss: 5.4864 Bio: 0.6408
Epoch [43/600] Total Loss: 177.0760
Epoch [44/600] Step [0/33] Loss: 5.3805 Bio: 0.7345
Epoch [44/600] Total Loss: 174.9455
Epoch [45/600] Step [0/33] Loss: 5.4456 Bio: 0.4815
Epoch [45/600] Total Loss: 176.2217
Epoch [46/600] Step [0/33] Loss: 5.3072 Bio: 0.5538
Epoch [46/600] Total Loss: 176.0517
Epoch [47/600] Step [0/33] Loss: 5.2925 Bio: 0.7451
Epoch [47/600] Total Loss: 173.7738
Epoch [48/600] Step [0/33] Loss: 5.3128 Bio: 0.6343
Epoch [48/600] Total Loss: 174.1913
Epoch [49/600] Step [0/33] Loss: 5.0323 Bio: 0.5974
Epoch [49/600] Total Loss: 173.5387
Epoch [50/600] Step [0/33] Loss: 5.4477 Bio: 0.6003
Epoch [50/600] Total Loss: 176.2354
Epoch [51/600] Step [0/33] Loss: 5.4160 Bio: 0.9006
Epoch [51/600] Total Loss: 174.9600
Epoch [52/600] Step [0/33] Loss: 5.3317 Bio: 0.5890
Epoch [52/600] Total Loss: 174.0122
Epoch [53/600] Step [0/33] Loss: 5.3899 Bio: 0.6605
Epoch [53/600] Total Loss: 174.0129
Epoch [54/600] Step [0/33] Loss: 5.1757 Bio: 0.6810
Epoch [54/600] Total Loss: 174.3139
Epoch [55/600] Step [0/33] Loss: 5.2320 Bio: 0.6140
Epoch [55/600] Total Loss: 174.1950
Epoch [56/600] Step [0/33] Loss: 5.3220 Bio: 0.6313
Epoch [56/600] Total Loss: 173.3500
Epoch [57/600] Step [0/33] Loss: 5.4615 Bio: 0.5489
Epoch [57/600] Total Loss: 174.2532
Epoch [58/600] Step [0/33] Loss: 5.3703 Bio: 0.6990
Epoch [58/600] Total Loss: 172.0387
Epoch [59/600] Step [0/33] Loss: 5.4633 Bio: 0.5958
Epoch [59/600] Total Loss: 170.5419
Epoch [60/600] Step [0/33] Loss: 4.8208 Bio: 0.5574
Epoch [60/600] Total Loss: 172.3383
Epoch [61/600] Step [0/33] Loss: 5.1663 Bio: 1.0364
Epoch [61/600] Total Loss: 173.6123
Epoch [62/600] Step [0/33] Loss: 5.2117 Bio: 0.7476
Epoch [62/600] Total Loss: 172.7192
Epoch [63/600] Step [0/33] Loss: 5.3542 Bio: 0.6560
Epoch [63/600] Total Loss: 171.7471
Epoch [64/600] Step [0/33] Loss: 5.1491 Bio: 0.8589
Epoch [64/600] Total Loss: 171.1199
Epoch [65/600] Step [0/33] Loss: 5.0208 Bio: 0.6701
Epoch [65/600] Total Loss: 172.4668
Epoch [66/600] Step [0/33] Loss: 5.2408 Bio: 0.6059
Epoch [66/600] Total Loss: 171.7646
Epoch [67/600] Step [0/33] Loss: 5.2126 Bio: 0.6040
Epoch [67/600] Total Loss: 170.8948
Epoch [68/600] Step [0/33] Loss: 5.2592 Bio: 0.7197
Epoch [68/600] Total Loss: 172.1050
Epoch [69/600] Step [0/33] Loss: 5.1136 Bio: 0.5917
Epoch [69/600] Total Loss: 172.2745
Epoch [70/600] Step [0/33] Loss: 5.0266 Bio: 0.5867
Epoch [70/600] Total Loss: 172.1717
Epoch [71/600] Step [0/33] Loss: 5.1581 Bio: 0.5854
Epoch [71/600] Total Loss: 169.1422
Epoch [72/600] Step [0/33] Loss: 5.4345 Bio: 0.6556
Epoch [72/600] Total Loss: 170.9679
Epoch [73/600] Step [0/33] Loss: 5.3647 Bio: 0.6748
Epoch [73/600] Total Loss: 171.0563
Epoch [74/600] Step [0/33] Loss: 5.2456 Bio: 0.5642
Epoch [74/600] Total Loss: 171.2542
Epoch [75/600] Step [0/33] Loss: 5.0973 Bio: 0.5815
Epoch [75/600] Total Loss: 169.6288
Epoch [76/600] Step [0/33] Loss: 4.9082 Bio: 0.7608
Epoch [76/600] Total Loss: 167.8418
Epoch [77/600] Step [0/33] Loss: 5.2849 Bio: 0.6559
Epoch [77/600] Total Loss: 169.0870
Epoch [78/600] Step [0/33] Loss: 5.1862 Bio: 1.2276
Epoch [78/600] Total Loss: 170.5112
Epoch [79/600] Step [0/33] Loss: 5.0505 Bio: 0.5969
Epoch [79/600] Total Loss: 168.9928
Epoch [80/600] Step [0/33] Loss: 5.1673 Bio: 0.6778
Epoch [80/600] Total Loss: 171.8596
Epoch [81/600] Step [0/33] Loss: 5.3592 Bio: 0.5733
Epoch [81/600] Total Loss: 167.4585
Epoch [82/600] Step [0/33] Loss: 5.8686 Bio: 0.5763
Epoch [82/600] Total Loss: 170.0049
Epoch [83/600] Step [0/33] Loss: 5.4708 Bio: 0.6788
Epoch [83/600] Total Loss: 170.3685
Epoch [84/600] Step [0/33] Loss: 5.5719 Bio: 0.6020
Epoch [84/600] Total Loss: 169.5780
Epoch [85/600] Step [0/33] Loss: 5.2188 Bio: 0.5510
Epoch [85/600] Total Loss: 168.8260
Epoch [86/600] Step [0/33] Loss: 4.9287 Bio: 0.6727
Epoch [86/600] Total Loss: 167.6156
Epoch [87/600] Step [0/33] Loss: 5.1623 Bio: 0.6237
Epoch [87/600] Total Loss: 167.7919
Epoch [88/600] Step [0/33] Loss: 5.1660 Bio: 0.7281
Epoch [88/600] Total Loss: 169.5233
Epoch [89/600] Step [0/33] Loss: 5.0676 Bio: 0.7347
Epoch [89/600] Total Loss: 170.2276
Epoch [90/600] Step [0/33] Loss: 5.1313 Bio: 0.6654
Epoch [90/600] Total Loss: 169.8159
Epoch [91/600] Step [0/33] Loss: 5.0044 Bio: 0.5775
Epoch [91/600] Total Loss: 168.2249
Epoch [92/600] Step [0/33] Loss: 5.0696 Bio: 0.5572
Epoch [92/600] Total Loss: 169.0674
Epoch [93/600] Step [0/33] Loss: 5.0628 Bio: 0.7574
Epoch [93/600] Total Loss: 166.4057
Epoch [94/600] Step [0/33] Loss: 4.9812 Bio: 0.6436
Epoch [94/600] Total Loss: 168.0888
Epoch [95/600] Step [0/33] Loss: 5.2158 Bio: 0.6647
Epoch [95/600] Total Loss: 168.7372
Epoch [96/600] Step [0/33] Loss: 4.9938 Bio: 0.5812
Epoch [96/600] Total Loss: 169.0092
Epoch [97/600] Step [0/33] Loss: 5.0267 Bio: 0.6056
Epoch [97/600] Total Loss: 165.2832
Epoch [98/600] Step [0/33] Loss: 5.1305 Bio: 0.5351
Epoch [98/600] Total Loss: 167.5803
Epoch [99/600] Step [0/33] Loss: 4.9353 Bio: 0.5907
Epoch [99/600] Total Loss: 167.0465
Epoch [100/600] Step [0/33] Loss: 5.0878 Bio: 0.6715
Epoch [100/600] Total Loss: 167.8348
Epoch [101/600] Step [0/33] Loss: 5.3961 Bio: 0.5684
Epoch [101/600] Total Loss: 168.4849
Epoch [102/600] Step [0/33] Loss: 5.3762 Bio: 0.5793
Epoch [102/600] Total Loss: 165.4161
Epoch [103/600] Step [0/33] Loss: 4.7809 Bio: 0.5498
Epoch [103/600] Total Loss: 165.4759
Epoch [104/600] Step [0/33] Loss: 5.0382 Bio: 0.6098
Epoch [104/600] Total Loss: 167.0478
Epoch [105/600] Step [0/33] Loss: 4.7880 Bio: 0.6218
Epoch [105/600] Total Loss: 168.1224
Epoch [106/600] Step [0/33] Loss: 5.4012 Bio: 0.6181
Epoch [106/600] Total Loss: 169.6949
Epoch [107/600] Step [0/33] Loss: 5.0287 Bio: 0.6412
Epoch [107/600] Total Loss: 166.7684
Epoch [108/600] Step [0/33] Loss: 5.1200 Bio: 0.7995
Epoch [108/600] Total Loss: 168.4483
Epoch [109/600] Step [0/33] Loss: 5.1544 Bio: 0.6274
Epoch [109/600] Total Loss: 167.0400
Epoch [110/600] Step [0/33] Loss: 4.8755 Bio: 0.5810
Epoch [110/600] Total Loss: 164.5173
Epoch [111/600] Step [0/33] Loss: 4.9629 Bio: 0.5392
Epoch [111/600] Total Loss: 167.4678
Epoch [112/600] Step [0/33] Loss: 5.1383 Bio: 0.5468
Epoch [112/600] Total Loss: 166.7172
Epoch [113/600] Step [0/33] Loss: 4.9719 Bio: 0.7152
Epoch [113/600] Total Loss: 166.1588
Epoch [114/600] Step [0/33] Loss: 5.0771 Bio: 0.6633
Epoch [114/600] Total Loss: 166.1834
Epoch [115/600] Step [0/33] Loss: 4.8926 Bio: 0.6707
Epoch [115/600] Total Loss: 165.1434
Epoch [116/600] Step [0/33] Loss: 5.1364 Bio: 0.5818
Epoch [116/600] Total Loss: 164.8957
Epoch [117/600] Step [0/33] Loss: 5.1798 Bio: 0.4708
Epoch [117/600] Total Loss: 166.4497
Epoch [118/600] Step [0/33] Loss: 4.7421 Bio: 0.7660
Epoch [118/600] Total Loss: 167.8417
Epoch [119/600] Step [0/33] Loss: 5.0652 Bio: 0.6711
Epoch [119/600] Total Loss: 167.5980
Epoch [120/600] Step [0/33] Loss: 4.8144 Bio: 0.6696
Epoch [120/600] Total Loss: 166.6334
Epoch [121/600] Step [0/33] Loss: 4.7557 Bio: 0.6105
Epoch [121/600] Total Loss: 166.0852
Epoch [122/600] Step [0/33] Loss: 4.7778 Bio: 0.6924
Epoch [122/600] Total Loss: 165.6581
Epoch [123/600] Step [0/33] Loss: 5.1128 Bio: 0.5917
Epoch [123/600] Total Loss: 165.1572
Epoch [124/600] Step [0/33] Loss: 4.9978 Bio: 0.6274
Epoch [124/600] Total Loss: 165.9927
Epoch [125/600] Step [0/33] Loss: 5.0106 Bio: 1.0652
Epoch [125/600] Total Loss: 166.6739
Epoch [126/600] Step [0/33] Loss: 4.8001 Bio: 0.5353
Epoch [126/600] Total Loss: 164.8456
Epoch [127/600] Step [0/33] Loss: 5.1648 Bio: 0.5487
Epoch [127/600] Total Loss: 165.3214
Epoch [128/600] Step [0/33] Loss: 5.2161 Bio: 0.6630
Epoch [128/600] Total Loss: 165.0089
Epoch [129/600] Step [0/33] Loss: 4.9302 Bio: 0.6042
Epoch [129/600] Total Loss: 166.0017
Epoch [130/600] Step [0/33] Loss: 5.0925 Bio: 0.5502
Epoch [130/600] Total Loss: 165.3829
Epoch [131/600] Step [0/33] Loss: 5.0965 Bio: 0.5083
Epoch [131/600] Total Loss: 164.3707
Epoch [132/600] Step [0/33] Loss: 4.7195 Bio: 0.8389
Epoch [132/600] Total Loss: 165.7759
Epoch [133/600] Step [0/33] Loss: 5.2142 Bio: 0.5288
Epoch [133/600] Total Loss: 164.9732
Epoch [134/600] Step [0/33] Loss: 4.9814 Bio: 0.5784
Epoch [134/600] Total Loss: 166.7022
Epoch [135/600] Step [0/33] Loss: 5.0215 Bio: 0.6221
Epoch [135/600] Total Loss: 166.4406
Epoch [136/600] Step [0/33] Loss: 5.1450 Bio: 0.7450
Epoch [136/600] Total Loss: 165.0362
Epoch [137/600] Step [0/33] Loss: 4.9346 Bio: 0.6489
Epoch [137/600] Total Loss: 165.7094
Epoch [138/600] Step [0/33] Loss: 5.3223 Bio: 0.5749
Epoch [138/600] Total Loss: 165.1184
Epoch [139/600] Step [0/33] Loss: 4.8506 Bio: 0.5769
Epoch [139/600] Total Loss: 166.2843
Epoch [140/600] Step [0/33] Loss: 5.1782 Bio: 0.6076
Epoch [140/600] Total Loss: 167.1788
Epoch [141/600] Step [0/33] Loss: 5.1594 Bio: 0.6080
Epoch [141/600] Total Loss: 165.9076
Epoch [142/600] Step [0/33] Loss: 4.7260 Bio: 0.6000
Epoch [142/600] Total Loss: 165.2641
Epoch [143/600] Step [0/33] Loss: 4.7832 Bio: 0.4356
Epoch [143/600] Total Loss: 164.1575
Epoch [144/600] Step [0/33] Loss: 5.0197 Bio: 0.7488
Epoch [144/600] Total Loss: 166.6292
Epoch [145/600] Step [0/33] Loss: 5.0623 Bio: 0.6409
Epoch [145/600] Total Loss: 164.0189
Epoch [146/600] Step [0/33] Loss: 5.0105 Bio: 0.7505
Epoch [146/600] Total Loss: 165.3881
Epoch [147/600] Step [0/33] Loss: 5.4404 Bio: 0.7707
Epoch [147/600] Total Loss: 164.8562
Epoch [148/600] Step [0/33] Loss: 4.8004 Bio: 0.6064
Epoch [148/600] Total Loss: 165.1254
Epoch [149/600] Step [0/33] Loss: 5.1355 Bio: 0.6948
Epoch [149/600] Total Loss: 164.9811
Epoch [150/600] Step [0/33] Loss: 5.2261 Bio: 0.4679
Epoch [150/600] Total Loss: 165.6391
Epoch [151/600] Step [0/33] Loss: 4.8767 Bio: 0.5463
Epoch [151/600] Total Loss: 163.0625
Epoch [152/600] Step [0/33] Loss: 4.8219 Bio: 0.6314
Epoch [152/600] Total Loss: 164.2179
Epoch [153/600] Step [0/33] Loss: 5.0777 Bio: 0.5693
Epoch [153/600] Total Loss: 165.9584
Epoch [154/600] Step [0/33] Loss: 5.2173 Bio: 0.5339
Epoch [154/600] Total Loss: 165.9924
Epoch [155/600] Step [0/33] Loss: 5.2503 Bio: 0.5820
Epoch [155/600] Total Loss: 165.3211
Epoch [156/600] Step [0/33] Loss: 5.0753 Bio: 0.6130
Epoch [156/600] Total Loss: 164.8925
Epoch [157/600] Step [0/33] Loss: 5.1379 Bio: 0.6618
Epoch [157/600] Total Loss: 164.9814
Epoch [158/600] Step [0/33] Loss: 4.9647 Bio: 0.5719
Epoch [158/600] Total Loss: 164.8946
Epoch [159/600] Step [0/33] Loss: 4.8387 Bio: 0.6758
Epoch [159/600] Total Loss: 165.2313
Epoch [160/600] Step [0/33] Loss: 4.5404 Bio: 0.6176
Epoch [160/600] Total Loss: 164.7239
Epoch [161/600] Step [0/33] Loss: 4.7942 Bio: 0.5248
Epoch [161/600] Total Loss: 163.8050
Epoch [162/600] Step [0/33] Loss: 4.9966 Bio: 0.5333
Epoch [162/600] Total Loss: 165.0454
Epoch [163/600] Step [0/33] Loss: 4.9895 Bio: 0.5866
Epoch [163/600] Total Loss: 164.3816
Epoch [164/600] Step [0/33] Loss: 5.2768 Bio: 0.6919
Epoch [164/600] Total Loss: 167.3985
Epoch [165/600] Step [0/33] Loss: 4.9188 Bio: 0.6407
Epoch [165/600] Total Loss: 164.4910
Epoch [166/600] Step [0/33] Loss: 4.8011 Bio: 0.4625
Epoch [166/600] Total Loss: 164.2811
Epoch [167/600] Step [0/33] Loss: 5.4193 Bio: 0.6213
Epoch [167/600] Total Loss: 165.8076
Epoch [168/600] Step [0/33] Loss: 4.6201 Bio: 0.5630
Epoch [168/600] Total Loss: 163.2409
Epoch [169/600] Step [0/33] Loss: 5.4027 Bio: 0.4896
Epoch [169/600] Total Loss: 164.5221
Epoch [170/600] Step [0/33] Loss: 5.0360 Bio: 0.6147
Epoch [170/600] Total Loss: 162.8763
Epoch [171/600] Step [0/33] Loss: 4.7027 Bio: 0.7078
Epoch [171/600] Total Loss: 162.4943
Epoch [172/600] Step [0/33] Loss: 4.9925 Bio: 0.6192
Epoch [172/600] Total Loss: 165.5514
Epoch [173/600] Step [0/33] Loss: 5.1859 Bio: 0.8035
Epoch [173/600] Total Loss: 164.3762
Epoch [174/600] Step [0/33] Loss: 4.9606 Bio: 0.5370
Epoch [174/600] Total Loss: 165.8541
Epoch [175/600] Step [0/33] Loss: 5.1298 Bio: 0.9613
Epoch [175/600] Total Loss: 162.9489
Epoch [176/600] Step [0/33] Loss: 5.1453 Bio: 0.6187
Epoch [176/600] Total Loss: 164.3381
Epoch [177/600] Step [0/33] Loss: 4.8801 Bio: 0.5654
Epoch [177/600] Total Loss: 165.8359
Epoch [178/600] Step [0/33] Loss: 5.0348 Bio: 0.5438
Epoch [178/600] Total Loss: 163.5348
Epoch [179/600] Step [0/33] Loss: 4.9432 Bio: 0.6331
Epoch [179/600] Total Loss: 166.6498
Epoch [180/600] Step [0/33] Loss: 5.1818 Bio: 0.5840
Epoch [180/600] Total Loss: 163.7485
Epoch [181/600] Step [0/33] Loss: 4.6488 Bio: 0.4920
Epoch [181/600] Total Loss: 162.4899
Epoch [182/600] Step [0/33] Loss: 4.7236 Bio: 0.6835
Epoch [182/600] Total Loss: 163.9309
Epoch [183/600] Step [0/33] Loss: 5.0068 Bio: 0.7041
Epoch [183/600] Total Loss: 163.9709
Epoch [184/600] Step [0/33] Loss: 4.8702 Bio: 0.6012
Epoch [184/600] Total Loss: 162.8158
Epoch [185/600] Step [0/33] Loss: 4.9831 Bio: 0.5594
Epoch [185/600] Total Loss: 164.1007
Epoch [186/600] Step [0/33] Loss: 4.9206 Bio: 0.6011
Epoch [186/600] Total Loss: 163.3228
Epoch [187/600] Step [0/33] Loss: 5.2182 Bio: 0.6354
Epoch [187/600] Total Loss: 163.3770
Epoch [188/600] Step [0/33] Loss: 5.2204 Bio: 0.6340
Epoch [188/600] Total Loss: 163.5955
Epoch [189/600] Step [0/33] Loss: 5.4889 Bio: 0.5107
Epoch [189/600] Total Loss: 162.6613
Epoch [190/600] Step [0/33] Loss: 5.2534 Bio: 0.9420
Epoch [190/600] Total Loss: 164.0783
Epoch [191/600] Step [0/33] Loss: 5.4352 Bio: 0.6553
Epoch [191/600] Total Loss: 163.2870
Epoch [192/600] Step [0/33] Loss: 4.9364 Bio: 0.8765
Epoch [192/600] Total Loss: 162.9894
Epoch [193/600] Step [0/33] Loss: 4.9363 Bio: 0.6151
Epoch [193/600] Total Loss: 164.8263
Epoch [194/600] Step [0/33] Loss: 5.1027 Bio: 0.6023
Epoch [194/600] Total Loss: 163.4387
Epoch [195/600] Step [0/33] Loss: 4.9057 Bio: 0.6505
Epoch [195/600] Total Loss: 165.3292
Epoch [196/600] Step [0/33] Loss: 4.8361 Bio: 0.4941
Epoch [196/600] Total Loss: 162.4030
Epoch [197/600] Step [0/33] Loss: 4.8104 Bio: 0.5466
Epoch [197/600] Total Loss: 162.0429
Epoch [198/600] Step [0/33] Loss: 4.9756 Bio: 0.5623
Epoch [198/600] Total Loss: 163.4943
Epoch [199/600] Step [0/33] Loss: 4.8219 Bio: 0.6260
Epoch [199/600] Total Loss: 164.7759
Epoch [200/600] Step [0/33] Loss: 4.9236 Bio: 0.5646
Epoch [200/600] Total Loss: 163.7622
Epoch [201/600] Step [0/33] Loss: 5.1250 Bio: 0.6807
Epoch [201/600] Total Loss: 164.2283
Epoch [202/600] Step [0/33] Loss: 4.9839 Bio: 0.6737
Epoch [202/600] Total Loss: 163.2980
Epoch [203/600] Step [0/33] Loss: 4.9384 Bio: 0.5940
Epoch [203/600] Total Loss: 162.5246
Epoch [204/600] Step [0/33] Loss: 4.6439 Bio: 0.5822
Epoch [204/600] Total Loss: 162.8768
Epoch [205/600] Step [0/33] Loss: 4.5712 Bio: 0.5859
Epoch [205/600] Total Loss: 161.4967
Epoch [206/600] Step [0/33] Loss: 4.9209 Bio: 0.6053
Epoch [206/600] Total Loss: 164.5730
Epoch [207/600] Step [0/33] Loss: 5.1343 Bio: 0.6064
Epoch [207/600] Total Loss: 163.0645
Epoch [208/600] Step [0/33] Loss: 5.2786 Bio: 0.6343
Epoch [208/600] Total Loss: 164.0853
Epoch [209/600] Step [0/33] Loss: 4.6908 Bio: 0.5082
Epoch [209/600] Total Loss: 164.8041
Epoch [210/600] Step [0/33] Loss: 5.0410 Bio: 0.6515
Epoch [210/600] Total Loss: 162.9727
Epoch [211/600] Step [0/33] Loss: 5.1497 Bio: 0.6264
Epoch [211/600] Total Loss: 164.0852
Epoch [212/600] Step [0/33] Loss: 4.9265 Bio: 0.5965
Epoch [212/600] Total Loss: 163.8618
Epoch [213/600] Step [0/33] Loss: 5.1861 Bio: 0.7059
Epoch [213/600] Total Loss: 164.5563
Epoch [214/600] Step [0/33] Loss: 4.8771 Bio: 0.5499
Epoch [214/600] Total Loss: 162.4376
Epoch [215/600] Step [0/33] Loss: 5.2326 Bio: 0.7841
Epoch [215/600] Total Loss: 162.6748
Epoch [216/600] Step [0/33] Loss: 5.1056 Bio: 0.6317
Epoch [216/600] Total Loss: 162.4201
Epoch [217/600] Step [0/33] Loss: 5.0237 Bio: 0.4942
Epoch [217/600] Total Loss: 164.1399
Epoch [218/600] Step [0/33] Loss: 4.6835 Bio: 0.5193
Epoch [218/600] Total Loss: 165.2894
Epoch [219/600] Step [0/33] Loss: 5.0333 Bio: 0.5909
Epoch [219/600] Total Loss: 162.9294
Epoch [220/600] Step [0/33] Loss: 5.3118 Bio: 0.6359
Epoch [220/600] Total Loss: 163.0461
Epoch [221/600] Step [0/33] Loss: 4.9839 Bio: 0.6590
Epoch [221/600] Total Loss: 161.9185
Epoch [222/600] Step [0/33] Loss: 4.8836 Bio: 0.5438
Epoch [222/600] Total Loss: 164.4373
Epoch [223/600] Step [0/33] Loss: 4.8849 Bio: 0.9027
Epoch [223/600] Total Loss: 163.6984
Epoch [224/600] Step [0/33] Loss: 4.8918 Bio: 0.6657
Epoch [224/600] Total Loss: 160.9057
Epoch [225/600] Step [0/33] Loss: 4.8167 Bio: 0.6780
Epoch [225/600] Total Loss: 163.3550
Epoch [226/600] Step [0/33] Loss: 4.9528 Bio: 0.5231
Epoch [226/600] Total Loss: 163.2319
Epoch [227/600] Step [0/33] Loss: 4.8145 Bio: 0.9057
Epoch [227/600] Total Loss: 163.1019
Epoch [228/600] Step [0/33] Loss: 4.8725 Bio: 0.5985
Epoch [228/600] Total Loss: 161.9936
Epoch [229/600] Step [0/33] Loss: 5.0978 Bio: 0.6516
Epoch [229/600] Total Loss: 163.8936
Epoch [230/600] Step [0/33] Loss: 5.0567 Bio: 0.5279
Epoch [230/600] Total Loss: 162.6561
Epoch [231/600] Step [0/33] Loss: 4.9742 Bio: 0.4780
Epoch [231/600] Total Loss: 163.2159
Epoch [232/600] Step [0/33] Loss: 5.0216 Bio: 0.6019
Epoch [232/600] Total Loss: 162.7307
Epoch [233/600] Step [0/33] Loss: 4.8680 Bio: 0.5448
Epoch [233/600] Total Loss: 164.4354
Epoch [234/600] Step [0/33] Loss: 4.9866 Bio: 0.5024
Epoch [234/600] Total Loss: 164.2052
Epoch [235/600] Step [0/33] Loss: 5.1226 Bio: 0.4816
Epoch [235/600] Total Loss: 162.2242
Epoch [236/600] Step [0/33] Loss: 4.9019 Bio: 0.5971
Epoch [236/600] Total Loss: 163.1091
Epoch [237/600] Step [0/33] Loss: 5.0991 Bio: 0.4805
Epoch [237/600] Total Loss: 163.1369
Epoch [238/600] Step [0/33] Loss: 5.0277 Bio: 0.5760
Epoch [238/600] Total Loss: 161.2605
Epoch [239/600] Step [0/33] Loss: 5.0837 Bio: 0.5406
Epoch [239/600] Total Loss: 161.9389
Epoch [240/600] Step [0/33] Loss: 4.8656 Bio: 0.5350
Epoch [240/600] Total Loss: 162.8889
Epoch [241/600] Step [0/33] Loss: 5.0853 Bio: 0.5595
Epoch [241/600] Total Loss: 162.7176
Epoch [242/600] Step [0/33] Loss: 4.8683 Bio: 0.5210
Epoch [242/600] Total Loss: 163.2596
Epoch [243/600] Step [0/33] Loss: 4.6870 Bio: 0.5634
Epoch [243/600] Total Loss: 161.0622
Epoch [244/600] Step [0/33] Loss: 4.8233 Bio: 0.8057
Epoch [244/600] Total Loss: 160.4222
Epoch [245/600] Step [0/33] Loss: 4.9794 Bio: 0.6378
Epoch [245/600] Total Loss: 164.5757
Epoch [246/600] Step [0/33] Loss: 4.8431 Bio: 0.7259
Epoch [246/600] Total Loss: 162.6492
Epoch [247/600] Step [0/33] Loss: 4.8390 Bio: 0.5565
Epoch [247/600] Total Loss: 162.6213
Epoch [248/600] Step [0/33] Loss: 4.7577 Bio: 0.5377
Epoch [248/600] Total Loss: 161.8588
Epoch [249/600] Step [0/33] Loss: 4.6632 Bio: 0.5736
Epoch [249/600] Total Loss: 162.5603
Epoch [250/600] Step [0/33] Loss: 4.6969 Bio: 0.5438
Epoch [250/600] Total Loss: 161.1436
Epoch [251/600] Step [0/33] Loss: 4.6123 Bio: 0.6077
Epoch [251/600] Total Loss: 161.8202
Epoch [252/600] Step [0/33] Loss: 5.0765 Bio: 0.4848
Epoch [252/600] Total Loss: 160.6333
Epoch [253/600] Step [0/33] Loss: 4.8055 Bio: 0.7203
Epoch [253/600] Total Loss: 161.0910
Epoch [254/600] Step [0/33] Loss: 4.6855 Bio: 0.4935
Epoch [254/600] Total Loss: 161.2030
Epoch [255/600] Step [0/33] Loss: 5.0881 Bio: 0.5323
Epoch [255/600] Total Loss: 161.8792
Epoch [256/600] Step [0/33] Loss: 4.6985 Bio: 0.5921
Epoch [256/600] Total Loss: 161.3240
Epoch [257/600] Step [0/33] Loss: 4.6708 Bio: 0.5421
Epoch [257/600] Total Loss: 161.7353
Epoch [258/600] Step [0/33] Loss: 4.8677 Bio: 0.7272
Epoch [258/600] Total Loss: 162.7196
Epoch [259/600] Step [0/33] Loss: 5.2916 Bio: 0.6545
Epoch [259/600] Total Loss: 160.7757
Epoch [260/600] Step [0/33] Loss: 4.8146 Bio: 0.5307
Epoch [260/600] Total Loss: 161.1434
Epoch [261/600] Step [0/33] Loss: 4.7400 Bio: 0.5514
Epoch [261/600] Total Loss: 160.2865
Epoch [262/600] Step [0/33] Loss: 4.9166 Bio: 0.4929
Epoch [262/600] Total Loss: 161.4499
Epoch [263/600] Step [0/33] Loss: 4.9680 Bio: 0.8685
Epoch [263/600] Total Loss: 162.2629
Epoch [264/600] Step [0/33] Loss: 5.0603 Bio: 0.7001
Epoch [264/600] Total Loss: 162.6170
Epoch [265/600] Step [0/33] Loss: 4.9343 Bio: 0.5565
Epoch [265/600] Total Loss: 162.7264
Epoch [266/600] Step [0/33] Loss: 4.7014 Bio: 0.5807
Epoch [266/600] Total Loss: 161.6317
Epoch [267/600] Step [0/33] Loss: 4.8557 Bio: 0.5226
Epoch [267/600] Total Loss: 161.1108
Epoch [268/600] Step [0/33] Loss: 5.0424 Bio: 0.5643
Epoch [268/600] Total Loss: 160.7575
Epoch [269/600] Step [0/33] Loss: 4.7618 Bio: 0.5154
Epoch [269/600] Total Loss: 160.6961
Epoch [270/600] Step [0/33] Loss: 4.9106 Bio: 0.8297
Epoch [270/600] Total Loss: 160.6514
Epoch [271/600] Step [0/33] Loss: 5.3348 Bio: 0.4977
Epoch [271/600] Total Loss: 162.1016
Epoch [272/600] Step [0/33] Loss: 4.6608 Bio: 0.6208
Epoch [272/600] Total Loss: 161.8102
Epoch [273/600] Step [0/33] Loss: 5.0306 Bio: 0.6692
Epoch [273/600] Total Loss: 163.4038
Epoch [274/600] Step [0/33] Loss: 4.9435 Bio: 0.5249
Epoch [274/600] Total Loss: 162.5228
Epoch [275/600] Step [0/33] Loss: 4.8964 Bio: 0.5108
Epoch [275/600] Total Loss: 160.8037
Epoch [276/600] Step [0/33] Loss: 4.7889 Bio: 0.5686
Epoch [276/600] Total Loss: 159.7369
Epoch [277/600] Step [0/33] Loss: 4.7038 Bio: 0.6222
Epoch [277/600] Total Loss: 161.6908
Epoch [278/600] Step [0/33] Loss: 4.9220 Bio: 0.7343
Epoch [278/600] Total Loss: 160.5936
Epoch [279/600] Step [0/33] Loss: 5.3931 Bio: 0.6532
Epoch [279/600] Total Loss: 160.3656
Epoch [280/600] Step [0/33] Loss: 4.8766 Bio: 0.5694
Epoch [280/600] Total Loss: 161.7871
Epoch [281/600] Step [0/33] Loss: 4.8311 Bio: 0.5806
Epoch [281/600] Total Loss: 159.3483
Epoch [282/600] Step [0/33] Loss: 5.0153 Bio: 0.7842
Epoch [282/600] Total Loss: 162.2954
Epoch [283/600] Step [0/33] Loss: 4.8251 Bio: 0.6525
Epoch [283/600] Total Loss: 162.6562
Epoch [284/600] Step [0/33] Loss: 5.0555 Bio: 0.4871
Epoch [284/600] Total Loss: 162.5787
Epoch [285/600] Step [0/33] Loss: 4.7610 Bio: 0.7150
Epoch [285/600] Total Loss: 161.4071
Epoch [286/600] Step [0/33] Loss: 4.7366 Bio: 0.6146
Epoch [286/600] Total Loss: 161.8957
Epoch [287/600] Step [0/33] Loss: 4.9929 Bio: 0.4651
Epoch [287/600] Total Loss: 159.6255
Epoch [288/600] Step [0/33] Loss: 4.6864 Bio: 0.5702
Epoch [288/600] Total Loss: 161.4246
Epoch [289/600] Step [0/33] Loss: 4.9341 Bio: 0.4332
Epoch [289/600] Total Loss: 160.7856
Epoch [290/600] Step [0/33] Loss: 4.7411 Bio: 0.4997
Epoch [290/600] Total Loss: 161.2562
Epoch [291/600] Step [0/33] Loss: 4.9619 Bio: 0.8597
Epoch [291/600] Total Loss: 162.0141
Epoch [292/600] Step [0/33] Loss: 5.1059 Bio: 0.4913
Epoch [292/600] Total Loss: 159.9224
Epoch [293/600] Step [0/33] Loss: 5.0398 Bio: 0.5936
Epoch [293/600] Total Loss: 159.6992
Epoch [294/600] Step [0/33] Loss: 4.9396 Bio: 0.4435
Epoch [294/600] Total Loss: 161.9322
Epoch [295/600] Step [0/33] Loss: 5.0603 Bio: 0.5305
Epoch [295/600] Total Loss: 160.7333
Epoch [296/600] Step [0/33] Loss: 4.8473 Bio: 0.4915
Epoch [296/600] Total Loss: 160.2190
Epoch [297/600] Step [0/33] Loss: 4.9745 Bio: 0.4870
Epoch [297/600] Total Loss: 160.4506
Epoch [298/600] Step [0/33] Loss: 4.7384 Bio: 0.6107
Epoch [298/600] Total Loss: 161.1572
Epoch [299/600] Step [0/33] Loss: 4.9989 Bio: 0.6167
Epoch [299/600] Total Loss: 160.2828
Epoch [300/600] Step [0/33] Loss: 4.9828 Bio: 0.5624
Epoch [300/600] Total Loss: 159.6464
Epoch [301/600] Step [0/33] Loss: 5.2090 Bio: 0.5351
Epoch [301/600] Total Loss: 158.9224
Epoch [302/600] Step [0/33] Loss: 4.7019 Bio: 0.5490
Epoch [302/600] Total Loss: 161.4640
Epoch [303/600] Step [0/33] Loss: 4.8209 Bio: 0.4858
Epoch [303/600] Total Loss: 160.3039
Epoch [304/600] Step [0/33] Loss: 4.8184 Bio: 0.5361
Epoch [304/600] Total Loss: 159.5861
Epoch [305/600] Step [0/33] Loss: 4.6554 Bio: 0.5263
Epoch [305/600] Total Loss: 159.6012
Epoch [306/600] Step [0/33] Loss: 4.6365 Bio: 0.4784
Epoch [306/600] Total Loss: 159.9785
Epoch [307/600] Step [0/33] Loss: 4.9716 Bio: 0.5199
Epoch [307/600] Total Loss: 159.1266
Epoch [308/600] Step [0/33] Loss: 4.9855 Bio: 0.4664
Epoch [308/600] Total Loss: 161.3008
Epoch [309/600] Step [0/33] Loss: 4.7907 Bio: 0.5212
Epoch [309/600] Total Loss: 159.3883
Epoch [310/600] Step [0/33] Loss: 4.9111 Bio: 0.5191
Epoch [310/600] Total Loss: 160.9505
Epoch [311/600] Step [0/33] Loss: 5.1373 Bio: 0.5126
Epoch [311/600] Total Loss: 160.3142
Epoch [312/600] Step [0/33] Loss: 4.9674 Bio: 0.9590
Epoch [312/600] Total Loss: 159.6506
Epoch [313/600] Step [0/33] Loss: 4.8015 Bio: 0.7789
Epoch [313/600] Total Loss: 160.4869
Epoch [314/600] Step [0/33] Loss: 4.9288 Bio: 0.6468
Epoch [314/600] Total Loss: 159.3243
Epoch [315/600] Step [0/33] Loss: 5.0438 Bio: 0.5170
Epoch [315/600] Total Loss: 159.7403
Epoch [316/600] Step [0/33] Loss: 4.9926 Bio: 0.6230
Epoch [316/600] Total Loss: 158.7890
Epoch [317/600] Step [0/33] Loss: 5.0786 Bio: 0.5054
Epoch [317/600] Total Loss: 159.2932
Epoch [318/600] Step [0/33] Loss: 5.1289 Bio: 0.4648
Epoch [318/600] Total Loss: 161.0113
Epoch [319/600] Step [0/33] Loss: 4.7522 Bio: 0.5504
Epoch [319/600] Total Loss: 159.6818
Epoch [320/600] Step [0/33] Loss: 4.9724 Bio: 0.6079
Epoch [320/600] Total Loss: 160.7969
Epoch [321/600] Step [0/33] Loss: 4.8903 Bio: 0.6488
Epoch [321/600] Total Loss: 161.1656
Epoch [322/600] Step [0/33] Loss: 4.8715 Bio: 0.5457
Epoch [322/600] Total Loss: 159.5179
Epoch [323/600] Step [0/33] Loss: 4.8620 Bio: 0.8007
Epoch [323/600] Total Loss: 161.3588
Epoch [324/600] Step [0/33] Loss: 4.8007 Bio: 0.4534
Epoch [324/600] Total Loss: 161.3934
Epoch [325/600] Step [0/33] Loss: 4.5567 Bio: 0.5172
Epoch [325/600] Total Loss: 160.2015
Epoch [326/600] Step [0/33] Loss: 5.1669 Bio: 0.5750
Epoch [326/600] Total Loss: 160.4175
Epoch [327/600] Step [0/33] Loss: 4.6019 Bio: 0.6457
Epoch [327/600] Total Loss: 160.5216
Epoch [328/600] Step [0/33] Loss: 4.9512 Bio: 0.4234
Epoch [328/600] Total Loss: 160.2860
Epoch [329/600] Step [0/33] Loss: 4.7019 Bio: 0.4866
Epoch [329/600] Total Loss: 160.1210
Epoch [330/600] Step [0/33] Loss: 4.9285 Bio: 0.5245
Epoch [330/600] Total Loss: 160.6655
Epoch [331/600] Step [0/33] Loss: 5.1242 Bio: 0.5660
Epoch [331/600] Total Loss: 161.3351
Epoch [332/600] Step [0/33] Loss: 4.6769 Bio: 0.5776
Epoch [332/600] Total Loss: 160.1337
Epoch [333/600] Step [0/33] Loss: 4.7691 Bio: 0.6591
Epoch [333/600] Total Loss: 161.3058
Epoch [334/600] Step [0/33] Loss: 5.0306 Bio: 0.5096
Epoch [334/600] Total Loss: 159.9838
Epoch [335/600] Step [0/33] Loss: 4.4887 Bio: 0.4725
Epoch [335/600] Total Loss: 159.3076
Epoch [336/600] Step [0/33] Loss: 4.8589 Bio: 0.6507
Epoch [336/600] Total Loss: 159.9598
Epoch [337/600] Step [0/33] Loss: 5.0584 Bio: 0.5867
Epoch [337/600] Total Loss: 160.2638
Epoch [338/600] Step [0/33] Loss: 5.2164 Bio: 0.5267
Epoch [338/600] Total Loss: 160.8952
Epoch [339/600] Step [0/33] Loss: 4.9857 Bio: 0.7436
Epoch [339/600] Total Loss: 159.7526
Epoch [340/600] Step [0/33] Loss: 4.8869 Bio: 0.5022
Epoch [340/600] Total Loss: 159.4057
Epoch [341/600] Step [0/33] Loss: 4.9239 Bio: 0.5344
Epoch [341/600] Total Loss: 161.4561
Epoch [342/600] Step [0/33] Loss: 4.7008 Bio: 0.5157
Epoch [342/600] Total Loss: 159.4074
Epoch [343/600] Step [0/33] Loss: 4.8272 Bio: 0.5106
Epoch [343/600] Total Loss: 160.2874
Epoch [344/600] Step [0/33] Loss: 4.8741 Bio: 0.5409
Epoch [344/600] Total Loss: 158.0079
Epoch [345/600] Step [0/33] Loss: 4.9403 Bio: 0.6118
Epoch [345/600] Total Loss: 157.7475
Epoch [346/600] Step [0/33] Loss: 4.7797 Bio: 0.5392
Epoch [346/600] Total Loss: 159.3816
Epoch [347/600] Step [0/33] Loss: 4.6476 Bio: 0.5103
Epoch [347/600] Total Loss: 159.4241
Epoch [348/600] Step [0/33] Loss: 4.4562 Bio: 0.5258
Epoch [348/600] Total Loss: 158.7497
Epoch [349/600] Step [0/33] Loss: 5.0172 Bio: 0.7606
Epoch [349/600] Total Loss: 158.3445
Epoch [350/600] Step [0/33] Loss: 5.0615 Bio: 0.4805
Epoch [350/600] Total Loss: 159.9430
Epoch [351/600] Step [0/33] Loss: 4.7063 Bio: 0.4911
Epoch [351/600] Total Loss: 158.2507
Epoch [352/600] Step [0/33] Loss: 5.0695 Bio: 0.6559
Epoch [352/600] Total Loss: 160.6763
Epoch [353/600] Step [0/33] Loss: 4.9885 Bio: 0.5193
Epoch [353/600] Total Loss: 161.0779
Epoch [354/600] Step [0/33] Loss: 5.3679 Bio: 0.4336
Epoch [354/600] Total Loss: 160.4842
Epoch [355/600] Step [0/33] Loss: 5.2797 Bio: 0.5439
Epoch [355/600] Total Loss: 160.4695
Epoch [356/600] Step [0/33] Loss: 4.9633 Bio: 0.5668
Epoch [356/600] Total Loss: 158.2601
Epoch [357/600] Step [0/33] Loss: 4.7648 Bio: 0.5471
Epoch [357/600] Total Loss: 158.4188
Epoch [358/600] Step [0/33] Loss: 4.9953 Bio: 0.5742
Epoch [358/600] Total Loss: 159.3651
Epoch [359/600] Step [0/33] Loss: 4.8195 Bio: 0.6885
Epoch [359/600] Total Loss: 158.9173
Epoch [360/600] Step [0/33] Loss: 4.5662 Bio: 0.7930
Epoch [360/600] Total Loss: 159.1636
Epoch [361/600] Step [0/33] Loss: 4.5812 Bio: 0.5334
Epoch [361/600] Total Loss: 157.8166
Epoch [362/600] Step [0/33] Loss: 4.7956 Bio: 0.4884
Epoch [362/600] Total Loss: 158.6141
Epoch [363/600] Step [0/33] Loss: 4.7063 Bio: 0.5465
Epoch [363/600] Total Loss: 159.6004
Epoch [364/600] Step [0/33] Loss: 5.0448 Bio: 0.5612
Epoch [364/600] Total Loss: 158.6769
Epoch [365/600] Step [0/33] Loss: 4.9350 Bio: 0.6873
Epoch [365/600] Total Loss: 160.1338
Epoch [366/600] Step [0/33] Loss: 4.7897 Bio: 0.6317
Epoch [366/600] Total Loss: 160.2568
Epoch [367/600] Step [0/33] Loss: 5.0183 Bio: 0.5349
Epoch [367/600] Total Loss: 158.5169
Epoch [368/600] Step [0/33] Loss: 5.0409 Bio: 0.7029
Epoch [368/600] Total Loss: 158.6907
Epoch [369/600] Step [0/33] Loss: 5.0966 Bio: 0.5770
Epoch [369/600] Total Loss: 159.0698
Epoch [370/600] Step [0/33] Loss: 4.8761 Bio: 0.4426
Epoch [370/600] Total Loss: 160.9972
Epoch [371/600] Step [0/33] Loss: 4.7854 Bio: 0.4947
Epoch [371/600] Total Loss: 158.5195
Epoch [372/600] Step [0/33] Loss: 4.8784 Bio: 0.6053
Epoch [372/600] Total Loss: 158.3690
Epoch [373/600] Step [0/33] Loss: 4.7333 Bio: 0.5632
Epoch [373/600] Total Loss: 159.8781
Epoch [374/600] Step [0/33] Loss: 4.7857 Bio: 0.4329
Epoch [374/600] Total Loss: 158.0364
Epoch [375/600] Step [0/33] Loss: 5.0344 Bio: 0.5828
Epoch [375/600] Total Loss: 159.9126
Epoch [376/600] Step [0/33] Loss: 4.5969 Bio: 0.6600
Epoch [376/600] Total Loss: 158.5374
Epoch [377/600] Step [0/33] Loss: 4.8866 Bio: 0.4482
Epoch [377/600] Total Loss: 160.5654
Epoch [378/600] Step [0/33] Loss: 4.9724 Bio: 0.5226
Epoch [378/600] Total Loss: 159.7042
Epoch [379/600] Step [0/33] Loss: 4.8764 Bio: 0.4849
Epoch [379/600] Total Loss: 159.2172
Epoch [380/600] Step [0/33] Loss: 4.6762 Bio: 0.4855
Epoch [380/600] Total Loss: 157.3465
Epoch [381/600] Step [0/33] Loss: 5.0353 Bio: 0.8211
Epoch [381/600] Total Loss: 161.0321
Epoch [382/600] Step [0/33] Loss: 4.8883 Bio: 0.4849
Epoch [382/600] Total Loss: 157.5164
Epoch [383/600] Step [0/33] Loss: 4.8470 Bio: 0.4765
Epoch [383/600] Total Loss: 157.5712
Epoch [384/600] Step [0/33] Loss: 4.7472 Bio: 0.5326
Epoch [384/600] Total Loss: 159.0611
Epoch [385/600] Step [0/33] Loss: 4.8744 Bio: 0.5772
Epoch [385/600] Total Loss: 160.2569
Epoch [386/600] Step [0/33] Loss: 4.6992 Bio: 0.5862
Epoch [386/600] Total Loss: 160.0083
Epoch [387/600] Step [0/33] Loss: 5.3453 Bio: 0.5700
Epoch [387/600] Total Loss: 159.1569
Epoch [388/600] Step [0/33] Loss: 4.8280 Bio: 0.4690
Epoch [388/600] Total Loss: 158.3397
Epoch [389/600] Step [0/33] Loss: 4.7921 Bio: 0.5199
Epoch [389/600] Total Loss: 159.4817
Epoch [390/600] Step [0/33] Loss: 5.2979 Bio: 0.5173
Epoch [390/600] Total Loss: 159.4374
Epoch [391/600] Step [0/33] Loss: 5.1325 Bio: 0.5375
Epoch [391/600] Total Loss: 159.6273
Epoch [392/600] Step [0/33] Loss: 4.9870 Bio: 0.6335
Epoch [392/600] Total Loss: 160.6078
Epoch [393/600] Step [0/33] Loss: 4.9084 Bio: 0.6939
Epoch [393/600] Total Loss: 158.0794
Epoch [394/600] Step [0/33] Loss: 5.0898 Bio: 0.6583
Epoch [394/600] Total Loss: 160.4020
Epoch [395/600] Step [0/33] Loss: 4.6718 Bio: 0.6551
Epoch [395/600] Total Loss: 159.4876
Epoch [396/600] Step [0/33] Loss: 4.7392 Bio: 0.4938
Epoch [396/600] Total Loss: 157.6820
Epoch [397/600] Step [0/33] Loss: 4.4522 Bio: 0.5493
Epoch [397/600] Total Loss: 158.4741
Epoch [398/600] Step [0/33] Loss: 5.0177 Bio: 0.5516
Epoch [398/600] Total Loss: 159.0117
Epoch [399/600] Step [0/33] Loss: 4.8029 Bio: 0.5971
Epoch [399/600] Total Loss: 158.7270
Epoch [400/600] Step [0/33] Loss: 4.9240 Bio: 0.4827
Epoch [400/600] Total Loss: 159.2039
Epoch [401/600] Step [0/33] Loss: 4.8558 Bio: 0.5795
Epoch [401/600] Total Loss: 159.2975
Epoch [402/600] Step [0/33] Loss: 4.8787 Bio: 0.4938
Epoch [402/600] Total Loss: 159.4108
Epoch [403/600] Step [0/33] Loss: 4.9066 Bio: 0.4858
Epoch [403/600] Total Loss: 158.0795
Epoch [404/600] Step [0/33] Loss: 4.6798 Bio: 0.5237
Epoch [404/600] Total Loss: 158.8888
Epoch [405/600] Step [0/33] Loss: 4.8016 Bio: 0.5827
Epoch [405/600] Total Loss: 157.3858
Epoch [406/600] Step [0/33] Loss: 4.9315 Bio: 0.4884
Epoch [406/600] Total Loss: 160.7068
Epoch [407/600] Step [0/33] Loss: 4.7697 Bio: 0.5413
Epoch [407/600] Total Loss: 158.2520
Epoch [408/600] Step [0/33] Loss: 4.7391 Bio: 0.6161
Epoch [408/600] Total Loss: 159.9384
Epoch [409/600] Step [0/33] Loss: 4.8306 Bio: 0.4736
Epoch [409/600] Total Loss: 158.3170
Epoch [410/600] Step [0/33] Loss: 4.5740 Bio: 0.4595
Epoch [410/600] Total Loss: 160.5754
Epoch [411/600] Step [0/33] Loss: 4.8418 Bio: 0.4837
Epoch [411/600] Total Loss: 157.9683
Epoch [412/600] Step [0/33] Loss: 4.7925 Bio: 0.5619
Epoch [412/600] Total Loss: 158.8941
Epoch [413/600] Step [0/33] Loss: 4.8522 Bio: 0.5781
Epoch [413/600] Total Loss: 157.2922
Epoch [414/600] Step [0/33] Loss: 5.0150 Bio: 0.6686
Epoch [414/600] Total Loss: 158.0743
Epoch [415/600] Step [0/33] Loss: 5.2669 Bio: 0.6348
Epoch [415/600] Total Loss: 159.3221
Epoch [416/600] Step [0/33] Loss: 4.7364 Bio: 0.4324
Epoch [416/600] Total Loss: 157.7497
Epoch [417/600] Step [0/33] Loss: 5.1496 Bio: 0.5006
Epoch [417/600] Total Loss: 158.2283
Epoch [418/600] Step [0/33] Loss: 4.7388 Bio: 0.4992
Epoch [418/600] Total Loss: 158.6004
Epoch [419/600] Step [0/33] Loss: 4.9794 Bio: 0.6219
Epoch [419/600] Total Loss: 158.1420
Epoch [420/600] Step [0/33] Loss: 4.8356 Bio: 0.5536
Epoch [420/600] Total Loss: 158.2027
Epoch [421/600] Step [0/33] Loss: 4.7905 Bio: 0.5407
Epoch [421/600] Total Loss: 157.5436
Epoch [422/600] Step [0/33] Loss: 4.7253 Bio: 0.6863
Epoch [422/600] Total Loss: 156.0185
Epoch [423/600] Step [0/33] Loss: 4.8676 Bio: 0.7060
Epoch [423/600] Total Loss: 158.0748
Epoch [424/600] Step [0/33] Loss: 4.6347 Bio: 0.4804
Epoch [424/600] Total Loss: 157.7194
Epoch [425/600] Step [0/33] Loss: 5.0756 Bio: 0.5763
Epoch [425/600] Total Loss: 160.9788
Epoch [426/600] Step [0/33] Loss: 4.6858 Bio: 0.5431
Epoch [426/600] Total Loss: 160.9298
Epoch [427/600] Step [0/33] Loss: 5.0546 Bio: 0.6572
Epoch [427/600] Total Loss: 158.7231
Epoch [428/600] Step [0/33] Loss: 4.9306 Bio: 0.5604
Epoch [428/600] Total Loss: 159.7717
Epoch [429/600] Step [0/33] Loss: 4.9192 Bio: 0.5935
Epoch [429/600] Total Loss: 158.8657
Epoch [430/600] Step [0/33] Loss: 4.9328 Bio: 0.6057
Epoch [430/600] Total Loss: 161.8364
Epoch [431/600] Step [0/33] Loss: 4.7801 Bio: 0.5276
Epoch [431/600] Total Loss: 157.3793
Epoch [432/600] Step [0/33] Loss: 4.7023 Bio: 0.5371
Epoch [432/600] Total Loss: 158.7834
Epoch [433/600] Step [0/33] Loss: 4.5758 Bio: 0.6104
Epoch [433/600] Total Loss: 158.1566
Epoch [434/600] Step [0/33] Loss: 5.3256 Bio: 0.5356
Epoch [434/600] Total Loss: 157.9355
Epoch [435/600] Step [0/33] Loss: 4.8856 Bio: 0.4856
Epoch [435/600] Total Loss: 159.5759
Epoch [436/600] Step [0/33] Loss: 4.7419 Bio: 0.5434
Epoch [436/600] Total Loss: 156.8339
Epoch [437/600] Step [0/33] Loss: 4.9254 Bio: 0.4482
Epoch [437/600] Total Loss: 157.1127
Epoch [438/600] Step [0/33] Loss: 4.9844 Bio: 0.5971
Epoch [438/600] Total Loss: 155.9206
Epoch [439/600] Step [0/33] Loss: 5.1845 Bio: 0.5387
Epoch [439/600] Total Loss: 159.1821
Epoch [440/600] Step [0/33] Loss: 4.7400 Bio: 0.6724
Epoch [440/600] Total Loss: 156.2105
Epoch [441/600] Step [0/33] Loss: 4.5434 Bio: 0.5334
Epoch [441/600] Total Loss: 157.6074
Epoch [442/600] Step [0/33] Loss: 4.9553 Bio: 0.6059
Epoch [442/600] Total Loss: 158.8647
Epoch [443/600] Step [0/33] Loss: 4.6322 Bio: 0.5414
Epoch [443/600] Total Loss: 158.9170
Epoch [444/600] Step [0/33] Loss: 4.8021 Bio: 0.5346
Epoch [444/600] Total Loss: 157.7892
Epoch [445/600] Step [0/33] Loss: 4.6668 Bio: 0.5516
Epoch [445/600] Total Loss: 159.8814
Epoch [446/600] Step [0/33] Loss: 4.9082 Bio: 0.6359
Epoch [446/600] Total Loss: 159.3060
Epoch [447/600] Step [0/33] Loss: 4.6603 Bio: 0.5013
Epoch [447/600] Total Loss: 158.0555
Epoch [448/600] Step [0/33] Loss: 4.8860 Bio: 0.5468
Epoch [448/600] Total Loss: 157.4105
Epoch [449/600] Step [0/33] Loss: 5.0504 Bio: 0.5059
Epoch [449/600] Total Loss: 158.9155
Epoch [450/600] Step [0/33] Loss: 5.1070 Bio: 0.5817
Epoch [450/600] Total Loss: 157.3524
Epoch [451/600] Step [0/33] Loss: 5.0421 Bio: 0.5041
Epoch [451/600] Total Loss: 159.4501
Epoch [452/600] Step [0/33] Loss: 5.0745 Bio: 0.4747
Epoch [452/600] Total Loss: 157.7011
Epoch [453/600] Step [0/33] Loss: 4.8129 Bio: 0.4679
Epoch [453/600] Total Loss: 158.6015
Epoch [454/600] Step [0/33] Loss: 4.7768 Bio: 0.4645
Epoch [454/600] Total Loss: 157.4355
Epoch [455/600] Step [0/33] Loss: 4.5462 Bio: 0.5276
Epoch [455/600] Total Loss: 157.9306
Epoch [456/600] Step [0/33] Loss: 5.0320 Bio: 0.4770
Epoch [456/600] Total Loss: 158.5252
Epoch [457/600] Step [0/33] Loss: 4.7183 Bio: 0.8201
Epoch [457/600] Total Loss: 157.5988
Epoch [458/600] Step [0/33] Loss: 4.7170 Bio: 0.8807
Epoch [458/600] Total Loss: 156.8393
Epoch [459/600] Step [0/33] Loss: 4.8082 Bio: 0.7360
Epoch [459/600] Total Loss: 157.3858
Epoch [460/600] Step [0/33] Loss: 4.9844 Bio: 0.5346
Epoch [460/600] Total Loss: 158.7076
Epoch [461/600] Step [0/33] Loss: 4.8087 Bio: 0.5272
Epoch [461/600] Total Loss: 158.6287
Epoch [462/600] Step [0/33] Loss: 4.7543 Bio: 0.5430
Epoch [462/600] Total Loss: 156.6523
Epoch [463/600] Step [0/33] Loss: 4.8854 Bio: 0.5334
Epoch [463/600] Total Loss: 157.8559
Epoch [464/600] Step [0/33] Loss: 4.6866 Bio: 0.5224
Epoch [464/600] Total Loss: 159.2245
Epoch [465/600] Step [0/33] Loss: 5.1099 Bio: 0.5513
Epoch [465/600] Total Loss: 156.4054
Epoch [466/600] Step [0/33] Loss: 4.8192 Bio: 0.5133
Epoch [466/600] Total Loss: 156.7702
Epoch [467/600] Step [0/33] Loss: 4.8716 Bio: 0.5164
Epoch [467/600] Total Loss: 156.8637
Epoch [468/600] Step [0/33] Loss: 4.6801 Bio: 0.4711
Epoch [468/600] Total Loss: 157.1724
Epoch [469/600] Step [0/33] Loss: 4.5508 Bio: 0.6382
Epoch [469/600] Total Loss: 157.0970
Epoch [470/600] Step [0/33] Loss: 4.7260 Bio: 0.5176
Epoch [470/600] Total Loss: 158.0250
Epoch [471/600] Step [0/33] Loss: 5.0891 Bio: 0.5003
Epoch [471/600] Total Loss: 157.4314
Epoch [472/600] Step [0/33] Loss: 4.7235 Bio: 0.5179
Epoch [472/600] Total Loss: 158.4633
Epoch [473/600] Step [0/33] Loss: 4.9589 Bio: 0.4837
Epoch [473/600] Total Loss: 156.1538
Epoch [474/600] Step [0/33] Loss: 4.8309 Bio: 0.7329
Epoch [474/600] Total Loss: 157.8405
Epoch [475/600] Step [0/33] Loss: 4.7238 Bio: 0.4224
Epoch [475/600] Total Loss: 156.5946
Epoch [476/600] Step [0/33] Loss: 5.0987 Bio: 0.6659
Epoch [476/600] Total Loss: 158.5521
Epoch [477/600] Step [0/33] Loss: 4.8437 Bio: 0.7730
Epoch [477/600] Total Loss: 157.6966
Epoch [478/600] Step [0/33] Loss: 4.8231 Bio: 0.5511
Epoch [478/600] Total Loss: 156.1335
Epoch [479/600] Step [0/33] Loss: 5.1926 Bio: 0.4896
Epoch [479/600] Total Loss: 156.5039
Epoch [480/600] Step [0/33] Loss: 4.7751 Bio: 0.5410
Epoch [480/600] Total Loss: 155.9911
Epoch [481/600] Step [0/33] Loss: 4.5884 Bio: 0.4348
Epoch [481/600] Total Loss: 157.2651
Epoch [482/600] Step [0/33] Loss: 4.7882 Bio: 0.5365
Epoch [482/600] Total Loss: 157.5329
Epoch [483/600] Step [0/33] Loss: 4.9275 Bio: 0.4370
Epoch [483/600] Total Loss: 157.3913
Epoch [484/600] Step [0/33] Loss: 5.2398 Bio: 0.4874
Epoch [484/600] Total Loss: 157.3154
Epoch [485/600] Step [0/33] Loss: 4.9208 Bio: 0.5097
Epoch [485/600] Total Loss: 159.1659
Epoch [486/600] Step [0/33] Loss: 4.9238 Bio: 0.6266
Epoch [486/600] Total Loss: 158.3975
Epoch [487/600] Step [0/33] Loss: 5.1461 Bio: 0.5007
Epoch [487/600] Total Loss: 159.1349
Epoch [488/600] Step [0/33] Loss: 5.1445 Bio: 0.5369
Epoch [488/600] Total Loss: 157.9430
Epoch [489/600] Step [0/33] Loss: 5.0639 Bio: 0.4980
Epoch [489/600] Total Loss: 156.7476
Epoch [490/600] Step [0/33] Loss: 4.9010 Bio: 0.6214
Epoch [490/600] Total Loss: 157.5559
Epoch [491/600] Step [0/33] Loss: 4.7751 Bio: 0.5649
Epoch [491/600] Total Loss: 159.0874
Epoch [492/600] Step [0/33] Loss: 4.8748 Bio: 0.4625
Epoch [492/600] Total Loss: 158.3419
Epoch [493/600] Step [0/33] Loss: 4.7542 Bio: 0.7411
Epoch [493/600] Total Loss: 158.0819
Epoch [494/600] Step [0/33] Loss: 4.8466 Bio: 0.5500
Epoch [494/600] Total Loss: 156.1736
Epoch [495/600] Step [0/33] Loss: 4.9256 Bio: 0.5173
Epoch [495/600] Total Loss: 156.7136
Epoch [496/600] Step [0/33] Loss: 4.6687 Bio: 0.4679
Epoch [496/600] Total Loss: 159.4496
Epoch [497/600] Step [0/33] Loss: 5.1553 Bio: 0.5330
Epoch [497/600] Total Loss: 158.9710
Epoch [498/600] Step [0/33] Loss: 5.0265 Bio: 0.4864
Epoch [498/600] Total Loss: 157.5416
Epoch [499/600] Step [0/33] Loss: 4.8488 Bio: 0.5308
Epoch [499/600] Total Loss: 157.2655
Epoch [500/600] Step [0/33] Loss: 4.5542 Bio: 0.4862
Epoch [500/600] Total Loss: 157.6121
Epoch [501/600] Step [0/33] Loss: 4.8214 Bio: 0.5430
Epoch [501/600] Total Loss: 157.9974
Epoch [502/600] Step [0/33] Loss: 5.0220 Bio: 0.4979
Epoch [502/600] Total Loss: 156.5975
Epoch [503/600] Step [0/33] Loss: 4.9345 Bio: 0.6131
Epoch [503/600] Total Loss: 157.9767
Epoch [504/600] Step [0/33] Loss: 5.0321 Bio: 0.5554
Epoch [504/600] Total Loss: 157.6625
Epoch [505/600] Step [0/33] Loss: 4.8476 Bio: 0.5692
Epoch [505/600] Total Loss: 157.1208
Epoch [506/600] Step [0/33] Loss: 4.9487 Bio: 0.4078
Epoch [506/600] Total Loss: 157.1142
Epoch [507/600] Step [0/33] Loss: 4.5150 Bio: 0.7550
Epoch [507/600] Total Loss: 156.3828
Epoch [508/600] Step [0/33] Loss: 4.8977 Bio: 0.5609
Epoch [508/600] Total Loss: 157.3843
Epoch [509/600] Step [0/33] Loss: 4.6723 Bio: 0.5314
Epoch [509/600] Total Loss: 156.6408
Epoch [510/600] Step [0/33] Loss: 4.4700 Bio: 0.5090
Epoch [510/600] Total Loss: 157.2073
Epoch [511/600] Step [0/33] Loss: 4.7064 Bio: 0.5667
Epoch [511/600] Total Loss: 155.8416
Epoch [512/600] Step [0/33] Loss: 4.8782 Bio: 0.5136
Epoch [512/600] Total Loss: 155.8064
Epoch [513/600] Step [0/33] Loss: 4.8207 Bio: 0.7352
Epoch [513/600] Total Loss: 155.5870
Epoch [514/600] Step [0/33] Loss: 4.9052 Bio: 0.5301
Epoch [514/600] Total Loss: 157.3147
Epoch [515/600] Step [0/33] Loss: 4.9966 Bio: 0.6045
Epoch [515/600] Total Loss: 155.4978
Epoch [516/600] Step [0/33] Loss: 4.8069 Bio: 0.5315
Epoch [516/600] Total Loss: 156.9459
Epoch [517/600] Step [0/33] Loss: 4.8098 Bio: 0.5179
Epoch [517/600] Total Loss: 158.1473
Epoch [518/600] Step [0/33] Loss: 4.9849 Bio: 0.4637
Epoch [518/600] Total Loss: 155.7754
Epoch [519/600] Step [0/33] Loss: 4.9312 Bio: 0.6039
Epoch [519/600] Total Loss: 156.7396
Epoch [520/600] Step [0/33] Loss: 4.8656 Bio: 0.4755
Epoch [520/600] Total Loss: 156.0638
Epoch [521/600] Step [0/33] Loss: 4.8284 Bio: 0.5572
Epoch [521/600] Total Loss: 157.6020
Epoch [522/600] Step [0/33] Loss: 4.7646 Bio: 0.5212
Epoch [522/600] Total Loss: 158.4881
Epoch [523/600] Step [0/33] Loss: 4.7286 Bio: 0.5574
Epoch [523/600] Total Loss: 157.6268
Epoch [524/600] Step [0/33] Loss: 4.7818 Bio: 0.6308
Epoch [524/600] Total Loss: 156.7291
Epoch [525/600] Step [0/33] Loss: 5.0037 Bio: 0.8198
Epoch [525/600] Total Loss: 157.3375
Epoch [526/600] Step [0/33] Loss: 4.7906 Bio: 0.5776
Epoch [526/600] Total Loss: 156.9491
Epoch [527/600] Step [0/33] Loss: 4.8068 Bio: 0.4719
Epoch [527/600] Total Loss: 155.1107
Epoch [528/600] Step [0/33] Loss: 4.9380 Bio: 0.6075
Epoch [528/600] Total Loss: 157.0193
Epoch [529/600] Step [0/33] Loss: 4.7668 Bio: 0.5566
Epoch [529/600] Total Loss: 157.7028
Epoch [530/600] Step [0/33] Loss: 4.5077 Bio: 0.4506
Epoch [530/600] Total Loss: 158.0759
Epoch [531/600] Step [0/33] Loss: 5.0322 Bio: 0.4941
Epoch [531/600] Total Loss: 158.3957
Epoch [532/600] Step [0/33] Loss: 5.0343 Bio: 0.4468
Epoch [532/600] Total Loss: 157.5311
Epoch [533/600] Step [0/33] Loss: 4.8634 Bio: 0.6383
Epoch [533/600] Total Loss: 156.6852
Epoch [534/600] Step [0/33] Loss: 4.8656 Bio: 0.5386
Epoch [534/600] Total Loss: 156.7303
Epoch [535/600] Step [0/33] Loss: 4.8457 Bio: 0.5238
Epoch [535/600] Total Loss: 156.9330
Epoch [536/600] Step [0/33] Loss: 4.7890 Bio: 0.5383
Epoch [536/600] Total Loss: 157.2071
Epoch [537/600] Step [0/33] Loss: 4.8459 Bio: 0.5019
Epoch [537/600] Total Loss: 155.6452
Epoch [538/600] Step [0/33] Loss: 4.6156 Bio: 0.6099
Epoch [538/600] Total Loss: 154.8158
Epoch [539/600] Step [0/33] Loss: 4.5686 Bio: 0.4636
Epoch [539/600] Total Loss: 157.3283
Epoch [540/600] Step [0/33] Loss: 4.8055 Bio: 0.4854
Epoch [540/600] Total Loss: 156.9978
Epoch [541/600] Step [0/33] Loss: 4.4422 Bio: 0.5739
Epoch [541/600] Total Loss: 157.5365
Epoch [542/600] Step [0/33] Loss: 5.0198 Bio: 0.6987
Epoch [542/600] Total Loss: 157.4440
Epoch [543/600] Step [0/33] Loss: 4.5824 Bio: 0.4982
Epoch [543/600] Total Loss: 157.4645
Epoch [544/600] Step [0/33] Loss: 4.8926 Bio: 0.5788
Epoch [544/600] Total Loss: 158.6798
Epoch [545/600] Step [0/33] Loss: 4.7215 Bio: 0.4185
Epoch [545/600] Total Loss: 157.8924
Epoch [546/600] Step [0/33] Loss: 5.0312 Bio: 0.4994
Epoch [546/600] Total Loss: 157.5025
Epoch [547/600] Step [0/33] Loss: 4.8593 Bio: 0.5072
Epoch [547/600] Total Loss: 156.4845
Epoch [548/600] Step [0/33] Loss: 4.7491 Bio: 0.5256
Epoch [548/600] Total Loss: 158.9360
Epoch [549/600] Step [0/33] Loss: 4.6622 Bio: 0.5668
Epoch [549/600] Total Loss: 157.3195
Epoch [550/600] Step [0/33] Loss: 4.5732 Bio: 0.4889
Epoch [550/600] Total Loss: 158.4134
Epoch [551/600] Step [0/33] Loss: 4.7837 Bio: 0.4382
Epoch [551/600] Total Loss: 158.8761
Epoch [552/600] Step [0/33] Loss: 4.9220 Bio: 0.6224
Epoch [552/600] Total Loss: 158.0815
Epoch [553/600] Step [0/33] Loss: 4.7457 Bio: 0.7254
Epoch [553/600] Total Loss: 158.4871
Epoch [554/600] Step [0/33] Loss: 4.8458 Bio: 0.5499
Epoch [554/600] Total Loss: 157.7524
Epoch [555/600] Step [0/33] Loss: 4.6812 Bio: 0.6013
Epoch [555/600] Total Loss: 156.3283
Epoch [556/600] Step [0/33] Loss: 4.6494 Bio: 0.4889
Epoch [556/600] Total Loss: 157.7764
Epoch [557/600] Step [0/33] Loss: 4.5941 Bio: 0.6920
Epoch [557/600] Total Loss: 156.4897
Epoch [558/600] Step [0/33] Loss: 4.6001 Bio: 0.5004
Epoch [558/600] Total Loss: 156.3537
Epoch [559/600] Step [0/33] Loss: 4.7649 Bio: 0.4897
Epoch [559/600] Total Loss: 157.8055
Epoch [560/600] Step [0/33] Loss: 4.7725 Bio: 0.4817
Epoch [560/600] Total Loss: 157.5059
Epoch [561/600] Step [0/33] Loss: 4.9605 Bio: 0.5115
Epoch [561/600] Total Loss: 157.7590
Epoch [562/600] Step [0/33] Loss: 4.8726 Bio: 0.5710
Epoch [562/600] Total Loss: 156.1505
Epoch [563/600] Step [0/33] Loss: 4.6054 Bio: 0.6166
Epoch [563/600] Total Loss: 156.3662
Epoch [564/600] Step [0/33] Loss: 4.6579 Bio: 0.5390
Epoch [564/600] Total Loss: 156.5586
Epoch [565/600] Step [0/33] Loss: 4.7661 Bio: 0.4959
Epoch [565/600] Total Loss: 158.5927
Epoch [566/600] Step [0/33] Loss: 4.8091 Bio: 0.4806
Epoch [566/600] Total Loss: 157.0496
Epoch [567/600] Step [0/33] Loss: 4.8286 Bio: 0.4785
Epoch [567/600] Total Loss: 157.7234
Epoch [568/600] Step [0/33] Loss: 4.7688 Bio: 0.4671
Epoch [568/600] Total Loss: 157.0339
Epoch [569/600] Step [0/33] Loss: 4.7227 Bio: 0.6828
Epoch [569/600] Total Loss: 155.3787
Epoch [570/600] Step [0/33] Loss: 4.4417 Bio: 0.5157
Epoch [570/600] Total Loss: 156.4495
Epoch [571/600] Step [0/33] Loss: 4.9743 Bio: 0.5186
Epoch [571/600] Total Loss: 158.5349
Epoch [572/600] Step [0/33] Loss: 4.9109 Bio: 0.5338
Epoch [572/600] Total Loss: 156.2078
Epoch [573/600] Step [0/33] Loss: 4.8425 Bio: 0.5561
Epoch [573/600] Total Loss: 155.0566
Epoch [574/600] Step [0/33] Loss: 4.6487 Bio: 0.5661
Epoch [574/600] Total Loss: 156.4217
Epoch [575/600] Step [0/33] Loss: 4.9229 Bio: 0.5572
Epoch [575/600] Total Loss: 158.2086
Epoch [576/600] Step [0/33] Loss: 5.1854 Bio: 0.4180
Epoch [576/600] Total Loss: 156.3313
Epoch [577/600] Step [0/33] Loss: 4.6801 Bio: 0.6597
Epoch [577/600] Total Loss: 156.5719
Epoch [578/600] Step [0/33] Loss: 4.7689 Bio: 0.4974
Epoch [578/600] Total Loss: 158.3607
Epoch [579/600] Step [0/33] Loss: 4.7875 Bio: 0.4064
Epoch [579/600] Total Loss: 158.0736
Epoch [580/600] Step [0/33] Loss: 4.9544 Bio: 0.3917
Epoch [580/600] Total Loss: 157.4931
Epoch [581/600] Step [0/33] Loss: 4.5967 Bio: 0.5574
Epoch [581/600] Total Loss: 156.2011
Epoch [582/600] Step [0/33] Loss: 4.5138 Bio: 0.4410
Epoch [582/600] Total Loss: 155.9002
Epoch [583/600] Step [0/33] Loss: 4.9478 Bio: 0.6459
Epoch [583/600] Total Loss: 156.2289
Epoch [584/600] Step [0/33] Loss: 4.8567 Bio: 0.6174
Epoch [584/600] Total Loss: 157.6304
Epoch [585/600] Step [0/33] Loss: 4.7686 Bio: 0.4678
Epoch [585/600] Total Loss: 155.3935
Epoch [586/600] Step [0/33] Loss: 4.7516 Bio: 0.5085
Epoch [586/600] Total Loss: 156.3723
Epoch [587/600] Step [0/33] Loss: 4.7251 Bio: 0.5607
Epoch [587/600] Total Loss: 157.0113
Epoch [588/600] Step [0/33] Loss: 4.8843 Bio: 0.4266
Epoch [588/600] Total Loss: 158.2115
Epoch [589/600] Step [0/33] Loss: 5.0955 Bio: 0.7080
Epoch [589/600] Total Loss: 156.5345
Epoch [590/600] Step [0/33] Loss: 4.7244 Bio: 0.4881
Epoch [590/600] Total Loss: 157.0522
Epoch [591/600] Step [0/33] Loss: 4.4831 Bio: 0.4872
Epoch [591/600] Total Loss: 157.7638
Epoch [592/600] Step [0/33] Loss: 4.6804 Bio: 0.5392
Epoch [592/600] Total Loss: 155.2600
Epoch [593/600] Step [0/33] Loss: 4.5904 Bio: 0.6575
Epoch [593/600] Total Loss: 157.4459
Epoch [594/600] Step [0/33] Loss: 4.7634 Bio: 0.5210
Epoch [594/600] Total Loss: 158.0214
Epoch [595/600] Step [0/33] Loss: 4.8153 Bio: 0.4578
Epoch [595/600] Total Loss: 154.9765
Epoch [596/600] Step [0/33] Loss: 4.7488 Bio: 0.5489
Epoch [596/600] Total Loss: 158.2569
Epoch [597/600] Step [0/33] Loss: 4.7197 Bio: 0.5329
Epoch [597/600] Total Loss: 157.2399
Epoch [598/600] Step [0/33] Loss: 4.7923 Bio: 0.5740
Epoch [598/600] Total Loss: 155.8725
Epoch [599/600] Step [0/33] Loss: 4.8106 Bio: 0.4881
Epoch [599/600] Total Loss: 157.0767
Scenario 1 training complete.
Training completed at: Tue Feb 24 03:14:01 EST 2026
============================================================
CLUSTERING EVALUATION
============================================================
✅ Loaded ground truth from ground_truth_BRCA.csv
   Total patients with labels: 803

📂 Loading model from save/model_bioanchor_scenario1_600ep/checkpoint_600.tar...
✅ Model loaded successfully

📊 Loading data for BRCA...
[dataloader] No bio_anchor_file specified — loading omics only
✅ Data loaded successfully

🔮 Getting predictions...
✅ Predictions obtained: 1031 samples

🔍 Filtering to patients with ground truth...
   Patients with both predictions and ground truth: 803
   Final evaluation size: 803 patients

📈 Computing metrics...

============================================================
RESULTS
============================================================
ARI                 : 0.2707
NMI                 : 0.4409
V-measure           : 0.4409
============================================================

📊 Creating visualizations...
Saved confusion matrix to results/BRCA_confusion_matrix.png
Saved distribution plot to results/BRCA_cluster_distribution.png
Computing t-SNE (this may take a minute)...
Saved t-SNE plot to results/BRCA_tsne.png

💾 Saved results to results/BRCA_evaluation.csv

✅ Evaluation complete!
=== Scenario 1 Complete ===
Job finished at: Tue Feb 24 03:14:17 EST 2026
