=== Scenario 2: MLP Bio-Anchor Head ===
Job started at: Mon Feb 23 16:25:16 EST 2026
Running on node: hpc-m35-4-1.local
Job ID: 11712136
Scenario 2: MLP Head (bio_dim -> 64 -> bio_dim)
Cancer: BRCA | bio_dim: 6 | lambda_bio: 0.1
Bio anchor file: bio_anchors_BRCA_6dim.csv
[dataloader] Loaded bio-anchors from bio_anchors_BRCA_6dim.csv: torch.Size([1031, 6])
Cluster number: 5
Epoch [0/200] Step [0/33] Loss: 6.4235 Bio: 0.9902
Epoch [0/200] Total Loss: 210.4401
Epoch [1/200] Step [0/33] Loss: 6.4147 Bio: 0.9084
Epoch [1/200] Total Loss: 210.2870
Epoch [2/200] Step [0/33] Loss: 6.4254 Bio: 0.8421
Epoch [2/200] Total Loss: 209.3370
Epoch [3/200] Step [0/33] Loss: 6.5574 Bio: 1.3776
Epoch [3/200] Total Loss: 204.4488
Epoch [4/200] Step [0/33] Loss: 6.0135 Bio: 1.1066
Epoch [4/200] Total Loss: 201.6724
Epoch [5/200] Step [0/33] Loss: 6.0656 Bio: 0.8838
Epoch [5/200] Total Loss: 197.9261
Epoch [6/200] Step [0/33] Loss: 6.0640 Bio: 0.8907
Epoch [6/200] Total Loss: 201.2861
Epoch [7/200] Step [0/33] Loss: 6.0796 Bio: 1.0307
Epoch [7/200] Total Loss: 197.3291
Epoch [8/200] Step [0/33] Loss: 6.1364 Bio: 0.9441
Epoch [8/200] Total Loss: 194.8487
Epoch [9/200] Step [0/33] Loss: 6.0744 Bio: 0.9079
Epoch [9/200] Total Loss: 194.2672
Epoch [10/200] Step [0/33] Loss: 5.8056 Bio: 1.0493
Epoch [10/200] Total Loss: 193.5242
Epoch [11/200] Step [0/33] Loss: 5.7455 Bio: 1.2391
Epoch [11/200] Total Loss: 193.5313
Epoch [12/200] Step [0/33] Loss: 5.7431 Bio: 0.6605
Epoch [12/200] Total Loss: 191.5387
Epoch [13/200] Step [0/33] Loss: 5.5188 Bio: 0.9514
Epoch [13/200] Total Loss: 189.9875
Epoch [14/200] Step [0/33] Loss: 5.6422 Bio: 1.0477
Epoch [14/200] Total Loss: 190.4271
Epoch [15/200] Step [0/33] Loss: 5.6126 Bio: 0.9267
Epoch [15/200] Total Loss: 191.6601
Epoch [16/200] Step [0/33] Loss: 5.8412 Bio: 0.9746
Epoch [16/200] Total Loss: 189.3931
Epoch [17/200] Step [0/33] Loss: 5.7117 Bio: 1.0679
Epoch [17/200] Total Loss: 188.0871
Epoch [18/200] Step [0/33] Loss: 5.9216 Bio: 0.8722
Epoch [18/200] Total Loss: 185.7641
Epoch [19/200] Step [0/33] Loss: 5.7458 Bio: 0.9495
Epoch [19/200] Total Loss: 185.1831
Epoch [20/200] Step [0/33] Loss: 5.5424 Bio: 0.8450
Epoch [20/200] Total Loss: 184.6934
Epoch [21/200] Step [0/33] Loss: 5.6847 Bio: 1.0806
Epoch [21/200] Total Loss: 186.3203
Epoch [22/200] Step [0/33] Loss: 5.9066 Bio: 0.9915
Epoch [22/200] Total Loss: 186.2686
Epoch [23/200] Step [0/33] Loss: 5.6016 Bio: 0.8660
Epoch [23/200] Total Loss: 184.7293
Epoch [24/200] Step [0/33] Loss: 5.4834 Bio: 0.7370
Epoch [24/200] Total Loss: 184.3082
Epoch [25/200] Step [0/33] Loss: 5.4583 Bio: 0.9667
Epoch [25/200] Total Loss: 184.8867
Epoch [26/200] Step [0/33] Loss: 5.4185 Bio: 0.9260
Epoch [26/200] Total Loss: 182.5582
Epoch [27/200] Step [0/33] Loss: 5.4031 Bio: 0.8170
Epoch [27/200] Total Loss: 181.0778
Epoch [28/200] Step [0/33] Loss: 5.7538 Bio: 0.7016
Epoch [28/200] Total Loss: 183.3656
Epoch [29/200] Step [0/33] Loss: 5.6854 Bio: 0.8725
Epoch [29/200] Total Loss: 181.5972
Epoch [30/200] Step [0/33] Loss: 5.4677 Bio: 0.8420
Epoch [30/200] Total Loss: 179.6423
Epoch [31/200] Step [0/33] Loss: 5.9773 Bio: 0.6229
Epoch [31/200] Total Loss: 181.7692
Epoch [32/200] Step [0/33] Loss: 5.6896 Bio: 0.6506
Epoch [32/200] Total Loss: 181.9233
Epoch [33/200] Step [0/33] Loss: 5.2211 Bio: 0.7443
Epoch [33/200] Total Loss: 179.6053
Epoch [34/200] Step [0/33] Loss: 5.5416 Bio: 0.6951
Epoch [34/200] Total Loss: 182.6469
Epoch [35/200] Step [0/33] Loss: 5.4903 Bio: 0.6392
Epoch [35/200] Total Loss: 181.2630
Epoch [36/200] Step [0/33] Loss: 5.3993 Bio: 0.5769
Epoch [36/200] Total Loss: 178.8893
Epoch [37/200] Step [0/33] Loss: 5.6890 Bio: 0.5760
Epoch [37/200] Total Loss: 178.9432
Epoch [38/200] Step [0/33] Loss: 5.5551 Bio: 0.5798
Epoch [38/200] Total Loss: 179.9479
Epoch [39/200] Step [0/33] Loss: 5.3851 Bio: 0.5880
Epoch [39/200] Total Loss: 180.3058
Epoch [40/200] Step [0/33] Loss: 5.2846 Bio: 0.5579
Epoch [40/200] Total Loss: 178.7016
Epoch [41/200] Step [0/33] Loss: 5.3537 Bio: 0.7496
Epoch [41/200] Total Loss: 178.2683
Epoch [42/200] Step [0/33] Loss: 5.4730 Bio: 0.5617
Epoch [42/200] Total Loss: 180.0419
Epoch [43/200] Step [0/33] Loss: 5.8157 Bio: 0.5630
Epoch [43/200] Total Loss: 180.0622
Epoch [44/200] Step [0/33] Loss: 5.3075 Bio: 0.5758
Epoch [44/200] Total Loss: 179.5437
Epoch [45/200] Step [0/33] Loss: 5.8870 Bio: 0.7343
Epoch [45/200] Total Loss: 178.6354
Epoch [46/200] Step [0/33] Loss: 5.4320 Bio: 0.6723
Epoch [46/200] Total Loss: 177.6556
Epoch [47/200] Step [0/33] Loss: 5.6552 Bio: 0.6090
Epoch [47/200] Total Loss: 178.1248
Epoch [48/200] Step [0/33] Loss: 5.1577 Bio: 0.6474
Epoch [48/200] Total Loss: 176.9608
Epoch [49/200] Step [0/33] Loss: 5.5256 Bio: 0.5543
Epoch [49/200] Total Loss: 180.4422
Epoch [50/200] Step [0/33] Loss: 5.8356 Bio: 0.6267
Epoch [50/200] Total Loss: 180.2177
Epoch [51/200] Step [0/33] Loss: 5.3981 Bio: 0.5938
Epoch [51/200] Total Loss: 176.3780
Epoch [52/200] Step [0/33] Loss: 5.1059 Bio: 0.5755
Epoch [52/200] Total Loss: 177.2767
Epoch [53/200] Step [0/33] Loss: 5.1195 Bio: 0.5443
Epoch [53/200] Total Loss: 177.5121
Epoch [54/200] Step [0/33] Loss: 5.1235 Bio: 0.5315
Epoch [54/200] Total Loss: 176.0341
Epoch [55/200] Step [0/33] Loss: 5.4762 Bio: 0.5062
Epoch [55/200] Total Loss: 178.2519
Epoch [56/200] Step [0/33] Loss: 5.7936 Bio: 0.7783
Epoch [56/200] Total Loss: 177.9526
Epoch [57/200] Step [0/33] Loss: 5.2778 Bio: 0.7350
Epoch [57/200] Total Loss: 177.0136
Epoch [58/200] Step [0/33] Loss: 5.4660 Bio: 0.8563
Epoch [58/200] Total Loss: 176.7785
Epoch [59/200] Step [0/33] Loss: 5.2592 Bio: 0.4732
Epoch [59/200] Total Loss: 177.8839
Epoch [60/200] Step [0/33] Loss: 5.1884 Bio: 0.7654
Epoch [60/200] Total Loss: 176.7133
Epoch [61/200] Step [0/33] Loss: 5.3668 Bio: 0.6582
Epoch [61/200] Total Loss: 178.1316
Epoch [62/200] Step [0/33] Loss: 5.4432 Bio: 0.6191
Epoch [62/200] Total Loss: 176.4870
Epoch [63/200] Step [0/33] Loss: 5.1174 Bio: 0.5317
Epoch [63/200] Total Loss: 176.1415
Epoch [64/200] Step [0/33] Loss: 6.0178 Bio: 0.6325
Epoch [64/200] Total Loss: 177.4580
Epoch [65/200] Step [0/33] Loss: 5.0332 Bio: 0.7208
Epoch [65/200] Total Loss: 175.9905
Epoch [66/200] Step [0/33] Loss: 5.6713 Bio: 0.5083
Epoch [66/200] Total Loss: 175.2757
Epoch [67/200] Step [0/33] Loss: 5.0160 Bio: 0.6371
Epoch [67/200] Total Loss: 176.8806
Epoch [68/200] Step [0/33] Loss: 5.5451 Bio: 0.6459
Epoch [68/200] Total Loss: 173.2709
Epoch [69/200] Step [0/33] Loss: 5.0316 Bio: 0.4789
Epoch [69/200] Total Loss: 175.5303
Epoch [70/200] Step [0/33] Loss: 5.7102 Bio: 0.6154
Epoch [70/200] Total Loss: 174.6439
Epoch [71/200] Step [0/33] Loss: 5.6109 Bio: 0.9990
Epoch [71/200] Total Loss: 175.1187
Epoch [72/200] Step [0/33] Loss: 5.3426 Bio: 0.5293
Epoch [72/200] Total Loss: 173.9642
Epoch [73/200] Step [0/33] Loss: 5.2700 Bio: 0.5763
Epoch [73/200] Total Loss: 174.2976
Epoch [74/200] Step [0/33] Loss: 5.1168 Bio: 0.6732
Epoch [74/200] Total Loss: 173.6001
Epoch [75/200] Step [0/33] Loss: 5.4811 Bio: 0.7145
Epoch [75/200] Total Loss: 174.7756
Epoch [76/200] Step [0/33] Loss: 5.1764 Bio: 0.6323
Epoch [76/200] Total Loss: 174.7452
Epoch [77/200] Step [0/33] Loss: 4.9967 Bio: 0.5620
Epoch [77/200] Total Loss: 174.1311
Epoch [78/200] Step [0/33] Loss: 5.1819 Bio: 0.5167
Epoch [78/200] Total Loss: 173.8570
Epoch [79/200] Step [0/33] Loss: 5.1997 Bio: 0.7172
Epoch [79/200] Total Loss: 172.7808
Epoch [80/200] Step [0/33] Loss: 5.3203 Bio: 0.5124
Epoch [80/200] Total Loss: 173.1607
Epoch [81/200] Step [0/33] Loss: 5.3034 Bio: 0.6409
Epoch [81/200] Total Loss: 173.6790
Epoch [82/200] Step [0/33] Loss: 5.0941 Bio: 0.6056
Epoch [82/200] Total Loss: 171.4300
Epoch [83/200] Step [0/33] Loss: 5.3196 Bio: 0.6077
Epoch [83/200] Total Loss: 172.4709
Epoch [84/200] Step [0/33] Loss: 5.3437 Bio: 0.5831
Epoch [84/200] Total Loss: 170.8295
Epoch [85/200] Step [0/33] Loss: 5.3401 Bio: 0.7386
Epoch [85/200] Total Loss: 173.3434
Epoch [86/200] Step [0/33] Loss: 5.3217 Bio: 0.5653
Epoch [86/200] Total Loss: 171.1833
Epoch [87/200] Step [0/33] Loss: 5.1332 Bio: 0.5273
Epoch [87/200] Total Loss: 173.1166
Epoch [88/200] Step [0/33] Loss: 5.0770 Bio: 0.5951
Epoch [88/200] Total Loss: 170.3521
Epoch [89/200] Step [0/33] Loss: 5.6708 Bio: 0.6532
Epoch [89/200] Total Loss: 169.7382
Epoch [90/200] Step [0/33] Loss: 5.0986 Bio: 0.6003
Epoch [90/200] Total Loss: 168.7830
Epoch [91/200] Step [0/33] Loss: 5.5224 Bio: 0.5522
Epoch [91/200] Total Loss: 169.7184
Epoch [92/200] Step [0/33] Loss: 5.5691 Bio: 0.8103
Epoch [92/200] Total Loss: 170.4778
Epoch [93/200] Step [0/33] Loss: 5.3703 Bio: 0.6025
Epoch [93/200] Total Loss: 170.8109
Epoch [94/200] Step [0/33] Loss: 5.0125 Bio: 0.9275
Epoch [94/200] Total Loss: 169.0885
Epoch [95/200] Step [0/33] Loss: 5.0359 Bio: 0.5972
Epoch [95/200] Total Loss: 170.8729
Epoch [96/200] Step [0/33] Loss: 5.2864 Bio: 0.6861
Epoch [96/200] Total Loss: 169.6829
Epoch [97/200] Step [0/33] Loss: 5.1513 Bio: 0.6787
Epoch [97/200] Total Loss: 169.6615
Epoch [98/200] Step [0/33] Loss: 5.1765 Bio: 0.7860
Epoch [98/200] Total Loss: 168.0211
Epoch [99/200] Step [0/33] Loss: 4.9965 Bio: 0.4707
Epoch [99/200] Total Loss: 168.4188
Epoch [100/200] Step [0/33] Loss: 5.3509 Bio: 0.5676
Epoch [100/200] Total Loss: 170.6028
Epoch [101/200] Step [0/33] Loss: 5.3715 Bio: 0.6115
Epoch [101/200] Total Loss: 169.4117
Epoch [102/200] Step [0/33] Loss: 5.3351 Bio: 0.4605
Epoch [102/200] Total Loss: 169.8250
Epoch [103/200] Step [0/33] Loss: 4.9262 Bio: 0.5006
Epoch [103/200] Total Loss: 168.1484
Epoch [104/200] Step [0/33] Loss: 5.0036 Bio: 0.7791
Epoch [104/200] Total Loss: 168.4294
Epoch [105/200] Step [0/33] Loss: 5.1978 Bio: 0.5745
Epoch [105/200] Total Loss: 169.3466
Epoch [106/200] Step [0/33] Loss: 4.8517 Bio: 0.6251
Epoch [106/200] Total Loss: 168.1644
Epoch [107/200] Step [0/33] Loss: 5.1027 Bio: 0.5767
Epoch [107/200] Total Loss: 170.2106
Epoch [108/200] Step [0/33] Loss: 5.1967 Bio: 0.5875
Epoch [108/200] Total Loss: 168.5223
Epoch [109/200] Step [0/33] Loss: 5.4431 Bio: 0.7468
Epoch [109/200] Total Loss: 169.7457
Epoch [110/200] Step [0/33] Loss: 5.1395 Bio: 0.5489
Epoch [110/200] Total Loss: 169.1995
Epoch [111/200] Step [0/33] Loss: 5.1791 Bio: 0.7782
Epoch [111/200] Total Loss: 168.0798
Epoch [112/200] Step [0/33] Loss: 5.3429 Bio: 0.8009
Epoch [112/200] Total Loss: 169.4093
Epoch [113/200] Step [0/33] Loss: 5.0750 Bio: 0.5860
Epoch [113/200] Total Loss: 168.6554
Epoch [114/200] Step [0/33] Loss: 5.3405 Bio: 0.7408
Epoch [114/200] Total Loss: 167.0297
Epoch [115/200] Step [0/33] Loss: 5.0900 Bio: 0.5224
Epoch [115/200] Total Loss: 169.1295
Epoch [116/200] Step [0/33] Loss: 5.0507 Bio: 0.6469
Epoch [116/200] Total Loss: 167.1605
Epoch [117/200] Step [0/33] Loss: 5.6649 Bio: 0.5297
Epoch [117/200] Total Loss: 166.9782
Epoch [118/200] Step [0/33] Loss: 4.9703 Bio: 0.5841
Epoch [118/200] Total Loss: 168.1174
Epoch [119/200] Step [0/33] Loss: 5.3923 Bio: 0.6339
Epoch [119/200] Total Loss: 166.0229
Epoch [120/200] Step [0/33] Loss: 4.7262 Bio: 0.5569
Epoch [120/200] Total Loss: 168.7149
Epoch [121/200] Step [0/33] Loss: 5.1311 Bio: 0.7390
Epoch [121/200] Total Loss: 168.2925
Epoch [122/200] Step [0/33] Loss: 5.5981 Bio: 0.5492
Epoch [122/200] Total Loss: 166.6346
Epoch [123/200] Step [0/33] Loss: 5.0111 Bio: 0.7039
Epoch [123/200] Total Loss: 167.9367
Epoch [124/200] Step [0/33] Loss: 5.2916 Bio: 0.5582
Epoch [124/200] Total Loss: 166.8733
Epoch [125/200] Step [0/33] Loss: 4.8128 Bio: 0.9267
Epoch [125/200] Total Loss: 166.7780
Epoch [126/200] Step [0/33] Loss: 5.0102 Bio: 0.6092
Epoch [126/200] Total Loss: 168.7048
Epoch [127/200] Step [0/33] Loss: 4.9460 Bio: 0.5505
Epoch [127/200] Total Loss: 168.7181
Epoch [128/200] Step [0/33] Loss: 5.3226 Bio: 0.6001
Epoch [128/200] Total Loss: 165.6719
Epoch [129/200] Step [0/33] Loss: 5.0409 Bio: 0.5297
Epoch [129/200] Total Loss: 167.2501
Epoch [130/200] Step [0/33] Loss: 5.2719 Bio: 0.4469
Epoch [130/200] Total Loss: 166.3701
Epoch [131/200] Step [0/33] Loss: 5.0597 Bio: 0.5440
Epoch [131/200] Total Loss: 167.7606
Epoch [132/200] Step [0/33] Loss: 5.2356 Bio: 0.4819
Epoch [132/200] Total Loss: 167.5147
Epoch [133/200] Step [0/33] Loss: 5.1811 Bio: 0.9030
Epoch [133/200] Total Loss: 167.2903
Epoch [134/200] Step [0/33] Loss: 5.1181 Bio: 0.5478
Epoch [134/200] Total Loss: 168.6842
Epoch [135/200] Step [0/33] Loss: 5.3404 Bio: 0.5611
Epoch [135/200] Total Loss: 167.9488
Epoch [136/200] Step [0/33] Loss: 5.3719 Bio: 0.4170
Epoch [136/200] Total Loss: 166.6740
Epoch [137/200] Step [0/33] Loss: 5.3700 Bio: 0.5868
Epoch [137/200] Total Loss: 165.9911
Epoch [138/200] Step [0/33] Loss: 5.0026 Bio: 0.6408
Epoch [138/200] Total Loss: 166.8102
Epoch [139/200] Step [0/33] Loss: 5.2538 Bio: 0.6268
Epoch [139/200] Total Loss: 167.1193
Epoch [140/200] Step [0/33] Loss: 5.2431 Bio: 0.7651
Epoch [140/200] Total Loss: 168.3963
Epoch [141/200] Step [0/33] Loss: 4.9481 Bio: 0.5751
Epoch [141/200] Total Loss: 163.8894
Epoch [142/200] Step [0/33] Loss: 5.1085 Bio: 0.5777
Epoch [142/200] Total Loss: 165.6788
Epoch [143/200] Step [0/33] Loss: 5.0925 Bio: 0.5761
Epoch [143/200] Total Loss: 167.7366
Epoch [144/200] Step [0/33] Loss: 5.0410 Bio: 0.5971
Epoch [144/200] Total Loss: 166.2480
Epoch [145/200] Step [0/33] Loss: 5.0711 Bio: 0.6540
Epoch [145/200] Total Loss: 166.3000
Epoch [146/200] Step [0/33] Loss: 5.1952 Bio: 0.5937
Epoch [146/200] Total Loss: 165.5490
Epoch [147/200] Step [0/33] Loss: 5.3094 Bio: 0.6438
Epoch [147/200] Total Loss: 166.8629
Epoch [148/200] Step [0/33] Loss: 4.9989 Bio: 0.4958
Epoch [148/200] Total Loss: 164.3582
Epoch [149/200] Step [0/33] Loss: 5.0278 Bio: 0.4863
Epoch [149/200] Total Loss: 166.7802
Epoch [150/200] Step [0/33] Loss: 5.1349 Bio: 0.6225
Epoch [150/200] Total Loss: 165.9172
Epoch [151/200] Step [0/33] Loss: 5.0111 Bio: 0.5667
Epoch [151/200] Total Loss: 165.5113
Epoch [152/200] Step [0/33] Loss: 4.8749 Bio: 0.5723
Epoch [152/200] Total Loss: 167.7966
Epoch [153/200] Step [0/33] Loss: 4.9899 Bio: 0.6137
Epoch [153/200] Total Loss: 166.1989
Epoch [154/200] Step [0/33] Loss: 5.1023 Bio: 0.5276
Epoch [154/200] Total Loss: 167.8917
Epoch [155/200] Step [0/33] Loss: 4.7187 Bio: 0.5008
Epoch [155/200] Total Loss: 163.5471
Epoch [156/200] Step [0/33] Loss: 4.8556 Bio: 0.6594
Epoch [156/200] Total Loss: 164.0653
Epoch [157/200] Step [0/33] Loss: 4.8817 Bio: 0.6066
Epoch [157/200] Total Loss: 165.6739
Epoch [158/200] Step [0/33] Loss: 4.9616 Bio: 0.5939
Epoch [158/200] Total Loss: 165.3286
Epoch [159/200] Step [0/33] Loss: 4.9241 Bio: 0.5761
Epoch [159/200] Total Loss: 165.6210
Epoch [160/200] Step [0/33] Loss: 4.9437 Bio: 0.6038
Epoch [160/200] Total Loss: 163.9078
Epoch [161/200] Step [0/33] Loss: 4.9418 Bio: 0.6676
Epoch [161/200] Total Loss: 166.8104
Epoch [162/200] Step [0/33] Loss: 4.6233 Bio: 0.6650
Epoch [162/200] Total Loss: 166.1271
Epoch [163/200] Step [0/33] Loss: 5.0740 Bio: 0.5361
Epoch [163/200] Total Loss: 165.0464
Epoch [164/200] Step [0/33] Loss: 5.0556 Bio: 0.5790
Epoch [164/200] Total Loss: 163.5695
Epoch [165/200] Step [0/33] Loss: 4.9175 Bio: 0.4943
Epoch [165/200] Total Loss: 166.4692
Epoch [166/200] Step [0/33] Loss: 4.7441 Bio: 0.6196
Epoch [166/200] Total Loss: 165.0684
Epoch [167/200] Step [0/33] Loss: 5.0472 Bio: 0.5373
Epoch [167/200] Total Loss: 165.1795
Epoch [168/200] Step [0/33] Loss: 5.0786 Bio: 0.5672
Epoch [168/200] Total Loss: 165.2543
Epoch [169/200] Step [0/33] Loss: 4.8822 Bio: 0.6325
Epoch [169/200] Total Loss: 165.7701
Epoch [170/200] Step [0/33] Loss: 5.1332 Bio: 0.5470
Epoch [170/200] Total Loss: 165.8094
Epoch [171/200] Step [0/33] Loss: 5.2516 Bio: 0.4778
Epoch [171/200] Total Loss: 166.6718
Epoch [172/200] Step [0/33] Loss: 4.9164 Bio: 0.5628
Epoch [172/200] Total Loss: 166.1123
Epoch [173/200] Step [0/33] Loss: 5.0379 Bio: 0.6792
Epoch [173/200] Total Loss: 165.5675
Epoch [174/200] Step [0/33] Loss: 5.1899 Bio: 0.9408
Epoch [174/200] Total Loss: 165.0853
Epoch [175/200] Step [0/33] Loss: 4.9012 Bio: 0.5241
Epoch [175/200] Total Loss: 165.9546
Epoch [176/200] Step [0/33] Loss: 4.9681 Bio: 0.6595
Epoch [176/200] Total Loss: 164.5360
Epoch [177/200] Step [0/33] Loss: 4.6295 Bio: 0.4832
Epoch [177/200] Total Loss: 163.8819
Epoch [178/200] Step [0/33] Loss: 5.0423 Bio: 0.6186
Epoch [178/200] Total Loss: 164.3785
Epoch [179/200] Step [0/33] Loss: 4.9273 Bio: 0.5529
Epoch [179/200] Total Loss: 164.7750
Epoch [180/200] Step [0/33] Loss: 5.0848 Bio: 0.5529
Epoch [180/200] Total Loss: 163.4866
Epoch [181/200] Step [0/33] Loss: 5.1858 Bio: 0.5794
Epoch [181/200] Total Loss: 166.6004
Epoch [182/200] Step [0/33] Loss: 4.9326 Bio: 0.5464
Epoch [182/200] Total Loss: 164.4071
Epoch [183/200] Step [0/33] Loss: 4.8994 Bio: 0.5665
Epoch [183/200] Total Loss: 164.7221
Epoch [184/200] Step [0/33] Loss: 4.9254 Bio: 0.5981
Epoch [184/200] Total Loss: 163.7693
Epoch [185/200] Step [0/33] Loss: 4.9378 Bio: 0.6668
Epoch [185/200] Total Loss: 165.1189
Epoch [186/200] Step [0/33] Loss: 4.9267 Bio: 0.4790
Epoch [186/200] Total Loss: 163.9262
Epoch [187/200] Step [0/33] Loss: 4.9033 Bio: 0.5305
Epoch [187/200] Total Loss: 163.9025
Epoch [188/200] Step [0/33] Loss: 4.7292 Bio: 0.6215
Epoch [188/200] Total Loss: 164.4792
Epoch [189/200] Step [0/33] Loss: 5.0021 Bio: 0.5851
Epoch [189/200] Total Loss: 163.1193
Epoch [190/200] Step [0/33] Loss: 5.0441 Bio: 0.5111
Epoch [190/200] Total Loss: 164.4875
Epoch [191/200] Step [0/33] Loss: 5.3693 Bio: 0.5176
Epoch [191/200] Total Loss: 163.6464
Epoch [192/200] Step [0/33] Loss: 5.1900 Bio: 0.6202
Epoch [192/200] Total Loss: 166.1298
Epoch [193/200] Step [0/33] Loss: 4.5952 Bio: 0.6142
Epoch [193/200] Total Loss: 163.6445
Epoch [194/200] Step [0/33] Loss: 5.0584 Bio: 0.6116
Epoch [194/200] Total Loss: 164.4139
Epoch [195/200] Step [0/33] Loss: 5.1655 Bio: 0.5492
Epoch [195/200] Total Loss: 165.7370
Epoch [196/200] Step [0/33] Loss: 5.1789 Bio: 0.6403
Epoch [196/200] Total Loss: 164.9737
Epoch [197/200] Step [0/33] Loss: 5.0673 Bio: 0.6006
Epoch [197/200] Total Loss: 163.4504
Epoch [198/200] Step [0/33] Loss: 4.8745 Bio: 0.5973
Epoch [198/200] Total Loss: 166.2793
Epoch [199/200] Step [0/33] Loss: 4.8772 Bio: 0.7972
Epoch [199/200] Total Loss: 164.7234
Scenario 2 training complete.
Training completed at: Mon Feb 23 17:05:56 EST 2026
============================================================
CLUSTERING EVALUATION
============================================================
✅ Loaded ground truth from ground_truth_BRCA.csv
   Total patients with labels: 803

📂 Loading model from save/model_bioanchor_scenario2/checkpoint_200.tar...
✅ Model loaded successfully

📊 Loading data for BRCA...
[dataloader] No bio_anchor_file specified — loading omics only
✅ Data loaded successfully

🔮 Getting predictions...
✅ Predictions obtained: 1031 samples

🔍 Filtering to patients with ground truth...
   Patients with both predictions and ground truth: 803
   Final evaluation size: 803 patients

📈 Computing metrics...

============================================================
RESULTS
============================================================
ARI                 : 0.3311
NMI                 : 0.4668
V-measure           : 0.4668
============================================================

📊 Creating visualizations...
Saved confusion matrix to results/BRCA_confusion_matrix.png
Saved distribution plot to results/BRCA_cluster_distribution.png
Computing t-SNE (this may take a minute)...
Saved t-SNE plot to results/BRCA_tsne.png

💾 Saved results to results/BRCA_evaluation.csv

✅ Evaluation complete!
=== Scenario 2 Complete ===
Job finished at: Mon Feb 23 17:06:14 EST 2026
